Component: Arm Compiler for Embedded 6.19 Tool: armlink [5e73cb00]

==============================================================================

Section Cross References

    startup_stm32f446xx.o(RESET) refers to startup_stm32f446xx.o(STACK) for __initial_sp
    startup_stm32f446xx.o(RESET) refers to startup_stm32f446xx.o(.text) for Reset_Handler
    startup_stm32f446xx.o(RESET) refers to stm32f4xx_it.o(.text.NMI_Handler) for NMI_Handler
    startup_stm32f446xx.o(RESET) refers to stm32f4xx_it.o(.text.HardFault_Handler) for HardFault_Handler
    startup_stm32f446xx.o(RESET) refers to stm32f4xx_it.o(.text.MemManage_Handler) for MemManage_Handler
    startup_stm32f446xx.o(RESET) refers to stm32f4xx_it.o(.text.BusFault_Handler) for BusFault_Handler
    startup_stm32f446xx.o(RESET) refers to stm32f4xx_it.o(.text.UsageFault_Handler) for UsageFault_Handler
    startup_stm32f446xx.o(RESET) refers to port.o(.text.SVC_Handler) for SVC_Handler
    startup_stm32f446xx.o(RESET) refers to stm32f4xx_it.o(.text.DebugMon_Handler) for DebugMon_Handler
    startup_stm32f446xx.o(RESET) refers to port.o(.text.PendSV_Handler) for PendSV_Handler
    startup_stm32f446xx.o(RESET) refers to port.o(.text.SysTick_Handler) for SysTick_Handler
    startup_stm32f446xx.o(RESET) refers to stm32f4xx_it.o(.text.CAN1_RX0_IRQHandler) for CAN1_RX0_IRQHandler
    startup_stm32f446xx.o(RESET) refers to stm32f4xx_it.o(.text.TIM1_UP_TIM10_IRQHandler) for TIM1_UP_TIM10_IRQHandler
    startup_stm32f446xx.o(RESET) refers to stm32f4xx_it.o(.text.USART1_IRQHandler) for USART1_IRQHandler
    startup_stm32f446xx.o(RESET) refers to stm32f4xx_it.o(.text.TIM5_IRQHandler) for TIM5_IRQHandler
    startup_stm32f446xx.o(RESET) refers to stm32f4xx_it.o(.text.UART4_IRQHandler) for UART4_IRQHandler
    startup_stm32f446xx.o(RESET) refers to stm32f4xx_it.o(.text.DMA2_Stream1_IRQHandler) for DMA2_Stream1_IRQHandler
    startup_stm32f446xx.o(RESET) refers to stm32f4xx_it.o(.text.DMA2_Stream2_IRQHandler) for DMA2_Stream2_IRQHandler
    startup_stm32f446xx.o(RESET) refers to stm32f4xx_it.o(.text.CAN2_TX_IRQHandler) for CAN2_TX_IRQHandler
    startup_stm32f446xx.o(RESET) refers to stm32f4xx_it.o(.text.CAN2_RX0_IRQHandler) for CAN2_RX0_IRQHandler
    startup_stm32f446xx.o(RESET) refers to stm32f4xx_it.o(.text.DMA2_Stream6_IRQHandler) for DMA2_Stream6_IRQHandler
    startup_stm32f446xx.o(RESET) refers to stm32f4xx_it.o(.text.DMA2_Stream7_IRQHandler) for DMA2_Stream7_IRQHandler
    startup_stm32f446xx.o(RESET) refers to stm32f4xx_it.o(.text.USART6_IRQHandler) for USART6_IRQHandler
    startup_stm32f446xx.o(.text) refers to system_stm32f4xx.o(.text.SystemInit) for SystemInit
    startup_stm32f446xx.o(.text) refers to entry.o(.ARM.Collect$$$$00000000) for __main
    main.o(.text.User_Init) refers to main.o(.text.A1_Init_Left) for A1_Init_Left
    main.o(.text.User_Init) refers to main.o(.text.A1_Init_Right) for A1_Init_Right
    main.o(.text.User_Init) refers to monitor_task.o(.bss.Robot_Status) for Robot_Status
    main.o(.text.User_Init) refers to balance_task.o(.bss.Balance_Yaw_Position_pid) for Balance_Yaw_Position_pid
    main.o(.text.User_Init) refers to pid.o(.text.PID_Init) for PID_Init
    main.o(.text.User_Init) refers to balance_task.o(.bss.Leg_theta_Harmonize_pid) for Leg_theta_Harmonize_pid
    main.o(.text.User_Init) refers to balance_task.o(.bss.Leg_ROLL_Compensate_pid) for Leg_ROLL_Compensate_pid
    main.o(.text.User_Init) refers to balance_task.o(.bss.L0_pid) for L0_pid
    main.o(.text.User_Init) refers to imu_task.o(.bss.TempCtrl_pid) for TempCtrl_pid
    main.o(.ARM.exidx.text.User_Init) refers to main.o(.text.User_Init) for [Anonymous Symbol]
    main.o(.text.A1_Init_Left) refers to rs485.o(.bss.A1_Transmit_Data_Left) for A1_Transmit_Data_Left
    main.o(.ARM.exidx.text.A1_Init_Left) refers to main.o(.text.A1_Init_Left) for [Anonymous Symbol]
    main.o(.text.A1_Init_Right) refers to rs485.o(.bss.A1_Transmit_Data_Right) for A1_Transmit_Data_Right
    main.o(.ARM.exidx.text.A1_Init_Right) refers to main.o(.text.A1_Init_Right) for [Anonymous Symbol]
    main.o(.text.main) refers to stm32f4xx_hal.o(.text.HAL_Init) for HAL_Init
    main.o(.text.main) refers to main.o(.text.SystemClock_Config) for SystemClock_Config
    main.o(.text.main) refers to gpio.o(.text.MX_GPIO_Init) for MX_GPIO_Init
    main.o(.text.main) refers to dma.o(.text.MX_DMA_Init) for MX_DMA_Init
    main.o(.text.main) refers to spi.o(.text.MX_SPI2_Init) for MX_SPI2_Init
    main.o(.text.main) refers to tim.o(.text.MX_TIM3_Init) for MX_TIM3_Init
    main.o(.text.main) refers to can.o(.text.MX_CAN1_Init) for MX_CAN1_Init
    main.o(.text.main) refers to usart.o(.text.MX_USART1_UART_Init) for MX_USART1_UART_Init
    main.o(.text.main) refers to can.o(.text.MX_CAN2_Init) for MX_CAN2_Init
    main.o(.text.main) refers to usart.o(.text.MX_UART4_Init) for MX_UART4_Init
    main.o(.text.main) refers to usart.o(.text.MX_USART6_UART_Init) for MX_USART6_UART_Init
[...]
    atan                                     0x0801166d   Thumb Code    16  atan.o(i.atan)
    fabs                                     0x0801167d   Thumb Code    24  fabs.o(i.fabs)
    malloc                                   0x08011695   Thumb Code    92  malloc.o(i.malloc)
    sqrt                                     0x08011701   Thumb Code   110  sqrt.o(i.sqrt)
    sqrtf                                    0x0801176f   Thumb Code    62  sqrtf.o(i.sqrtf)
    sinTable_f32                             0x080117ac   Data        2052  arm_common_tables.o(.constdata)
    __mathlib_zero                           0x08012210   Data           8  qnan.o(.constdata)
    AHBPrescTable                            0x080122dc   Data          16  system_stm32f4xx.o(.rodata.AHBPrescTable)
    APBPrescTable                            0x080122ec   Data           8  system_stm32f4xx.o(.rodata.APBPrescTable)
    IMU_QuaternionEKF_F                      0x080122fc   Data         144  quaternionekf.o(.rodata.IMU_QuaternionEKF_F)
    xb                                       0x080123ec   Data          12  imu_task.o(.rodata.xb)
    yb                                       0x080123f8   Data          12  imu_task.o(.rodata.yb)
    zb                                       0x08012404   Data          12  imu_task.o(.rodata.zb)
    Region$$Table$$Base                      0x08012410   Number         0  anon$$obj.o(Region$$Table)
    Region$$Table$$Limit                     0x08012430   Number         0  anon$$obj.o(Region$$Table)
    __microlib_freelist                      0x20000000   Data           4  mvars.o(.data)
    __microlib_freelist_initialised          0x20000004   Data           4  mvars.o(.data)
    BMI088_ACCEL_SEN                         0x2000000c   Data           4  bmi088driver.o(.data.BMI088_ACCEL_SEN)
    BMI088_GYRO_SEN                          0x20000010   Data           4  bmi088driver.o(.data.BMI088_GYRO_SEN)
    IMU_QuaternionEKF_P                      0x20000018   Data         144  quaternionekf.o(.data.IMU_QuaternionEKF_P)
    Jump_F                                   0x200000a8   Data           8  balance_task.o(.data.Jump_F)
    LK9025_Tx_Count                          0x200000b0   Data           1  can_bus.o(.data.LK9025_Tx_Count)
    RefTemp                                  0x200000b4   Data           4  imu_task.o(.data.RefTemp)
    Support_F                                0x200000b8   Data           8  a1_task.o(.data.Support_F)
    SystemCoreClock                          0x200000c0   Data           4  system_stm32f4xx.o(.data.SystemCoreClock)
    Theta_Klpf                               0x200000c4   Data           4  balance_task.o(.data.Theta_Klpf)
    Tx_buf                                   0x200000c8   Data          28  communicate_task.o(.data.Tx_buf)
    a11                                      0x200000e4   Data          16  balance_task.o(.data.a11)
    a12                                      0x200000f4   Data          16  balance_task.o(.data.a12)
    a13                                      0x20000104   Data          16  balance_task.o(.data.a13)
    a14                                      0x20000114   Data          16  balance_task.o(.data.a14)
    a15                                      0x20000124   Data          16  balance_task.o(.data.a15)
    a16                                      0x20000134   Data          16  balance_task.o(.data.a16)
    a21                                      0x20000144   Data          16  balance_task.o(.data.a21)
    a22                                      0x20000154   Data          16  balance_task.o(.data.a22)
    a23                                      0x20000164   Data          16  balance_task.o(.data.a23)
    a24                                      0x20000174   Data          16  balance_task.o(.data.a24)
    a25                                      0x20000184   Data          16  balance_task.o(.data.a25)
    a26                                      0x20000194   Data          16  balance_task.o(.data.a26)
    caliOffset                               0x200001a4   Data           1  bmi088driver.o(.data.caliOffset)
    q0                                       0x200001a8   Data           4  imu_task.o(.data.q0)
    q1                                       0x200001ac   Data           4  imu_task.o(.data.q1)
    twoKi                                    0x200001b0   Data           4  imu_task.o(.data.twoKi)
    twoKp                                    0x200001b4   Data           4  imu_task.o(.data.twoKp)
    uwTickFreq                               0x200001b8   Data           1  stm32f4xx_hal.o(.data.uwTickFreq)
    uwTickPrio                               0x200001bc   Data           4  stm32f4xx_hal.o(.data.uwTickPrio)
    A1Task_dt                                0x200001e8   Data           4  a1_task.o(.bss.A1Task_dt)
    A1_Control                               0x200001ec   Data         272  a1_task.o(.bss.A1_Control)
    A1_Motor                                 0x200002fc   Data         208  a1_task.o(.bss.A1_Motor)
    A1_Receive_Data_Left                     0x200003cc   Data          78  rs485.o(.bss.A1_Receive_Data_Left)
    A1_Receive_Data_Right                    0x2000041a   Data          78  rs485.o(.bss.A1_Receive_Data_Right)
    A1_Transmit_Data_Left                    0x20000468   Data          34  rs485.o(.bss.A1_Transmit_Data_Left)
    A1_Transmit_Data_Right                   0x2000048a   Data          34  rs485.o(.bss.A1_Transmit_Data_Right)
    A1_Tx_Task_Handle                        0x200004ac   Data           4  freertos.o(.bss.A1_Tx_Task_Handle)
    A_inverse_Left                           0x200004b4   Data           8  a1_task.o(.bss.A_inverse_Left)
    A_inverse_Right                          0x200004bc   Data           8  a1_task.o(.bss.A_inverse_Right)
    A_sorce_Left                             0x200004c4   Data           8  a1_task.o(.bss.A_sorce_Left)
    A_sorce_Right                            0x200004cc   Data           8  a1_task.o(.bss.A_sorce_Right)
    BMI088                                   0x200004d4   Data          52  bmi088driver.o(.bss.BMI088)
    BMI088_SPI                               0x20000514   Data           4  bmi088middleware.o(.bss.BMI088_SPI)
    BalanceTask_dt                           0x20000518   Data           4  balance_task.o(.bss.BalanceTask_dt)
    Balance_Yaw_Position_pid                 0x2000051c   Data          68  balance_task.o(.bss.Balance_Yaw_Position_pid)
    Balance_Yaw_Speed_pid                    0x20000560   Data          68  balance_task.o(.bss.Balance_Yaw_Speed_pid)
    CYCCNT64                                 0x200005b0   Data           8  dwt_timer.o(.bss.CYCCNT64)
    ChassisTaskHandle                        0x200005c4   Data           4  freertos.o(.bss.ChassisTaskHandle)
    Command                                  0x200005c8   Data          36  communicate_task.o(.bss.Command)
    CommunicateTaskHandle                    0x200005ec   Data           4  freertos.o(.bss.CommunicateTaskHandle)
    Data_Buf                                 0x20000608   Data           8  can_bus.o(.bss.Data_Buf)
    GM6020_YAW                               0x20000610   Data          36  balance_task.o(.bss.GM6020_YAW)
    IMU_Param                                0x20000638   Data          28  imu_task.o(.bss.IMU_Param)
    IMU_QuaternionEKF_H                      0x20000668   Data          72  quaternionekf.o(.bss.IMU_QuaternionEKF_H)
    IMU_QuaternionEKF_K                      0x200006b0   Data          72  quaternionekf.o(.bss.IMU_QuaternionEKF_K)
    INS_DWT_Count                            0x20000718   Data           4  imu_task.o(.bss.INS_DWT_Count)
    ImuTaskHandle                            0x2000071c   Data           4  freertos.o(.bss.ImuTaskHandle)
    InsTask_dt                               0x20000720   Data           4  imu_task.o(.bss.InsTask_dt)
    Ins_Data                                 0x20000724   Data         164  imu_task.o(.bss.Ins_Data)
    L0_pid                                   0x200007e0   Data         136  balance_task.o(.bss.L0_pid)
    LK9025_Motor                             0x20000868   Data          64  balance_task.o(.bss.LK9025_Motor)
    LK9025_Tx_Task_Handle                    0x200008a8   Data           4  freertos.o(.bss.LK9025_Tx_Task_Handle)
    Leg                                      0x200008ac   Data         400  balance_task.o(.bss.Leg)
    Leg_ROLL_Compensate_pid                  0x20000a3c   Data         136  balance_task.o(.bss.Leg_ROLL_Compensate_pid)
    Leg_theta_Harmonize_pid                  0x20000ac4   Data         136  balance_task.o(.bss.Leg_theta_Harmonize_pid)
    MonitorTaskHandle                        0x20000b4c   Data           4  freertos.o(.bss.MonitorTaskHandle)
    P_data_observe                           0x20000b54   Data         144  quaternionekf.o(.bss.P_data_observe)
    QEKF_INS                                 0x20000be8   Data         480  quaternionekf.o(.bss.QEKF_INS)
    Robot_Status                             0x20000dc8   Data          12  monitor_task.o(.bss.Robot_Status)
    RxMessage                                0x20000dd4   Data          56  can_bus.o(.bss.RxMessage)
    State_Variables                          0x20000e0c   Data          92  balance_task.o(.bss.State_Variables)
    Status_Counter                           0x20000e68   Data           4  monitor_task.o(.bss.Status_Counter)
    SysTime                                  0x20000e6c   Data           8  dwt_timer.o(.bss.SysTime)
    TempCtrl_pid                             0x20000e74   Data          68  imu_task.o(.bss.TempCtrl_pid)
    caliCount                                0x20000ed4   Data           2  bmi088driver.o(.bss.caliCount)
    can_id                                   0x20000ed6   Data          12  can_bus.o(.bss.can_id)
    defaultTaskHandle                        0x20000ee4   Data           4  freertos.o(.bss.defaultTaskHandle)
    fai_offset                               0x20000eec   Data           4  balance_task.o(.bss.fai_offset)
    gNormDiff                                0x20000ef8   Data           4  bmi088driver.o(.bss.gNormDiff)
    gravity_b                                0x20000efc   Data          12  imu_task.o(.bss.gravity_b)
    gyroDiff                                 0x20000f08   Data          12  bmi088driver.o(.bss.gyroDiff)
    hcan1                                    0x20000f2c   Data          40  can.o(.bss.hcan1)
    hcan2                                    0x20000f54   Data          40  can.o(.bss.hcan2)
    hdma_usart1_rx                           0x20000f7c   Data          96  usart.o(.bss.hdma_usart1_rx)
    hdma_usart1_tx                           0x20000fdc   Data          96  usart.o(.bss.hdma_usart1_tx)
    hdma_usart6_rx                           0x2000103c   Data          96  usart.o(.bss.hdma_usart6_rx)
    hdma_usart6_tx                           0x2000109c   Data          96  usart.o(.bss.hdma_usart6_tx)
    hspi2                                    0x200010fc   Data          88  spi.o(.bss.hspi2)
    htim1                                    0x20001154   Data          72  stm32f4xx_hal_timebase_tim.o(.bss.htim1)
    htim3                                    0x2000119c   Data          72  tim.o(.bss.htim3)
    htim5                                    0x200011e4   Data          72  tim.o(.bss.htim5)
    huart1                                   0x2000122c   Data          72  usart.o(.bss.huart1)
    huart4                                   0x20001274   Data          72  usart.o(.bss.huart4)
    huart6                                   0x200012bc   Data          72  usart.o(.bss.huart6)
    integralFBx                              0x20001304   Data           4  imu_task.o(.bss.integralFBx)
    integralFBy                              0x20001308   Data           4  imu_task.o(.bss.integralFBy)
    integralFBz                              0x2000130c   Data           4  imu_task.o(.bss.integralFBz)
    k                                        0x20001310   Data           4  balance_task.o(.bss.k)
    macc_x                                   0x20001314   Data           4  balance_task.o(.bss.macc_x)
    macc_z                                   0x20001318   Data           4  balance_task.o(.bss.macc_z)
    pitch_ddwrNwwr                           0x20001324   Data           4  balance_task.o(.bss.pitch_ddwrNwwr)
    pxCurrentTCB                             0x20001328   Data           4  tasks.o(.bss.pxCurrentTCB)
    q2                                       0x200013c4   Data           4  imu_task.o(.bss.q2)
    q3                                       0x200013c8   Data           4  imu_task.o(.bss.q3)
    sizeof_double                            0x200013ce   Data           2  kalman_filter.o(.bss.sizeof_double)
    sizeof_float                             0x200013d0   Data           2  kalman_filter.o(.bss.sizeof_float)
    temp                                     0x200013d4   Data          24  communicate_task.o(.bss.temp)
    theta_offset                             0x200013ec   Data           4  balance_task.o(.bss.theta_offset)
    twoKd                                    0x200013f4   Data           4  imu_task.o(.bss.twoKd)
    u                                        0x200013f8   Data           4  balance_task.o(.bss.u)
    uwTick                                   0x20005004   Data           4  stm32f4xx_hal.o(.bss.uwTick)
    vel_cov                                  0x2000501c   Data           4  balance_task.o(.bss.vel_cov)
    vel_measure                              0x20005020   Data           4  balance_task.o(.bss.vel_measure)
    vel_prior                                0x20005024   Data           4  balance_task.o(.bss.vel_prior)
    yaw_ddwrNwwr                             0x2000531c   Data           4  balance_task.o(.bss.yaw_ddwrNwwr)
    yaw_p_ddwrNwwr                           0x20005320   Data           4  balance_task.o(.bss.yaw_p_ddwrNwwr)
    __heap_base                              0x20005328   Data           0  startup_stm32f446xx.o(HEAP)
    __heap_limit                             0x20005528   Data           0  startup_stm32f446xx.o(HEAP)
    __initial_sp                             0x20005928   Data           0  startup_stm32f446xx.o(STACK)



==============================================================================

Memory Map of the image

  Image Entry point : 0x080001c5

  Load Region LR_IROM1 (Base: 0x08000000, Size: 0x00012618, Max: 0x00040000, ABSOLUTE, COMPRESSED[0x00012568])

    Execution Region ER_IROM1 (Exec base: 0x08000000, Load base: 0x08000000, Size: 0x00012430, Max: 0x00040000, ABSOLUTE)

    Exec Addr    Load Addr    Size         Type   Attr      Idx    E Section Name        Object

    0x08000000   0x08000000   0x000001c4   Data   RO            3    RESET               startup_stm32f446xx.o
    0x080001c4   0x080001c4   0x00000000   Code   RO         2620  * .ARM.Collect$$$$00000000  mc_w.l(entry.o)
    0x080001c4   0x080001c4   0x00000004   Code   RO         2721    .ARM.Collect$$$$00000001  mc_w.l(entry2.o)
    0x080001c8   0x080001c8   0x00000004   Code   RO         2724    .ARM.Collect$$$$00000004  mc_w.l(entry5.o)
    0x080001cc   0x080001cc   0x00000000   Code   RO         2726    .ARM.Collect$$$$00000008  mc_w.l(entry7b.o)
    0x080001cc   0x080001cc   0x00000000   Code   RO         2728    .ARM.Collect$$$$0000000A  mc_w.l(entry8b.o)
    0x080001cc   0x080001cc   0x00000008   Code   RO         2729    .ARM.Collect$$$$0000000B  mc_w.l(entry9a.o)
    0x080001d4   0x080001d4   0x00000000   Code   RO         2731    .ARM.Collect$$$$0000000D  mc_w.l(entry10a.o)
    0x080001d4   0x080001d4   0x00000000   Code   RO         2733    .ARM.Collect$$$$0000000F  mc_w.l(entry11a.o)
    0x080001d4   0x080001d4   0x00000004   Code   RO         2722    .ARM.Collect$$$$00002712  mc_w.l(entry2.o)
    0x080001d8   0x080001d8   0x00000024   Code   RO            4    .text               startup_stm32f446xx.o
    0x080001fc   0x080001fc   0x00000062   Code   RO         2623    .text               mc_w.l(uldiv.o)
    0x0800025e   0x0800025e   0x00000024   Code   RO         2625    .text               mc_w.l(memcpya.o)
    0x08000282   0x08000282   0x00000024   Code   RO         2627    .text               mc_w.l(memseta.o)
    0x080002a6   0x080002a6   0x0000014e   Code   RO         2659    .text               mf_w.l(dadd.o)
    0x080003f4   0x080003f4   0x000000e4   Code   RO         2661    .text               mf_w.l(dmul.o)
    0x080004d8   0x080004d8   0x000000de   Code   RO         2663    .text               mf_w.l(ddiv.o)
    0x080005b6   0x080005b6   0x00000036   Code   RO         2665    .text               mf_w.l(dcmpgt.o)
    0x080005ec   0x080005ec   0x00000026   Code   RO         2669    .text               mf_w.l(f2d.o)
    0x08000612   0x08000612   0x00000038   Code   RO         2671    .text               mf_w.l(d2f.o)
    0x0800064a   0x0800064a   0x0000001e   Code   RO         2735    .text               mc_w.l(llshl.o)
    0x08000668   0x08000668   0x00000020   Code   RO         2737    .text               mc_w.l(llushr.o)
    0x08000688   0x08000688   0x00000024   Code   RO         2739    .text               mc_w.l(llsshr.o)
    0x080006ac   0x080006ac   0x00000000   Code   RO         2750    .text               mc_w.l(iusefp.o)
    0x080006ac   0x080006ac   0x0000006e   Code   RO         2751    .text               mf_w.l(fepilogue.o)
    0x0800071a   0x0800071a   0x000000ba   Code   RO         2753    .text               mf_w.l(depilogue.o)
    0x080007d4   0x080007d4   0x0000002e   Code   RO         2757    .text               mf_w.l(dscalb.o)
    0x08000802   0x08000802   0x000000a2   Code   RO         2759    .text               mf_w.l(dsqrt.o)
    0x080008a4   0x080008a4   0x00000022   Code   RO         2761    .text               mf_w.l(dflti.o)
    0x080008c6   0x080008c6   0x00000002   PAD
    0x080008c8   0x080008c8   0x00000030   Code   RO         2763    .text               mf_w.l(cdcmple.o)
    0x080008f8   0x080008f8   0x00000030   Code   RO         2765    .text               mf_w.l(cdrcmple.o)
    0x08000928   0x08000928   0x00000004   Code   RO         2767    .text               mf_w.l(fpstat.o)
    0x0800092c   0x0800092c   0x00000024   Code   RO         2769    .text               mc_w.l(init.o)
    0x08000950   0x08000950   0x00000056   Code   RO         2779    .text               mc_w.l(__dczerorl2.o)
    0x080009a6   0x080009a6   0x00000002   PAD
    0x080009a8   0x080009a8   0x00000218   Code   RO         2445    .text.A1_Data_Rx_Left  a1_driver.o
    0x08000bc0   0x08000bc0   0x000001d0   Code   RO         2447    .text.A1_Data_Rx_Right  a1_driver.o
    0x08000d90   0x08000d90   0x0000005e   Code   RO           13    .text.A1_Init_Left  main.o
    0x08000dee   0x08000dee   0x00000002   PAD
    0x08000df0   0x08000df0   0x0000005e   Code   RO           15    .text.A1_Init_Right  main.o
    0x08000e4e   0x08000e4e   0x00000002   PAD
    0x08000e50   0x08000e50   0x000000e8   Code   RO         2449    .text.A1_Modify_Data  a1_driver.o
    0x08000f38   0x08000f38   0x000000da   Code   RO         2451    .text.A1_Transmit_Data_Deal_Left  a1_driver.o
    0x08001012   0x08001012   0x00000002   PAD
    0x08001014   0x08001014   0x000000da   Code   RO         2453    .text.A1_Transmit_Data_Deal_Right  a1_driver.o
    0x080010ee   0x080010ee   0x00000002   PAD
    0x080010f0   0x080010f0   0x000003dc   Code   RO         2028    .text.A1_Tx_Task    a1_task.o
    0x080014cc   0x080014cc   0x00000014   Code   RO         2102    .text.BMI088_ACCEL_NS_H  bmi088middleware.o
    0x080014e0   0x080014e0   0x00000014   Code   RO         2100    .text.BMI088_ACCEL_NS_L  bmi088middleware.o
    0x080014f4   0x080014f4   0x00000014   Code   RO         2106    .text.BMI088_GYRO_NS_H  bmi088middleware.o
    0x08001508   0x08001508   0x00000014   Code   RO         2104    .text.BMI088_GYRO_NS_L  bmi088middleware.o
    0x0800151c   0x0800151c   0x00000298   Code   RO         2072    .text.BMI088_Read   bmi088driver.o
    0x080017b4   0x080017b4   0x000000b4   Code   RO         2060    .text.BMI088_init   bmi088driver.o
    0x08001868   0x08001868   0x00000044   Code   RO         2074    .text.BMI088_read_muli_reg  bmi088driver.o
    0x080018ac   0x080018ac   0x00000024   Code   RO         2070    .text.BMI088_read_single_reg  bmi088driver.o
    0x080018d0   0x080018d0   0x00000030   Code   RO         2108    .text.BMI088_read_write_byte  bmi088middleware.o
    0x08001900   0x08001900   0x00000020   Code   RO         2068    .text.BMI088_write_single_reg  bmi088driver.o
    0x08001920   0x08001920   0x0000018c   Code   RO         1941    .text.Balance_Task  balance_task.o
    0x08001aac   0x08001aac   0x00000142   Code   RO         1868    .text.BodyFrameToEarthFrame  imu_task.o
    0x08001bee   0x08001bee   0x00000002   PAD
    0x08001bf0   0x08001bf0   0x00000004   Code   RO          161    .text.BusFault_Handler  stm32f4xx_it.o
    0x08001bf4   0x08001bf4   0x00000042   Code   RO         2138    .text.CAN1_Filter_Init  can_bus.o
    0x08001c36   0x08001c36   0x00000002   PAD
    0x08001c38   0x08001c38   0x00000010   Code   RO          167    .text.CAN1_RX0_IRQHandler  stm32f4xx_it.o
    0x08001c48   0x08001c48   0x000000a2   Code   RO         2132    .text.CAN1_Receive  can_bus.o
    0x08001cea   0x08001cea   0x00000002   PAD
    0x08001cec   0x08001cec   0x00000048   Code   RO         2140    .text.CAN2_Filter_Init  can_bus.o
    0x08001d34   0x08001d34   0x00000010   Code   RO          183    .text.CAN2_RX0_IRQHandler  stm32f4xx_it.o
    0x08001d44   0x08001d44   0x00000010   Code   RO          181    .text.CAN2_TX_IRQHandler  stm32f4xx_it.o
    0x08001d54   0x08001d54   0x0000003e   Code   RO         2136    .text.CAN_Start     can_bus.o
    0x08001d92   0x08001d92   0x00000002   PAD
    0x08001d94   0x08001d94   0x0000069c   Code   RO         2066    .text.Calibrate_MPU_Offset  bmi088driver.o
    0x08002430   0x08002430   0x000000ca   Code   RO         2016    .text.Communicate_Task  communicate_task.o
    0x080024fa   0x080024fa   0x00000002   PAD
    0x080024fc   0x080024fc   0x00000010   Code   RO          177    .text.DMA2_Stream1_IRQHandler  stm32f4xx_it.o
    0x0800250c   0x0800250c   0x00000010   Code   RO          179    .text.DMA2_Stream2_IRQHandler  stm32f4xx_it.o
    0x0800251c   0x0800251c   0x00000010   Code   RO          185    .text.DMA2_Stream6_IRQHandler  stm32f4xx_it.o
    0x0800252c   0x0800252c   0x00000010   Code   RO          187    .text.DMA2_Stream7_IRQHandler  stm32f4xx_it.o
    0x0800253c   0x0800253c   0x00000056   Code   RO          515    .text.DMA_CalcBaseAndBitshift  stm32f4xx_hal_dma.o
    0x08002592   0x08002592   0x00000002   PAD
    0x08002594   0x08002594   0x000000f0   Code   RO          513    .text.DMA_CheckFifoParam  stm32f4xx_hal_dma.o
    0x08002684   0x08002684   0x00000050   Code   RO          521    .text.DMA_SetConfig  stm32f4xx_hal_dma.o
    0x080026d4   0x080026d4   0x00000040   Code   RO         2161    .text.DWT_CNT_Update  dwt_timer.o
    0x08002714   0x08002714   0x00000058   Code   RO         2173    .text.DWT_Delay     dwt_timer.o
    0x0800276c   0x0800276c   0x0000004c   Code   RO         2159    .text.DWT_GetDeltaT  dwt_timer.o
    0x080027b8   0x080027b8   0x00000058   Code   RO         2167    .text.DWT_GetTimeline_s  dwt_timer.o
    0x08002810   0x08002810   0x00000088   Code   RO         2157    .text.DWT_Init      dwt_timer.o
    0x08002898   0x08002898   0x000000fc   Code   RO         2165    .text.DWT_SysTimeUpdate  dwt_timer.o
    0x08002994   0x08002994   0x00000002   Code   RO          165    .text.DebugMon_Handler  stm32f4xx_it.o
    0x08002996   0x08002996   0x00000002   PAD
    0x08002998   0x08002998   0x00000142   Code   RO         1870    .text.EarthFrameToBodyFrame  imu_task.o
    0x08002ada   0x08002ada   0x00000002   PAD
    0x08002adc   0x08002adc   0x00000006   Code   RO           21    .text.Error_Handler  main.o
    0x08002ae2   0x08002ae2   0x00000002   PAD
    0x08002ae4   0x08002ae4   0x00000032   Code   RO         2200    .text.Func_Abs      universal.o
    0x08002b16   0x08002b16   0x00000002   PAD
    0x08002b18   0x08002b18   0x00000060   Code   RO         2206    .text.Func_Limit    universal.o
    0x08002b78   0x08002b78   0x00000096   Code   RO         2192    .text.Func_Ramp     universal.o
    0x08002c0e   0x08002c0e   0x00000002   PAD
    0x08002c10   0x08002c10   0x0000002a   Code   RO         2194    .text.Func_Signal   universal.o
    0x08002c3a   0x08002c3a   0x00000002   PAD
    0x08002c3c   0x08002c3c   0x00000060   Code   RO         2202    .text.Func_ValueRannge  universal.o
    0x08002c9c   0x08002c9c   0x00000094   Code   RO         2128    .text.Gimbal_Communicate  can_bus.o
    0x08002d30   0x08002d30   0x00000118   Code   RO         2130    .text.Gimbal_Data_Receive  can_bus.o
    0x08002e48   0x08002e48   0x00000052   Code   RO          254    .text.HAL_CAN_ActivateNotification  stm32f4xx_hal_can.o
    0x08002e9a   0x08002e9a   0x00000002   PAD
    0x08002e9c   0x08002e9c   0x00000156   Code   RO          240    .text.HAL_CAN_AddTxMessage  stm32f4xx_hal_can.o
    0x08002ff2   0x08002ff2   0x00000002   PAD
    0x08002ff4   0x08002ff4   0x000001a4   Code   RO          230    .text.HAL_CAN_ConfigFilter  stm32f4xx_hal_can.o
    0x08003198   0x08003198   0x00000008   Code   RO          284    .text.HAL_CAN_ErrorCallback  stm32f4xx_hal_can.o
    0x080031a0   0x080031a0   0x00000212   Code   RO          250    .text.HAL_CAN_GetRxMessage  stm32f4xx_hal_can.o
    0x080033b2   0x080033b2   0x00000002   PAD
    0x080033b4   0x080033b4   0x000003f2   Code   RO          258    .text.HAL_CAN_IRQHandler  stm32f4xx_hal_can.o
    0x080037a6   0x080037a6   0x00000002   PAD
    0x080037a8   0x080037a8   0x000001de   Code   RO          220    .text.HAL_CAN_Init  stm32f4xx_hal_can.o
    0x08003986   0x08003986   0x00000002   PAD
    0x08003988   0x08003988   0x0000019e   Code   RO           76    .text.HAL_CAN_MspInit  can.o
    0x08003b26   0x08003b26   0x00000002   PAD
    0x08003b28   0x08003b28   0x00000008   Code   RO          272    .text.HAL_CAN_RxFifo0FullCallback  stm32f4xx_hal_can.o
    0x08003b30   0x08003b30   0x0000003a   Code   RO         2142    .text.HAL_CAN_RxFifo0MsgPendingCallback  can_bus.o
    0x08003b6a   0x08003b6a   0x00000002   PAD
    0x08003b6c   0x08003b6c   0x00000008   Code   RO          276    .text.HAL_CAN_RxFifo1FullCallback  stm32f4xx_hal_can.o
    0x08003b74   0x08003b74   0x00000008   Code   RO          278    .text.HAL_CAN_RxFifo1MsgPendingCallback  stm32f4xx_hal_can.o
    0x08003b7c   0x08003b7c   0x00000008   Code   RO          280    .text.HAL_CAN_SleepCallback  stm32f4xx_hal_can.o
    0x08003b84   0x08003b84   0x0000008a   Code   RO          232    .text.HAL_CAN_Start  stm32f4xx_hal_can.o
    0x08003c0e   0x08003c0e   0x00000002   PAD
    0x08003c10   0x08003c10   0x00000008   Code   RO          262    .text.HAL_CAN_TxMailbox0AbortCallback  stm32f4xx_hal_can.o
    0x08003c18   0x08003c18   0x00000008   Code   RO          260    .text.HAL_CAN_TxMailbox0CompleteCallback  stm32f4xx_hal_can.o
    0x08003c20   0x08003c20   0x00000008   Code   RO          266    .text.HAL_CAN_TxMailbox1AbortCallback  stm32f4xx_hal_can.o
    0x08003c28   0x08003c28   0x00000008   Code   RO          264    .text.HAL_CAN_TxMailbox1CompleteCallback  stm32f4xx_hal_can.o
    0x08003c30   0x08003c30   0x00000008   Code   RO          270    .text.HAL_CAN_TxMailbox2AbortCallback  stm32f4xx_hal_can.o
    0x08003c38   0x08003c38   0x00000008   Code   RO          268    .text.HAL_CAN_TxMailbox2CompleteCallback  stm32f4xx_hal_can.o
    0x08003c40   0x08003c40   0x00000008   Code   RO          282    .text.HAL_CAN_WakeUpFromRxMsgCallback  stm32f4xx_hal_can.o
    0x08003c48   0x08003c48   0x000000ec   Code   RO          525    .text.HAL_DMA_Abort  stm32f4xx_hal_dma.o
    0x08003d34   0x08003d34   0x00000044   Code   RO          527    .text.HAL_DMA_Abort_IT  stm32f4xx_hal_dma.o
    0x08003d78   0x08003d78   0x0000031e   Code   RO          531    .text.HAL_DMA_IRQHandler  stm32f4xx_hal_dma.o
    0x08004096   0x08004096   0x00000002   PAD
    0x08004098   0x08004098   0x0000016e   Code   RO          511    .text.HAL_DMA_Init  stm32f4xx_hal_dma.o
    0x08004206   0x08004206   0x00000002   PAD
    0x08004208   0x08004208   0x000000c2   Code   RO          523    .text.HAL_DMA_Start_IT  stm32f4xx_hal_dma.o
    0x080042ca   0x080042ca   0x00000002   PAD
    0x080042cc   0x080042cc   0x00000042   Code   RO          708    .text.HAL_Delay     stm32f4xx_hal.o
    0x0800430e   0x0800430e   0x00000002   PAD
    0x08004310   0x08004310   0x0000039a   Code   RO          473    .text.HAL_GPIO_Init  stm32f4xx_hal_gpio.o
    0x080046aa   0x080046aa   0x00000002   PAD
    0x080046ac   0x080046ac   0x0000002e   Code   RO          479    .text.HAL_GPIO_WritePin  stm32f4xx_hal_gpio.o
    0x080046da   0x080046da   0x00000002   PAD
    0x080046dc   0x080046dc   0x0000000c   Code   RO          700    .text.HAL_GetTick   stm32f4xx_hal.o
    0x080046e8   0x080046e8   0x0000001a   Code   RO          698    .text.HAL_IncTick   stm32f4xx_hal.o
    0x08004702   0x08004702   0x00000002   PAD
    0x08004704   0x08004704   0x00000036   Code   RO          688    .text.HAL_Init      stm32f4xx_hal.o
    0x0800473a   0x0800473a   0x00000002   PAD
    0x0800473c   0x0800473c   0x000000da   Code   RO          206    .text.HAL_InitTick  stm32f4xx_hal_timebase_tim.o
    0x08004816   0x08004816   0x00000002   PAD
    0x08004818   0x08004818   0x00000058   Code   RO          198    .text.HAL_MspInit   stm32f4xx_hal_msp.o
    0x08004870   0x08004870   0x00000014   Code   RO          627    .text.HAL_NVIC_EnableIRQ  stm32f4xx_hal_cortex.o
    0x08004884   0x08004884   0x00000032   Code   RO          619    .text.HAL_NVIC_SetPriority  stm32f4xx_hal_cortex.o
    0x080048b6   0x080048b6   0x00000002   PAD
    0x080048b8   0x080048b8   0x00000010   Code   RO          615    .text.HAL_NVIC_SetPriorityGrouping  stm32f4xx_hal_cortex.o
    0x080048c8   0x080048c8   0x00000262   Code   RO          303    .text.HAL_RCC_ClockConfig  stm32f4xx_hal_rcc.o
    0x08004b2a   0x08004b2a   0x00000002   PAD
    0x08004b2c   0x08004b2c   0x00000054   Code   RO          321    .text.HAL_RCC_GetClockConfig  stm32f4xx_hal_rcc.o
    0x08004b80   0x08004b80   0x0000000c   Code   RO          313    .text.HAL_RCC_GetHCLKFreq  stm32f4xx_hal_rcc.o
    0x08004b8c   0x08004b8c   0x00000022   Code   RO          315    .text.HAL_RCC_GetPCLK1Freq  stm32f4xx_hal_rcc.o
    0x08004bae   0x08004bae   0x00000002   PAD
    0x08004bb0   0x08004bb0   0x00000022   Code   RO          317    .text.HAL_RCC_GetPCLK2Freq  stm32f4xx_hal_rcc.o
    0x08004bd2   0x08004bd2   0x00000002   PAD
    0x08004bd4   0x08004bd4   0x00000170   Code   RO          350    .text.HAL_RCC_GetSysClockFreq  stm32f4xx_hal_rcc_ex.o
    0x08004d44   0x08004d44   0x00000726   Code   RO          354    .text.HAL_RCC_OscConfig  stm32f4xx_hal_rcc_ex.o
    0x0800546a   0x0800546a   0x00000002   PAD
    0x0800546c   0x0800546c   0x00000100   Code   RO          777    .text.HAL_SPI_Init  stm32f4xx_hal_spi.o
    0x0800556c   0x0800556c   0x00000092   Code   RO          100    .text.HAL_SPI_MspInit  spi.o
    0x080055fe   0x080055fe   0x00000002   PAD
    0x08005600   0x08005600   0x00000388   Code   RO          791    .text.HAL_SPI_TransmitReceive  stm32f4xx_hal_spi.o
    0x08005988   0x08005988   0x00000008   Code   RO         1217    .text.HAL_TIMEx_BreakCallback  stm32f4xx_hal_tim_ex.o
    0x08005990   0x08005990   0x00000008   Code   RO         1213    .text.HAL_TIMEx_CommutCallback  stm32f4xx_hal_tim_ex.o
    0x08005998   0x08005998   0x00000122   Code   RO         1207    .text.HAL_TIMEx_MasterConfigSynchronization  stm32f4xx_hal_tim_ex.o
    0x08005aba   0x08005aba   0x00000002   PAD
    0x08005abc   0x08005abc   0x0000009c   Code   RO          894    .text.HAL_TIM_Base_Init  stm32f4xx_hal_tim.o
    0x08005b58   0x08005b58   0x0000008a   Code   RO          118    .text.HAL_TIM_Base_MspInit  tim.o
    0x08005be2   0x08005be2   0x00000002   PAD
    0x08005be4   0x08005be4   0x000000f6   Code   RO          908    .text.HAL_TIM_Base_Start_IT  stm32f4xx_hal_tim.o
    0x08005cda   0x08005cda   0x00000002   PAD
    0x08005cdc   0x08005cdc   0x00000052   Code   RO          910    .text.HAL_TIM_Base_Stop_IT  stm32f4xx_hal_tim.o
    0x08005d2e   0x08005d2e   0x00000002   PAD
    0x08005d30   0x08005d30   0x00000184   Code   RO         1086    .text.HAL_TIM_ConfigClockSource  stm32f4xx_hal_tim.o
    0x08005eb4   0x08005eb4   0x00000008   Code   RO         1030    .text.HAL_TIM_IC_CaptureCallback  stm32f4xx_hal_tim.o
    0x08005ebc   0x08005ebc   0x0000021a   Code   RO         1028    .text.HAL_TIM_IRQHandler  stm32f4xx_hal_tim.o
    0x080060d6   0x080060d6   0x00000002   PAD
    0x080060d8   0x080060d8   0x0000006a   Code   RO          114    .text.HAL_TIM_MspPostInit  tim.o
    0x08006142   0x08006142   0x00000002   PAD
    0x08006144   0x08006144   0x000000a4   Code   RO         1040    .text.HAL_TIM_OC_ConfigChannel  stm32f4xx_hal_tim.o
    0x080061e8   0x080061e8   0x00000008   Code   RO         1032    .text.HAL_TIM_OC_DelayElapsedCallback  stm32f4xx_hal_tim.o
    0x080061f0   0x080061f0   0x0000009c   Code   RO          922    .text.HAL_TIM_OC_Init  stm32f4xx_hal_tim.o
    0x0800628c   0x0800628c   0x00000008   Code   RO          924    .text.HAL_TIM_OC_MspInit  stm32f4xx_hal_tim.o
    0x08006294   0x08006294   0x00000142   Code   RO         1060    .text.HAL_TIM_PWM_ConfigChannel  stm32f4xx_hal_tim.o
    0x080063d6   0x080063d6   0x00000002   PAD
    0x080063d8   0x080063d8   0x0000009c   Code   RO          948    .text.HAL_TIM_PWM_Init  stm32f4xx_hal_tim.o
    0x08006474   0x08006474   0x00000008   Code   RO          950    .text.HAL_TIM_PWM_MspInit  stm32f4xx_hal_tim.o
    0x0800647c   0x0800647c   0x00000008   Code   RO         1034    .text.HAL_TIM_PWM_PulseFinishedCallback  stm32f4xx_hal_tim.o
    0x08006484   0x08006484   0x000001ca   Code   RO          956    .text.HAL_TIM_PWM_Start  stm32f4xx_hal_tim.o
    0x0800664e   0x0800664e   0x00000002   PAD
    0x08006650   0x08006650   0x00000042   Code   RO           23    .text.HAL_TIM_PeriodElapsedCallback  main.o
    0x08006692   0x08006692   0x00000002   PAD
    0x08006694   0x08006694   0x00000008   Code   RO         1038    .text.HAL_TIM_TriggerCallback  stm32f4xx_hal_tim.o
    0x0800669c   0x0800669c   0x0000000c   Code   RO         1322    .text.HAL_UARTEx_RxEventCallback  stm32f4xx_hal_uart.o
    0x080066a8   0x080066a8   0x000000cc   Code   RO         1274    .text.HAL_UART_DMAStop  stm32f4xx_hal_uart.o
    0x08006774   0x08006774   0x00000008   Code   RO         1320    .text.HAL_UART_ErrorCallback  stm32f4xx_hal_uart.o
    0x0800677c   0x0800677c   0x0000042c   Code   RO         1314    .text.HAL_UART_IRQHandler  stm32f4xx_hal_uart.o
    0x08006ba8   0x08006ba8   0x0000009e   Code   RO         1230    .text.HAL_UART_Init  stm32f4xx_hal_uart.o
    0x08006c46   0x08006c46   0x00000002   PAD
    0x08006c48   0x08006c48   0x0000031e   Code   RO          137    .text.HAL_UART_MspInit  usart.o
    0x08006f66   0x08006f66   0x00000002   PAD
    0x08006f68   0x08006f68   0x00000056   Code   RO         1266    .text.HAL_UART_Receive_DMA  stm32f4xx_hal_uart.o
    0x08006fbe   0x08006fbe   0x00000002   PAD
    0x08006fc0   0x08006fc0   0x0000003a   Code   RO         2229    .text.HAL_UART_RxCpltCallback  rs485.o
    0x08006ffa   0x08006ffa   0x00000002   PAD
    0x08006ffc   0x08006ffc   0x00000008   Code   RO         1334    .text.HAL_UART_RxHalfCpltCallback  stm32f4xx_hal_uart.o
    0x08007004   0x08007004   0x000000e2   Code   RO         1258    .text.HAL_UART_Transmit_DMA  stm32f4xx_hal_uart.o
    0x080070e6   0x080070e6   0x00000002   PAD
    0x080070e8   0x080070e8   0x00000072   Code   RO         1252    .text.HAL_UART_Transmit_IT  stm32f4xx_hal_uart.o
    0x0800715a   0x0800715a   0x00000002   PAD
    0x0800715c   0x0800715c   0x00000030   Code   RO         2233    .text.HAL_UART_TxCpltCallback  rs485.o
    0x0800718c   0x0800718c   0x00000008   Code   RO         1330    .text.HAL_UART_TxHalfCpltCallback  stm32f4xx_hal_uart.o
    0x08007194   0x08007194   0x000000a8   Code   RO         2126    .text.HMI_Communicate  can_bus.o
    0x0800723c   0x0800723c   0x00000004   Code   RO          157    .text.HardFault_Handler  stm32f4xx_it.o
    0x08007240   0x08007240   0x000002a0   Code   RO         2376    .text.IMU_QuaternionEKF_F_Linearization_P_Fading  quaternionekf.o
    0x080074e0   0x080074e0   0x00000136   Code   RO         2372    .text.IMU_QuaternionEKF_Init  quaternionekf.o
    0x08007616   0x08007616   0x00000002   PAD
    0x08007618   0x08007618   0x0000007e   Code   RO         2374    .text.IMU_QuaternionEKF_Observe  quaternionekf.o
    0x08007696   0x08007696   0x00000002   PAD
    0x08007698   0x08007698   0x00000198   Code   RO         2378    .text.IMU_QuaternionEKF_SetH  quaternionekf.o
    0x08007830   0x08007830   0x000006e4   Code   RO         2380    .text.IMU_QuaternionEKF_xhatUpdate  quaternionekf.o
    0x08007f14   0x08007f14   0x0000006c   Code   RO         1872    .text.IMU_Temperature_Ctrl  imu_task.o
    0x08007f80   0x08007f80   0x00000068   Code   RO         1874    .text.INS_Init      imu_task.o
    0x08007fe8   0x08007fe8   0x0000021a   Code   RO         1864    .text.INS_Task      imu_task.o
    0x08008202   0x08008202   0x00000002   PAD
    0x08008204   0x08008204   0x00000328   Code   RO         2030    .text.Jointmotor_Control_Cacl_Left  a1_task.o
    0x0800852c   0x0800852c   0x00000328   Code   RO         2032    .text.Jointmotor_Control_Cacl_Right  a1_task.o
    0x08008854   0x08008854   0x000003c8   Code   RO         1943    .text.Jointmotor_Feedback_Update_Left  balance_task.o
    0x08008c1c   0x08008c1c   0x00000004   PAD
    0x08008c20   0x08008c20   0x00000490   Code   RO         1945    .text.Jointmotor_Feedback_Update_Right  balance_task.o
    0x080090b0   0x080090b0   0x000005f2   Code   RO         2418    .text.Kalman_Filter_Init  kalman_filter.o
    0x080096a2   0x080096a2   0x00000002   PAD
    0x080096a4   0x080096a4   0x00000064   Code   RO         2118    .text.LK9025_Data_Deal  can_bus.o
    0x08009708   0x08009708   0x000000b0   Code   RO         2122    .text.LK9025_Output_Normal  can_bus.o
    0x080097b8   0x080097b8   0x0000004c   Code   RO         2124    .text.LK9025_Output_Zero  can_bus.o
    0x08009804   0x08009804   0x0000009a   Code   RO         2120    .text.LK9025_Tcurrent_Output  can_bus.o
    0x0800989e   0x0800989e   0x00000002   PAD
    0x080098a0   0x080098a0   0x00000068   Code   RO         2050    .text.LK9025_Tx_Task  lk9025_task.o
    0x08009908   0x08009908   0x000003bc   Code   RO         1951    .text.LQR_Calc      balance_task.o
    0x08009cc4   0x08009cc4   0x0000009c   Code   RO         1953    .text.Leg_Control_Cacl  balance_task.o
    0x08009d60   0x08009d60   0x0000001c   Code   RO         1959    .text.Leg_Output    balance_task.o
    0x08009d7c   0x08009d7c   0x0000004e   Code   RO           72    .text.MX_CAN1_Init  can.o
    0x08009dca   0x08009dca   0x00000002   PAD
    0x08009dcc   0x08009dcc   0x0000004e   Code   RO           74    .text.MX_CAN2_Init  can.o
    0x08009e1a   0x08009e1a   0x00000002   PAD
    0x08009e1c   0x08009e1c   0x00000076   Code   RO           90    .text.MX_DMA_Init   dma.o
    0x08009e92   0x08009e92   0x00000002   PAD
    0x08009e94   0x08009e94   0x00000046   Code   RO           43    .text.MX_FREERTOS_Init  freertos.o
    0x08009eda   0x08009eda   0x00000002   PAD
    0x08009edc   0x08009edc   0x0000011a   Code   RO           33    .text.MX_GPIO_Init  gpio.o
    0x08009ff6   0x08009ff6   0x00000002   PAD
    0x08009ff8   0x08009ff8   0x0000004e   Code   RO           98    .text.MX_SPI2_Init  spi.o
    0x0800a046   0x0800a046   0x00000002   PAD
    0x0800a048   0x0800a048   0x000000d8   Code   RO          112    .text.MX_TIM3_Init  tim.o
    0x0800a120   0x0800a120   0x000000cc   Code   RO          116    .text.MX_TIM5_Init  tim.o
    0x0800a1ec   0x0800a1ec   0x00000040   Code   RO          131    .text.MX_UART4_Init  usart.o
    0x0800a22c   0x0800a22c   0x00000044   Code   RO          133    .text.MX_USART1_UART_Init  usart.o
    0x0800a270   0x0800a270   0x00000044   Code   RO          135    .text.MX_USART6_UART_Init  usart.o
    0x0800a2b4   0x0800a2b4   0x000006a8   Code   RO         1866    .text.MahonyAHRSupdateIMU  imu_task.o
    0x0800a95c   0x0800a95c   0x00000004   Code   RO          159    .text.MemManage_Handler  stm32f4xx_it.o
    0x0800a960   0x0800a960   0x000000f2   Code   RO         1923    .text.Monitor_Task  monitor_task.o
    0x0800aa52   0x0800aa52   0x00000002   PAD
    0x0800aa54   0x0800aa54   0x00000004   Code   RO          155    .text.NMI_Handler   stm32f4xx_it.o
    0x0800aa58   0x0800aa58   0x0000006c   Code   RO          625    .text.NVIC_EncodePriority  stm32f4xx_hal_cortex.o
    0x0800aac4   0x0800aac4   0x00000004   PAD
    0x0800aac8   0x0800aac8   0x00000694   Code   RO         1947    .text.Odometry_Update  balance_task.o
    0x0800b15c   0x0800b15c   0x00000062   Code   RO         1876    .text.One_Older_LPF  imu_task.o
    0x0800b1be   0x0800b1be   0x00000002   PAD
    0x0800b1c0   0x0800b1c0   0x0000023c   Code   RO         2359    .text.PID_Calc      pid.o
    0x0800b3fc   0x0800b3fc   0x0000001e   Code   RO         2363    .text.PID_Clear     pid.o
    0x0800b41a   0x0800b41a   0x00000002   PAD
    0x0800b41c   0x0800b41c   0x00000096   Code   RO         2357    .text.PID_Init      pid.o
    0x0800b4b2   0x0800b4b2   0x0000000e   PAD
    0x0800b4c0   0x0800b4c0   0x00000064   Code   RO         1848    .text.PendSV_Handler  port.o
    0x0800b524   0x0800b524   0x00000036   Code   RO         2227    .text.RS485_Start   rs485.o
    0x0800b55a   0x0800b55a   0x00000002   PAD
    0x0800b55c   0x0800b55c   0x00000204   Code   RO         1925    .text.Robot_Fall_Detect  monitor_task.o
    0x0800b760   0x0800b760   0x00000002   Code   RO         1927    .text.Robot_Task_Monitor  monitor_task.o
    0x0800b762   0x0800b762   0x00000002   PAD
    0x0800b764   0x0800b764   0x000000cc   Code   RO          787    .text.SPI_EndRxTxTransaction  stm32f4xx_hal_spi.o
    0x0800b830   0x0800b830   0x0000012a   Code   RO          885    .text.SPI_WaitFlagStateUntilTimeout  stm32f4xx_hal_spi.o
    0x0800b95a   0x0800b95a   0x00000006   PAD
    0x0800b960   0x0800b960   0x00000024   Code   RO         1832    .text.SVC_Handler   port.o
    0x0800b984   0x0800b984   0x000001ac   Code   RO           45    .text.StartDefaultTask  freertos.o
    0x0800bb30   0x0800bb30   0x000001f0   Code   RO         1949    .text.State_Variables_Update  balance_task.o
    0x0800bd20   0x0800bd20   0x0000003c   Code   RO         1850    .text.SysTick_Handler  port.o
    0x0800bd5c   0x0800bd5c   0x000000bc   Code   RO           19    .text.SystemClock_Config  main.o
    0x0800be18   0x0800be18   0x00000012   Code   RO         1361    .text.SystemInit    system_stm32f4xx.o
    0x0800be2a   0x0800be2a   0x00000002   PAD
    0x0800be2c   0x0800be2c   0x00000010   Code   RO          169    .text.TIM1_UP_TIM10_IRQHandler  stm32f4xx_it.o
    0x0800be3c   0x0800be3c   0x00000010   Code   RO          173    .text.TIM5_IRQHandler  stm32f4xx_it.o
    0x0800be4c   0x0800be4c   0x000001b0   Code   RO          898    .text.TIM_Base_SetConfig  stm32f4xx_hal_tim.o
    0x0800bffc   0x0800bffc   0x00000036   Code   RO          932    .text.TIM_CCxChannelCmd  stm32f4xx_hal_tim.o
    0x0800c032   0x0800c032   0x00000002   PAD
    0x0800c034   0x0800c034   0x00000034   Code   RO         1084    .text.TIM_ETR_SetConfig  stm32f4xx_hal_tim.o
    0x0800c068   0x0800c068   0x0000002a   Code   RO         1090    .text.TIM_ITRx_SetConfig  stm32f4xx_hal_tim.o
    0x0800c092   0x0800c092   0x00000002   PAD
    0x0800c094   0x0800c094   0x000000ea   Code   RO         1042    .text.TIM_OC1_SetConfig  stm32f4xx_hal_tim.o
    0x0800c17e   0x0800c17e   0x00000002   PAD
    0x0800c180   0x0800c180   0x000000f4   Code   RO         1044    .text.TIM_OC2_SetConfig  stm32f4xx_hal_tim.o
    0x0800c274   0x0800c274   0x000000f2   Code   RO         1046    .text.TIM_OC3_SetConfig  stm32f4xx_hal_tim.o
    0x0800c366   0x0800c366   0x00000002   PAD
    0x0800c368   0x0800c368   0x000000a4   Code   RO         1048    .text.TIM_OC4_SetConfig  stm32f4xx_hal_tim.o
    0x0800c40c   0x0800c40c   0x0000007c   Code   RO         2271    .text.TIM_Set_PWM   timers_1.o
    0x0800c488   0x0800c488   0x00000050   Code   RO         1088    .text.TIM_TI1_ConfigInputStage  stm32f4xx_hal_tim.o
    0x0800c4d8   0x0800c4d8   0x00000052   Code   RO         1092    .text.TIM_TI2_ConfigInputStage  stm32f4xx_hal_tim.o
    0x0800c52a   0x0800c52a   0x00000002   PAD
    0x0800c52c   0x0800c52c   0x00000010   Code   RO          175    .text.UART4_IRQHandler  stm32f4xx_it.o
    0x0800c53c   0x0800c53c   0x00000020   Code   RO         1318    .text.UART_DMAAbortOnError  stm32f4xx_hal_uart.o
    0x0800c55c   0x0800c55c   0x0000007c   Code   RO         1264    .text.UART_DMAError  stm32f4xx_hal_uart.o
    0x0800c5d8   0x0800c5d8   0x000000f4   Code   RO         1350    .text.UART_DMAReceiveCplt  stm32f4xx_hal_uart.o
    0x0800c6cc   0x0800c6cc   0x00000034   Code   RO         1352    .text.UART_DMARxHalfCplt  stm32f4xx_hal_uart.o
    0x0800c700   0x0800c700   0x0000007a   Code   RO         1260    .text.UART_DMATransmitCplt  stm32f4xx_hal_uart.o
    0x0800c77a   0x0800c77a   0x00000002   PAD
    0x0800c77c   0x0800c77c   0x00000016   Code   RO         1262    .text.UART_DMATxHalfCplt  stm32f4xx_hal_uart.o
    0x0800c792   0x0800c792   0x00000002   PAD
    0x0800c794   0x0800c794   0x00000094   Code   RO         1278    .text.UART_EndRxTransfer  stm32f4xx_hal_uart.o
    0x0800c828   0x0800c828   0x00000026   Code   RO         1326    .text.UART_EndTransmit_IT  stm32f4xx_hal_uart.o
    0x0800c84e   0x0800c84e   0x00000002   PAD
    0x0800c850   0x0800c850   0x00000036   Code   RO         1276    .text.UART_EndTxTransfer  stm32f4xx_hal_uart.o
    0x0800c886   0x0800c886   0x00000002   PAD
    0x0800c888   0x0800c888   0x0000016a   Code   RO         1316    .text.UART_Receive_IT  stm32f4xx_hal_uart.o
    0x0800c9f2   0x0800c9f2   0x00000002   PAD
    0x0800c9f4   0x0800c9f4   0x0000013a   Code   RO         1234    .text.UART_SetConfig  stm32f4xx_hal_uart.o
    0x0800cb2e   0x0800cb2e   0x00000002   PAD
    0x0800cb30   0x0800cb30   0x0000010c   Code   RO         1268    .text.UART_Start_Receive_DMA  stm32f4xx_hal_uart.o
    0x0800cc3c   0x0800cc3c   0x00000094   Code   RO         1324    .text.UART_Transmit_IT  stm32f4xx_hal_uart.o
    0x0800ccd0   0x0800ccd0   0x00000010   Code   RO          171    .text.USART1_IRQHandler  stm32f4xx_it.o
    0x0800cce0   0x0800cce0   0x00000010   Code   RO          189    .text.USART6_IRQHandler  stm32f4xx_it.o
    0x0800ccf0   0x0800ccf0   0x00000004   Code   RO          163    .text.UsageFault_Handler  stm32f4xx_it.o
    0x0800ccf4   0x0800ccf4   0x000001ec   Code   RO           11    .text.User_Init     main.o
    0x0800cee0   0x0800cee0   0x00000030   Code   RO          629    .text.__NVIC_EnableIRQ  stm32f4xx_hal_cortex.o
    0x0800cf10   0x0800cf10   0x00000010   Code   RO          621    .text.__NVIC_GetPriorityGrouping  stm32f4xx_hal_cortex.o
    0x0800cf20   0x0800cf20   0x00000042   Code   RO          623    .text.__NVIC_SetPriority  stm32f4xx_hal_cortex.o
    0x0800cf62   0x0800cf62   0x00000002   PAD
    0x0800cf64   0x0800cf64   0x0000003c   Code   RO          617    .text.__NVIC_SetPriorityGrouping  stm32f4xx_hal_cortex.o
    0x0800cfa0   0x0800cfa0   0x00000108   Code   RO         2293    .text.arm_cos_f32   arm_cos_f32.o
    0x0800d0a8   0x0800d0a8   0x000000aa   Code   RO         2333    .text.arm_mat_add_f32  arm_mat_add_f32.o
    0x0800d152   0x0800d152   0x00000002   PAD
    0x0800d154   0x0800d154   0x00000028   Code   RO         2309    .text.arm_mat_init_f32  arm_mat_init_f32.o
    0x0800d17c   0x0800d17c   0x000003f8   Code   RO         2317    .text.arm_mat_inverse_f32  arm_mat_inverse_f32.o
    0x0800d574   0x0800d574   0x00000144   Code   RO         2325    .text.arm_mat_mult_f32  arm_mat_mult_f32.o
    0x0800d6b8   0x0800d6b8   0x000000aa   Code   RO         2341    .text.arm_mat_sub_f32  arm_mat_sub_f32.o
    0x0800d762   0x0800d762   0x00000002   PAD
    0x0800d764   0x0800d764   0x000000b0   Code   RO         2349    .text.arm_mat_trans_f32  arm_mat_trans_f32.o
    0x0800d814   0x0800d814   0x00000100   Code   RO         2301    .text.arm_sin_f32   arm_sin_f32.o
    0x0800d914   0x0800d914   0x000001bc   Code   RO         2062    .text.bmi088_accel_init  bmi088driver.o
    0x0800dad0   0x0800dad0   0x00000174   Code   RO         2064    .text.bmi088_gyro_init  bmi088driver.o
    0x0800dc44   0x0800dc44   0x000000ac   Code   RO         2246    .text.crc32_core    crc.o
    0x0800dcf0   0x0800dcf0   0x00000068   Code   RO         2212    .text.float_rounding  universal.o
    0x0800dd58   0x0800dd58   0x0000005a   Code   RO         1878    .text.invSqrt       imu_task.o
    0x0800ddb2   0x0800ddb2   0x00000002   PAD
    0x0800ddb4   0x0800ddb4   0x0000005a   Code   RO         2384    .text.invSqrt       quaternionekf.o
    0x0800de0e   0x0800de0e   0x00000002   PAD
    0x0800de10   0x0800de10   0x00000096   Code   RO           17    .text.main          main.o
    0x0800dea6   0x0800dea6   0x00000002   PAD
    0x0800dea8   0x0800dea8   0x00000028   Code   RO         1687    .text.makeFreeRtosPriority  cmsis_os.o
    0x0800ded0   0x0800ded0   0x00000028   Code   RO         1701    .text.osDelay       cmsis_os.o
    0x0800def8   0x0800def8   0x00000030   Code   RO         1767    .text.osDelayUntil  cmsis_os.o
    0x0800df28   0x0800df28   0x0000000a   Code   RO         1677    .text.osKernelStart  cmsis_os.o
    0x0800df32   0x0800df32   0x00000002   PAD
    0x0800df34   0x0800df34   0x000000ac   Code   RO         1685    .text.osThreadCreate  cmsis_os.o
    0x0800dfe0   0x0800dfe0   0x000000f4   Code   RO         1559    .text.prvAddCurrentTaskToDelayedList  tasks.o
    0x0800e0d4   0x0800e0d4   0x00000110   Code   RO         1545    .text.prvAddNewTaskToReadyList  tasks.o
    0x0800e1e4   0x0800e1e4   0x0000005a   Code   RO         1645    .text.prvCheckTasksWaitingTermination  tasks.o
    0x0800e23e   0x0800e23e   0x00000002   PAD
    0x0800e240   0x0800e240   0x0000005e   Code   RO         1551    .text.prvDeleteTCB  tasks.o
    0x0800e29e   0x0800e29e   0x00000002   PAD
    0x0800e2a0   0x0800e2a0   0x000000bc   Code   RO         1799    .text.prvHeapInit   heap_4.o
    0x0800e35c   0x0800e35c   0x00000038   Code   RO         1583    .text.prvIdleTask   tasks.o
    0x0800e394   0x0800e394   0x00000114   Code   RO         1543    .text.prvInitialiseNewTask  tasks.o
    0x0800e4a8   0x0800e4a8   0x0000008e   Code   RO         1643    .text.prvInitialiseTaskLists  tasks.o
    0x0800e536   0x0800e536   0x00000002   PAD
    0x0800e538   0x0800e538   0x000000c6   Code   RO         1801    .text.prvInsertBlockIntoFreeList  heap_4.o
    0x0800e5fe   0x0800e5fe   0x00000002   PAD
    0x0800e600   0x0800e600   0x00000028   Code   RO         1840    .text.prvPortStartFirstTask  port.o
    0x0800e628   0x0800e628   0x00000046   Code   RO         1553    .text.prvResetNextTaskUnblockTime  tasks.o
    0x0800e66e   0x0800e66e   0x00000002   PAD
    0x0800e670   0x0800e670   0x0000004c   Code   RO         1830    .text.prvTaskExitError  port.o
    0x0800e6bc   0x0800e6bc   0x000001ec   Code   RO         1797    .text.pvPortMalloc  heap_4.o
    0x0800e8a8   0x0800e8a8   0x0000005e   Code   RO         1828    .text.pxPortInitialiseStack  port.o
    0x0800e906   0x0800e906   0x00000002   PAD
    0x0800e908   0x0800e908   0x00000048   Code   RO         1413    .text.uxListRemove  list.o
    0x0800e950   0x0800e950   0x0000002a   Code   RO           41    .text.vApplicationGetIdleTaskMemory  freertos.o
    0x0800e97a   0x0800e97a   0x00000002   PAD
    0x0800e97c   0x0800e97c   0x0000002e   Code   RO         1405    .text.vListInitialise  list.o
    0x0800e9aa   0x0800e9aa   0x00000002   PAD
    0x0800e9ac   0x0800e9ac   0x0000000e   Code   RO         1407    .text.vListInitialiseItem  list.o
    0x0800e9ba   0x0800e9ba   0x00000002   PAD
    0x0800e9bc   0x0800e9bc   0x0000006a   Code   RO         1411    .text.vListInsert   list.o
    0x0800ea26   0x0800ea26   0x00000002   PAD
    0x0800ea28   0x0800ea28   0x0000003a   Code   RO         1409    .text.vListInsertEnd  list.o
    0x0800ea62   0x0800ea62   0x00000002   PAD
    0x0800ea64   0x0800ea64   0x00000014   Code   RO         1838    .text.vPortEnableVFP  port.o
    0x0800ea78   0x0800ea78   0x00000056   Code   RO         1844    .text.vPortEnterCritical  port.o
    0x0800eace   0x0800eace   0x00000002   PAD
    0x0800ead0   0x0800ead0   0x0000004a   Code   RO         1846    .text.vPortExitCritical  port.o
    0x0800eb1a   0x0800eb1a   0x00000002   PAD
    0x0800eb1c   0x0800eb1c   0x000000ce   Code   RO         1803    .text.vPortFree     heap_4.o
    0x0800ebea   0x0800ebea   0x00000002   PAD
    0x0800ebec   0x0800ebec   0x00000044   Code   RO         1836    .text.vPortSetupTimerInterrupt  port.o
    0x0800ec30   0x0800ec30   0x0000006e   Code   RO         1563    .text.vTaskDelay    tasks.o
    0x0800ec9e   0x0800ec9e   0x00000002   PAD
    0x0800eca0   0x0800eca0   0x00000114   Code   RO         1555    .text.vTaskDelayUntil  tasks.o
    0x0800edb4   0x0800edb4   0x00000140   Code   RO         1549    .text.vTaskDelete   tasks.o
    0x0800eef4   0x0800eef4   0x000000ce   Code   RO         1581    .text.vTaskStartScheduler  tasks.o
    0x0800efc2   0x0800efc2   0x00000002   PAD
    0x0800efc4   0x0800efc4   0x00000010   Code   RO         1557    .text.vTaskSuspendAll  tasks.o
    0x0800efd4   0x0800efd4   0x000000be   Code   RO         1573    .text.vTaskSwitchContext  tasks.o
    0x0800f092   0x0800f092   0x00000002   PAD
    0x0800f094   0x0800f094   0x00000156   Code   RO         1834    .text.xPortStartScheduler  port.o
    0x0800f1ea   0x0800f1ea   0x00000002   PAD
    0x0800f1ec   0x0800f1ec   0x0000009e   Code   RO         1547    .text.xTaskCreate   tasks.o
    0x0800f28a   0x0800f28a   0x00000002   PAD
    0x0800f28c   0x0800f28c   0x000000ce   Code   RO         1541    .text.xTaskCreateStatic  tasks.o
    0x0800f35a   0x0800f35a   0x00000002   PAD
    0x0800f35c   0x0800f35c   0x00000014   Code   RO         1589    .text.xTaskGetTickCount  tasks.o
    0x0800f370   0x0800f370   0x000001b8   Code   RO         1587    .text.xTaskIncrementTick  tasks.o
    0x0800f528   0x0800f528   0x00000178   Code   RO         1561    .text.xTaskResumeAll  tasks.o
    0x0800f6a0   0x0800f6a0   0x00000030   Code   RO         2700    i.__ARM_fpclassify  m_wm.l(fpclassify.o)
    0x0800f6d0   0x0800f6d0   0x00000026   Code   RO         2702    i.__ARM_fpclassifyf  m_wm.l(fpclassifyf.o)
    0x0800f6f6   0x0800f6f6   0x00000002   PAD
    0x0800f6f8   0x0800f6f8   0x00000118   Code   RO         2570    i.__hardfp_acosf    m_wm.l(acosf.o)
    0x0800f810   0x0800f810   0x0000012c   Code   RO         2576    i.__hardfp_asinf    m_wm.l(asinf.o)
    0x0800f93c   0x0800f93c   0x00000004   PAD
    0x0800f940   0x0800f940   0x000002d8   Code   RO         2673    i.__hardfp_atan     m_wm.l(atan.o)
    0x0800fc18   0x0800fc18   0x00000200   Code   RO         2582    i.__hardfp_atan2    m_wm.l(atan2.o)
    0x0800fe18   0x0800fe18   0x000002ac   Code   RO         2588    i.__hardfp_atan2f   m_wm.l(atan2f.o)
    0x080100c4   0x080100c4   0x00000004   PAD
    0x080100c8   0x080100c8   0x00000c60   Code   RO         2594    i.__hardfp_pow      m_wm.l(pow.o)
    0x08010d28   0x08010d28   0x00000664   Code   RO         2601    i.__hardfp_powf     m_wm.l(powf.o)
    0x0801138c   0x0801138c   0x0000007a   Code   RO         2608    i.__hardfp_sqrt     m_wm.l(sqrt.o)
    0x08011406   0x08011406   0x0000003a   Code   RO         2614    i.__hardfp_sqrtf    m_wm.l(sqrtf.o)
    0x08011440   0x08011440   0x000000f8   Code   RO         2718    i.__kernel_poly     m_wm.l(poly.o)
    0x08011538   0x08011538   0x00000030   Code   RO         2680    i.__mathlib_dbl_divzero  m_wm.l(dunder.o)
    0x08011568   0x08011568   0x00000014   Code   RO         2681    i.__mathlib_dbl_infnan  m_wm.l(dunder.o)
    0x0801157c   0x0801157c   0x00000014   Code   RO         2682    i.__mathlib_dbl_infnan2  m_wm.l(dunder.o)
    0x08011590   0x08011590   0x00000020   Code   RO         2683    i.__mathlib_dbl_invalid  m_wm.l(dunder.o)
    0x080115b0   0x080115b0   0x00000020   Code   RO         2684    i.__mathlib_dbl_overflow  m_wm.l(dunder.o)
    0x080115d0   0x080115d0   0x00000020   Code   RO         2686    i.__mathlib_dbl_underflow  m_wm.l(dunder.o)
    0x080115f0   0x080115f0   0x00000014   Code   RO         2704    i.__mathlib_flt_divzero  m_wm.l(funder.o)
    0x08011604   0x08011604   0x00000006   Code   RO         2705    i.__mathlib_flt_infnan  m_wm.l(funder.o)
    0x0801160a   0x0801160a   0x00000006   Code   RO         2706    i.__mathlib_flt_infnan2  m_wm.l(funder.o)
    0x08011610   0x08011610   0x00000010   Code   RO         2707    i.__mathlib_flt_invalid  m_wm.l(funder.o)
    0x08011620   0x08011620   0x00000010   Code   RO         2708    i.__mathlib_flt_overflow  m_wm.l(funder.o)
    0x08011630   0x08011630   0x00000010   Code   RO         2710    i.__mathlib_flt_underflow  m_wm.l(funder.o)
    0x08011640   0x08011640   0x0000000e   Code   RO         2773    i.__scatterload_copy  mc_w.l(handlers.o)
    0x0801164e   0x0801164e   0x00000002   Code   RO         2774    i.__scatterload_null  mc_w.l(handlers.o)
    0x08011650   0x08011650   0x0000000e   Code   RO         2775    i.__scatterload_zeroinit  mc_w.l(handlers.o)
    0x0801165e   0x0801165e   0x00000002   PAD
    0x08011660   0x08011660   0x0000000c   Code   RO         2745    i.__set_errno       mc_w.l(errno.o)
    0x0801166c   0x0801166c   0x00000010   Code   RO         2675    i.atan              m_wm.l(atan.o)
    0x0801167c   0x0801167c   0x00000018   Code   RO         2696    i.fabs              m_wm.l(fabs.o)
    0x08011694   0x08011694   0x0000006c   Code   RO         2632    i.malloc            mc_w.l(malloc.o)
    0x08011700   0x08011700   0x0000006e   Code   RO         2610    i.sqrt              m_wm.l(sqrt.o)
    0x0801176e   0x0801176e   0x0000003e   Code   RO         2616    i.sqrtf             m_wm.l(sqrtf.o)
    0x080117ac   0x080117ac   0x00000804   Data   RO         2521    .constdata          arm_cortexM4lf_math.lib(arm_common_tables.o)
    0x08011fb0   0x08011fb0   0x00000088   Data   RO         2597    .constdata          m_wm.l(pow.o)
    0x08012038   0x08012038   0x00000140   Data   RO         2604    .constdata          m_wm.l(powf.o)
    0x08012178   0x08012178   0x00000098   Data   RO         2676    .constdata          m_wm.l(atan.o)
    0x08012210   0x08012210   0x00000008   Data   RO         2720    .constdata          m_wm.l(qnan.o)
    0x08012218   0x08012218   0x0000001c   Data   RO           50    .rodata..L__const.MX_FREERTOS_Init.os_thread_def_defaultTask  freertos.o
    0x08012234   0x08012234   0x0000001c   Data   RO           58    .rodata..L__const.StartDefaultTask.os_thread_def_A1_Tx_Task  freertos.o
    0x08012250   0x08012250   0x0000001c   Data   RO           56    .rodata..L__const.StartDefaultTask.os_thread_def_Balance_Task  freertos.o
    0x0801226c   0x0801226c   0x0000001c   Data   RO           62    .rodata..L__const.StartDefaultTask.os_thread_def_Communicate_Task  freertos.o
    0x08012288   0x08012288   0x0000001c   Data   RO           54    .rodata..L__const.StartDefaultTask.os_thread_def_INS_Task  freertos.o
    0x080122a4   0x080122a4   0x0000001c   Data   RO           60    .rodata..L__const.StartDefaultTask.os_thread_def_LK9025_Tx_Task  freertos.o
    0x080122c0   0x080122c0   0x0000001c   Data   RO           52    .rodata..L__const.StartDefaultTask.os_thread_def_Monitor_Task  freertos.o
    0x080122dc   0x080122dc   0x00000010   Data   RO         1366    .rodata.AHBPrescTable  system_stm32f4xx.o
    0x080122ec   0x080122ec   0x00000008   Data   RO         1367    .rodata.APBPrescTable  system_stm32f4xx.o
    0x080122f4   0x080122f4   0x00000008   Data   RO          541    .rodata.DMA_CalcBaseAndBitshift.flagBitshiftOffset  stm32f4xx_hal_dma.o
    0x080122fc   0x080122fc   0x00000090   Data   RO         2386    .rodata.IMU_QuaternionEKF_F  quaternionekf.o
    0x0801238c   0x0801238c   0x0000005a   Data   RO           49    .rodata.str1.1      freertos.o
    0x080123e6   0x080123e6   0x00000005   Data   RO         1659    .rodata.str1.1      tasks.o
    0x080123eb   0x080123eb   0x00000001   PAD
    0x080123ec   0x080123ec   0x0000000c   Data   RO         1901    .rodata.xb          imu_task.o
    0x080123f8   0x080123f8   0x0000000c   Data   RO         1902    .rodata.yb          imu_task.o
    0x08012404   0x08012404   0x0000000c   Data   RO         1903    .rodata.zb          imu_task.o
    0x08012410   0x08012410   0x00000020   Data   RO         2772    Region$$Table       anon$$obj.o


    Execution Region RW_IRAM1 (Exec base: 0x20000000, Load base: 0x08012430, Size: 0x00005928, Max: 0x00020000, ABSOLUTE, COMPRESSED[0x00000138])

    Exec Addr    Load Addr    Size         Type   Attr      Idx    E Section Name        Object

    0x20000000   COMPRESSED   0x00000004   Data   RW         2741    .data               mc_w.l(mvars.o)
    0x20000004   COMPRESSED   0x00000004   Data   RW         2742    .data               mc_w.l(mvars.o)
    0x20000008   COMPRESSED   0x00000004   Data   RW         2746    .data               mc_w.l(errno.o)
    0x2000000c   COMPRESSED   0x00000004   Data   RW         2076    .data.BMI088_ACCEL_SEN  bmi088driver.o
    0x20000010   COMPRESSED   0x00000004   Data   RW         2077    .data.BMI088_GYRO_SEN  bmi088driver.o
    0x20000014   COMPRESSED   0x00000002   Data   RW         2092    .data.Calibrate_MPU_Offset.CaliTimes  bmi088driver.o
    0x20000016   COMPRESSED   0x00000002   PAD
    0x20000018   COMPRESSED   0x00000090   Data   RW         2387    .data.IMU_QuaternionEKF_P  quaternionekf.o
    0x200000a8   COMPRESSED   0x00000008   Data   RW         1988    .data.Jump_F        balance_task.o
    0x200000b0   COMPRESSED   0x00000001   Data   RW         2147    .data.LK9025_Tx_Count  can_bus.o
    0x200000b1   COMPRESSED   0x00000003   PAD
    0x200000b4   COMPRESSED   0x00000004   Data   RW         1888    .data.RefTemp       imu_task.o
    0x200000b8   COMPRESSED   0x00000008   Data   RW         2036    .data.Support_F     a1_task.o
    0x200000c0   COMPRESSED   0x00000004   Data   RW         1365    .data.SystemCoreClock  system_stm32f4xx.o
    0x200000c4   COMPRESSED   0x00000004   Data   RW         1986    .data.Theta_Klpf    balance_task.o
    0x200000c8   COMPRESSED   0x0000001c   Data   RW         2020    .data.Tx_buf        communicate_task.o
    0x200000e4   COMPRESSED   0x00000010   Data   RW         1963    .data.a11           balance_task.o
    0x200000f4   COMPRESSED   0x00000010   Data   RW         1964    .data.a12           balance_task.o
    0x20000104   COMPRESSED   0x00000010   Data   RW         1965    .data.a13           balance_task.o
    0x20000114   COMPRESSED   0x00000010   Data   RW         1966    .data.a14           balance_task.o
    0x20000124   COMPRESSED   0x00000010   Data   RW         1967    .data.a15           balance_task.o
    0x20000134   COMPRESSED   0x00000010   Data   RW         1968    .data.a16           balance_task.o
    0x20000144   COMPRESSED   0x00000010   Data   RW         1969    .data.a21           balance_task.o
    0x20000154   COMPRESSED   0x00000010   Data   RW         1970    .data.a22           balance_task.o
    0x20000164   COMPRESSED   0x00000010   Data   RW         1971    .data.a23           balance_task.o
    0x20000174   COMPRESSED   0x00000010   Data   RW         1972    .data.a24           balance_task.o
    0x20000184   COMPRESSED   0x00000010   Data   RW         1973    .data.a25           balance_task.o
    0x20000194   COMPRESSED   0x00000010   Data   RW         1974    .data.a26           balance_task.o
    0x200001a4   COMPRESSED   0x00000001   Data   RW         2079    .data.caliOffset    bmi088driver.o
    0x200001a5   COMPRESSED   0x00000003   PAD
    0x200001a8   COMPRESSED   0x00000004   Data   RW         1892    .data.q0            imu_task.o
    0x200001ac   COMPRESSED   0x00000004   Data   RW         1893    .data.q1            imu_task.o
    0x200001b0   COMPRESSED   0x00000004   Data   RW         1890    .data.twoKi         imu_task.o
    0x200001b4   COMPRESSED   0x00000004   Data   RW         1889    .data.twoKp         imu_task.o
    0x200001b8   COMPRESSED   0x00000001   Data   RW          743    .data.uwTickFreq    stm32f4xx_hal.o
    0x200001b9   COMPRESSED   0x00000003   PAD
    0x200001bc   COMPRESSED   0x00000004   Data   RW          742    .data.uwTickPrio    stm32f4xx_hal.o
    0x200001c0   COMPRESSED   0x00000004   Data   RW         1856    .data.uxCriticalNesting  port.o
    0x200001c4   COMPRESSED   0x00000012   Data   RW         2085    .data.write_BMI088_accel_reg_data_error  bmi088driver.o
    0x200001d6   COMPRESSED   0x00000012   Data   RW         2086    .data.write_BMI088_gyro_reg_data_error  bmi088driver.o
    0x200001e8        -       0x00000004   Zero   RW         2042    .bss.A1Task_dt      a1_task.o
    0x200001ec        -       0x00000110   Zero   RW         2035    .bss.A1_Control     a1_task.o
    0x200002fc        -       0x000000d0   Zero   RW         2034    .bss.A1_Motor       a1_task.o
    0x200003cc        -       0x0000004e   Zero   RW         2235    .bss.A1_Receive_Data_Left  rs485.o
    0x2000041a        -       0x0000004e   Zero   RW         2236    .bss.A1_Receive_Data_Right  rs485.o
    0x20000468        -       0x00000022   Zero   RW         2237    .bss.A1_Transmit_Data_Left  rs485.o
    0x2000048a        -       0x00000022   Zero   RW         2238    .bss.A1_Transmit_Data_Right  rs485.o
    0x200004ac        -       0x00000004   Zero   RW           59    .bss.A1_Tx_Task_Handle  freertos.o
    0x200004b0        -       0x00000004   Zero   RW         2041    .bss.A1_dwt_cnt     a1_task.o
    0x200004b4        -       0x00000008   Zero   RW         2038    .bss.A_inverse_Left  a1_task.o
    0x200004bc        -       0x00000008   Zero   RW         2040    .bss.A_inverse_Right  a1_task.o
    0x200004c4        -       0x00000008   Zero   RW         2037    .bss.A_sorce_Left   a1_task.o
    0x200004cc        -       0x00000008   Zero   RW         2039    .bss.A_sorce_Right  a1_task.o
    0x200004d4        -       0x00000034   Zero   RW         2082    .bss.BMI088         bmi088driver.o
    0x20000508        -       0x00000002   Zero   RW         2088    .bss.BMI088_Read.bmi088_raw_temp  bmi088driver.o
    0x2000050a        -       0x00000008   Zero   RW         2087    .bss.BMI088_Read.buf  bmi088driver.o
    0x20000512   COMPRESSED   0x00000002   PAD
    0x20000514        -       0x00000004   Zero   RW         2110    .bss.BMI088_SPI     bmi088middleware.o
    0x20000518        -       0x00000004   Zero   RW         1987    .bss.BalanceTask_dt  balance_task.o
    0x2000051c        -       0x00000044   Zero   RW         1976    .bss.Balance_Yaw_Position_pid  balance_task.o
    0x20000560        -       0x00000044   Zero   RW         1977    .bss.Balance_Yaw_Speed_pid  balance_task.o
    0x200005a4        -       0x00000004   Zero   RW         2175    .bss.CPU_FREQ_Hz    dwt_timer.o
    0x200005a8        -       0x00000004   Zero   RW         2176    .bss.CPU_FREQ_Hz_ms  dwt_timer.o
    0x200005ac        -       0x00000004   Zero   RW         2177    .bss.CPU_FREQ_Hz_us  dwt_timer.o
    0x200005b0        -       0x00000008   Zero   RW         2182    .bss.CYCCNT64       dwt_timer.o
    0x200005b8        -       0x00000004   Zero   RW         2184    .bss.CYCCNT_LAST    dwt_timer.o
    0x200005bc        -       0x00000004   Zero   RW         2178    .bss.CYCCNT_RountCount  dwt_timer.o
    0x200005c0        -       0x00000004   Zero   RW         2091    .bss.Calibrate_MPU_Offset.startTime  bmi088driver.o
    0x200005c4        -       0x00000004   Zero   RW           57    .bss.ChassisTaskHandle  freertos.o
    0x200005c8        -       0x00000024   Zero   RW         2018    .bss.Command        communicate_task.o
    0x200005ec        -       0x00000004   Zero   RW           63    .bss.CommunicateTaskHandle  freertos.o
    0x200005f0        -       0x00000008   Zero   RW         2179    .bss.DWT_SysTimeUpdate.CNT_TEMP1  dwt_timer.o
    0x200005f8        -       0x00000008   Zero   RW         2180    .bss.DWT_SysTimeUpdate.CNT_TEMP2  dwt_timer.o
    0x20000600        -       0x00000008   Zero   RW         2181    .bss.DWT_SysTimeUpdate.CNT_TEMP3  dwt_timer.o
    0x20000608        -       0x00000008   Zero   RW         2146    .bss.Data_Buf       can_bus.o
    0x20000610        -       0x00000024   Zero   RW         1982    .bss.GM6020_YAW     balance_task.o
    0x20000634        -       0x00000004   Zero   RW           82    .bss.HAL_RCC_CAN1_CLK_ENABLED  can.o
    0x20000638        -       0x0000001c   Zero   RW         1887    .bss.IMU_Param      imu_task.o
    0x20000654        -       0x00000004   Zero   RW         2398    .bss.IMU_QuaternionEKF_F_Linearization_P_Fading.q0  quaternionekf.o
    0x20000658        -       0x00000004   Zero   RW         2399    .bss.IMU_QuaternionEKF_F_Linearization_P_Fading.q1  quaternionekf.o
    0x2000065c        -       0x00000004   Zero   RW         2400    .bss.IMU_QuaternionEKF_F_Linearization_P_Fading.q2  quaternionekf.o
    0x20000660        -       0x00000004   Zero   RW         2401    .bss.IMU_QuaternionEKF_F_Linearization_P_Fading.q3  quaternionekf.o
    0x20000664        -       0x00000004   Zero   RW         2402    .bss.IMU_QuaternionEKF_F_Linearization_P_Fading.qInvNorm  quaternionekf.o
    0x20000668        -       0x00000048   Zero   RW         2397    .bss.IMU_QuaternionEKF_H  quaternionekf.o
    0x200006b0        -       0x00000048   Zero   RW         2396    .bss.IMU_QuaternionEKF_K  quaternionekf.o
    0x200006f8        -       0x00000004   Zero   RW         2403    .bss.IMU_QuaternionEKF_SetH.doubleq0  quaternionekf.o
    0x200006fc        -       0x00000004   Zero   RW         2404    .bss.IMU_QuaternionEKF_SetH.doubleq1  quaternionekf.o
    0x20000700        -       0x00000004   Zero   RW         2405    .bss.IMU_QuaternionEKF_SetH.doubleq2  quaternionekf.o
    0x20000704        -       0x00000004   Zero   RW         2406    .bss.IMU_QuaternionEKF_SetH.doubleq3  quaternionekf.o
    0x20000708        -       0x00000004   Zero   RW         2407    .bss.IMU_QuaternionEKF_xhatUpdate.q0  quaternionekf.o
    0x2000070c        -       0x00000004   Zero   RW         2408    .bss.IMU_QuaternionEKF_xhatUpdate.q1  quaternionekf.o
    0x20000710        -       0x00000004   Zero   RW         2409    .bss.IMU_QuaternionEKF_xhatUpdate.q2  quaternionekf.o
    0x20000714        -       0x00000004   Zero   RW         2410    .bss.IMU_QuaternionEKF_xhatUpdate.q3  quaternionekf.o
    0x20000718        -       0x00000004   Zero   RW         1900    .bss.INS_DWT_Count  imu_task.o
    0x2000071c        -       0x00000004   Zero   RW           55    .bss.ImuTaskHandle  freertos.o
    0x20000720        -       0x00000004   Zero   RW         1899    .bss.InsTask_dt     imu_task.o
    0x20000724        -       0x000000a4   Zero   RW         1909    .bss.Ins_Data       imu_task.o
    0x200007c8        -       0x00000004   Zero   RW         1992    .bss.Jointmotor_Feedback_Update_Left.L0_last  balance_task.o
    0x200007cc        -       0x00000004   Zero   RW         1993    .bss.Jointmotor_Feedback_Update_Left.theta2_last  balance_task.o
    0x200007d0        -       0x00000004   Zero   RW         1994    .bss.Jointmotor_Feedback_Update_Left.theta_last  balance_task.o
    0x200007d4        -       0x00000004   Zero   RW         1995    .bss.Jointmotor_Feedback_Update_Right.L0_last  balance_task.o
    0x200007d8        -       0x00000004   Zero   RW         1996    .bss.Jointmotor_Feedback_Update_Right.theta2_last  balance_task.o
    0x200007dc        -       0x00000004   Zero   RW         1997    .bss.Jointmotor_Feedback_Update_Right.theta_last  balance_task.o
    0x200007e0        -       0x00000088   Zero   RW         1980    .bss.L0_pid         balance_task.o
    0x20000868        -       0x00000040   Zero   RW         1981    .bss.LK9025_Motor   balance_task.o
    0x200008a8        -       0x00000004   Zero   RW           61    .bss.LK9025_Tx_Task_Handle  freertos.o
    0x200008ac        -       0x00000190   Zero   RW         1983    .bss.Leg            balance_task.o
    0x20000a3c        -       0x00000088   Zero   RW         1978    .bss.Leg_ROLL_Compensate_pid  balance_task.o
    0x20000ac4        -       0x00000088   Zero   RW         1979    .bss.Leg_theta_Harmonize_pid  balance_task.o
    0x20000b4c        -       0x00000004   Zero   RW           53    .bss.MonitorTaskHandle  freertos.o
    0x20000b50        -       0x00000004   Zero   RW         2003    .bss.Odometry_Update.pitch  balance_task.o
    0x20000b54        -       0x00000090   Zero   RW         2388    .bss.P_data_observe  quaternionekf.o
    0x20000be4   COMPRESSED   0x00000004   PAD
    0x20000be8        -       0x000001e0   Zero   RW         2391    .bss.QEKF_INS       quaternionekf.o
    0x20000dc8        -       0x0000000c   Zero   RW         1931    .bss.Robot_Status   monitor_task.o
    0x20000dd4        -       0x00000038   Zero   RW         2149    .bss.RxMessage      can_bus.o
    0x20000e0c        -       0x0000005c   Zero   RW         1975    .bss.State_Variables  balance_task.o
    0x20000e68        -       0x00000004   Zero   RW         1932    .bss.Status_Counter  monitor_task.o
    0x20000e6c        -       0x00000008   Zero   RW         2183    .bss.SysTime        dwt_timer.o
    0x20000e74        -       0x00000044   Zero   RW         1886    .bss.TempCtrl_pid   imu_task.o
    0x20000eb8        -       0x00000018   Zero   RW         2148    .bss.TxMessage      can_bus.o
    0x20000ed0        -       0x00000004   Zero   RW         1991    .bss.balance_dwt_cnt  balance_task.o
    0x20000ed4        -       0x00000002   Zero   RW         2080    .bss.caliCount      bmi088driver.o
    0x20000ed6        -       0x0000000c   Zero   RW         2145    .bss.can_id         can_bus.o
    0x20000ee2   COMPRESSED   0x00000002   PAD
    0x20000ee4        -       0x00000004   Zero   RW           51    .bss.defaultTaskHandle  freertos.o
    0x20000ee8        -       0x00000001   Zero   RW         2081    .bss.error          bmi088driver.o
    0x20000ee9   COMPRESSED   0x00000003   PAD
    0x20000eec        -       0x00000004   Zero   RW         1984    .bss.fai_offset     balance_task.o
    0x20000ef0        -       0x00000004   Zero   RW         2219    .bss.float_rounding.decimal  universal.o
    0x20000ef4        -       0x00000004   Zero   RW         2218    .bss.float_rounding.integer  universal.o
    0x20000ef8        -       0x00000004   Zero   RW         2090    .bss.gNormDiff      bmi088driver.o
    0x20000efc        -       0x0000000c   Zero   RW         1912    .bss.gravity_b      imu_task.o
    0x20000f08        -       0x0000000c   Zero   RW         2089    .bss.gyroDiff       bmi088driver.o
    0x20000f14        -       0x00000008   Zero   RW         1913    .bss.halfex         imu_task.o
    0x20000f1c        -       0x00000008   Zero   RW         1914    .bss.halfey         imu_task.o
    0x20000f24        -       0x00000008   Zero   RW         1915    .bss.halfez         imu_task.o
    0x20000f2c        -       0x00000028   Zero   RW           80    .bss.hcan1          can.o
    0x20000f54        -       0x00000028   Zero   RW           81    .bss.hcan2          can.o
    0x20000f7c        -       0x00000060   Zero   RW          144    .bss.hdma_usart1_rx  usart.o
    0x20000fdc        -       0x00000060   Zero   RW          145    .bss.hdma_usart1_tx  usart.o
    0x2000103c        -       0x00000060   Zero   RW          146    .bss.hdma_usart6_rx  usart.o
    0x2000109c        -       0x00000060   Zero   RW          147    .bss.hdma_usart6_tx  usart.o
    0x200010fc        -       0x00000058   Zero   RW          104    .bss.hspi2          spi.o
    0x20001154        -       0x00000048   Zero   RW          212    .bss.htim1          stm32f4xx_hal_timebase_tim.o
    0x2000119c        -       0x00000048   Zero   RW          122    .bss.htim3          tim.o
    0x200011e4        -       0x00000048   Zero   RW          123    .bss.htim5          tim.o
    0x2000122c        -       0x00000048   Zero   RW          142    .bss.huart1         usart.o
    0x20001274        -       0x00000048   Zero   RW          141    .bss.huart4         usart.o
    0x200012bc        -       0x00000048   Zero   RW          143    .bss.huart6         usart.o
    0x20001304        -       0x00000004   Zero   RW         1896    .bss.integralFBx    imu_task.o
    0x20001308        -       0x00000004   Zero   RW         1897    .bss.integralFBy    imu_task.o
    0x2000130c        -       0x00000004   Zero   RW         1898    .bss.integralFBz    imu_task.o
    0x20001310        -       0x00000004   Zero   RW         2008    .bss.k              balance_task.o
    0x20001314        -       0x00000004   Zero   RW         2001    .bss.macc_x         balance_task.o
    0x20001318        -       0x00000004   Zero   RW         2002    .bss.macc_z         balance_task.o
    0x2000131c        -       0x00000004   Zero   RW         1911    .bss.operate_count  imu_task.o
    0x20001320        -       0x00000004   Zero   RW         1933    .bss.operate_count  monitor_task.o
    0x20001324        -       0x00000004   Zero   RW         2000    .bss.pitch_ddwrNwwr  balance_task.o
    0x20001328        -       0x00000004   Zero   RW         1647    .bss.pxCurrentTCB   tasks.o
    0x2000132c        -       0x00000004   Zero   RW         1664    .bss.pxDelayedTaskList  tasks.o
    0x20001330        -       0x00000004   Zero   RW         1813    .bss.pxEnd          heap_4.o
    0x20001334        -       0x00000004   Zero   RW         1665    .bss.pxOverflowDelayedTaskList  tasks.o
    0x20001338        -       0x0000008c   Zero   RW         1648    .bss.pxReadyTasksLists  tasks.o
    0x200013c4        -       0x00000004   Zero   RW         1894    .bss.q2             imu_task.o
    0x200013c8        -       0x00000004   Zero   RW         1895    .bss.q3             imu_task.o
    0x200013cc        -       0x00000001   Zero   RW         2083    .bss.res            bmi088driver.o
    0x200013cd   COMPRESSED   0x00000001   PAD
    0x200013ce        -       0x00000002   Zero   RW         2437    .bss.sizeof_double  kalman_filter.o
    0x200013d0        -       0x00000002   Zero   RW         2436    .bss.sizeof_float   kalman_filter.o
    0x200013d2   COMPRESSED   0x00000002   PAD
    0x200013d4        -       0x00000018   Zero   RW         2019    .bss.temp           communicate_task.o
    0x200013ec        -       0x00000004   Zero   RW         1985    .bss.theta_offset   balance_task.o
    0x200013f0        -       0x00000002   Zero   RW         2021    .bss.transmit_tick  communicate_task.o
    0x200013f2   COMPRESSED   0x00000002   PAD
    0x200013f4        -       0x00000004   Zero   RW         1891    .bss.twoKd          imu_task.o
    0x200013f8        -       0x00000004   Zero   RW         2004    .bss.u              balance_task.o
    0x200013fc        -       0x00003c00   Zero   RW         1820    .bss.ucHeap         heap_4.o
    0x20004ffc        -       0x00000001   Zero   RW         1854    .bss.ucMaxSysCallPriority  port.o
    0x20004ffd   COMPRESSED   0x00000003   PAD
    0x20005000        -       0x00000004   Zero   RW         1855    .bss.ulMaxPRIGROUPValue  port.o
    0x20005004        -       0x00000004   Zero   RW          744    .bss.uwTick         stm32f4xx_hal.o
    0x20005008        -       0x00000004   Zero   RW         1653    .bss.uxCurrentNumberOfTasks  tasks.o
    0x2000500c        -       0x00000004   Zero   RW         1652    .bss.uxDeletedTasksWaitingCleanUp  tasks.o
    0x20005010        -       0x00000004   Zero   RW         1655    .bss.uxSchedulerSuspended  tasks.o
    0x20005014        -       0x00000004   Zero   RW         1650    .bss.uxTaskNumber   tasks.o
    0x20005018        -       0x00000004   Zero   RW         1649    .bss.uxTopReadyPriority  tasks.o
    0x2000501c        -       0x00000004   Zero   RW         2006    .bss.vel_cov        balance_task.o
    0x20005020        -       0x00000004   Zero   RW         2007    .bss.vel_measure    balance_task.o
    0x20005024        -       0x00000004   Zero   RW         2005    .bss.vel_prior      balance_task.o
    0x20005028        -       0x00000001   Zero   RW         2084    .bss.write_reg_num  bmi088driver.o
    0x20005029   COMPRESSED   0x00000003   PAD
    0x2000502c        -       0x00000004   Zero   RW         1814    .bss.xBlockAllocatedBit  heap_4.o
    0x20005030        -       0x00000014   Zero   RW         1667    .bss.xDelayedTaskList1  tasks.o
    0x20005044        -       0x00000014   Zero   RW         1668    .bss.xDelayedTaskList2  tasks.o
    0x20005058        -       0x00000004   Zero   RW         1815    .bss.xFreeBytesRemaining  heap_4.o
    0x2000505c        -       0x00000200   Zero   RW           48    .bss.xIdleStack     freertos.o
    0x2000525c        -       0x00000004   Zero   RW         1660    .bss.xIdleTaskHandle  tasks.o
    0x20005260        -       0x00000054   Zero   RW           47    .bss.xIdleTaskTCBBuffer  freertos.o
    0x200052b4        -       0x00000004   Zero   RW         1817    .bss.xMinimumEverFreeBytesRemaining  heap_4.o
    0x200052b8        -       0x00000004   Zero   RW         1661    .bss.xNextTaskUnblockTime  tasks.o
    0x200052bc        -       0x00000004   Zero   RW         1666    .bss.xNumOfOverflows  tasks.o
    0x200052c0        -       0x00000004   Zero   RW         1818    .bss.xNumberOfSuccessfulAllocations  heap_4.o
    0x200052c4        -       0x00000004   Zero   RW         1819    .bss.xNumberOfSuccessfulFrees  heap_4.o
    0x200052c8        -       0x00000004   Zero   RW         1663    .bss.xPendedTicks   tasks.o
    0x200052cc        -       0x00000014   Zero   RW         1658    .bss.xPendingReadyList  tasks.o
    0x200052e0        -       0x00000004   Zero   RW         1654    .bss.xSchedulerRunning  tasks.o
    0x200052e4        -       0x00000008   Zero   RW         1816    .bss.xStart         heap_4.o
    0x200052ec        -       0x00000014   Zero   RW         1657    .bss.xSuspendedTaskList  tasks.o
    0x20005300        -       0x00000014   Zero   RW         1651    .bss.xTasksWaitingTermination  tasks.o
    0x20005314        -       0x00000004   Zero   RW         1656    .bss.xTickCount     tasks.o
    0x20005318        -       0x00000004   Zero   RW         1662    .bss.xYieldPending  tasks.o
    0x2000531c        -       0x00000004   Zero   RW         1998    .bss.yaw_ddwrNwwr   balance_task.o
    0x20005320        -       0x00000004   Zero   RW         1999    .bss.yaw_p_ddwrNwwr  balance_task.o
    0x20005324   COMPRESSED   0x00000004   PAD
    0x20005328        -       0x00000200   Zero   RW            2    HEAP                startup_stm32f446xx.o
    0x20005528        -       0x00000400   Zero   RW            1    STACK               startup_stm32f446xx.o


==============================================================================

Image component sizes


      Code (inc. data)   RO Data    RW Data    ZI Data      Debug   Object Name

      1668         84          0          0          0       3484   a1_driver.o
      2604         44          0          8        520       4725   a1_task.o
       264         12          0          0          0       1078   arm_cos_f32.o
       170          0          0          0          0       1666   arm_mat_add_f32.o
        40          0          0          0          0       1011   arm_mat_init_f32.o
      1016          0          0          0          0       3000   arm_mat_inverse_f32.o
       324          0          0          0          0       2037   arm_mat_mult_f32.o
       170          0          0          0          0       1666   arm_mat_sub_f32.o
       176          0          0          0          0       1694   arm_mat_trans_f32.o
       256         12          0          0          0       1078   arm_sin_f32.o
      5852        168          0        204       1220      10029   balance_task.o
      3488         28          0         47         87       7805   bmi088driver.o
       128          0          0          0          4       4072   bmi088middleware.o
       570          0          0          0         84       6650   can.o
      1522         24          0          1        100       6598   can_bus.o
       310          0          0          0          0      16263   cmsis_os.o
       202          0          0         28         62       1703   communicate_task.o
       172          0          0          0          0       2527   crc.o
       118          0          0          0          0       3508   dma.o
       704          8          0          0         60       3441   dwt_timer.o
       540          0        286          0        624       3493   freertos.o
       282          0          0          0          0       2270   gpio.o
      1084          0          0          0      15392       4437   heap_4.o
      3286         36         36         20        332       7265   imu_task.o
      1522          0          0          0          4       7238   kalman_filter.o
       296          0          0          0          0       2237   list.o
       104          0          0          0          0        796   lk9025_task.o
      1090         60          0          0          0       6277   main.o
       760         16          0          0         20       2177   monitor_task.o
       752         16          0          0          0       2710   pid.o
       996         16          0          4          5       3845   port.o
      3370         24        144        144        820       8885   quaternionekf.o
       160          0          0          0        224       4218   rs485.o
       224          0          0          0         88       4972   spi.o
        36          8        452          0       1536        860   startup_stm32f446xx.o
       158          0          0          5          4       7324   stm32f4xx_hal.o
      3096          0          0          0          0      11528   stm32f4xx_hal_can.o
       384          0          0          0          0       9642   stm32f4xx_hal_cortex.o
      2068          8          8          0          0       8490   stm32f4xx_hal_dma.o
       968          0          0          0          0       5206   stm32f4xx_hal_gpio.o
        88          0          0          0          0       3569   stm32f4xx_hal_msp.o
       774          0          0          0          0       7713   stm32f4xx_hal_rcc.o
      2198         14          0          0          0      11036   stm32f4xx_hal_rcc_ex.o
      1662          0          0          0          0      19740   stm32f4xx_hal_spi.o
      4340         28          0          0          0      35866   stm32f4xx_hal_tim.o
       306          0          0          0          0      15281   stm32f4xx_hal_tim_ex.o
       218          0          0          0         72       7258   stm32f4xx_hal_timebase_tim.o
      3820          0          0          0          0      20251   stm32f4xx_hal_uart.o
       214          0          0          0          0       1943   stm32f4xx_it.o
        18          0         24          4          0       2635   system_stm32f4xx.o
      3562          0          5          0        300      20942   tasks.o
       664          0          0          0        144       8479   tim.o
       124         14          0          0          0       3819   timers_1.o
       538          0          0          0          8       3385   universal.o
       998          0          0          0        600       7951   usart.o

    ----------------------------------------------------------------------
     60700        624        988        476      22336     357773   Object Totals
         0          0         32          0          0          0   (incl. Generated)
       246          4          1         11         26          0   (incl. Padding)

    ----------------------------------------------------------------------

      Code (inc. data)   RO Data    RW Data    ZI Data      Debug   Library Member Name

         0          0       2052          0          0      22396   arm_common_tables.o
       280         46          0          0          0        176   acosf.o
       300         42          0          0          0        176   asinf.o
       744        106        152          0          0        352   atan.o
       512         64          0          0          0        208   atan2.o
       684         90          0          0          0        208   atan2f.o
       184         44          0          0          0        744   dunder.o
        24          0          0          0          0        124   fabs.o
        48          0          0          0          0        124   fpclassify.o
        38          0          0          0          0        116   fpclassifyf.o
        80         24          0          0          0        696   funder.o
       248          0          0          0          0        152   poly.o
      3168        296        136          0          0        352   pow.o
      1636        110        320          0          0        372   powf.o
         0          0          8          0          0          0   qnan.o
       232          0          0          0          0        296   sqrt.o
       120          0          0          0          0        272   sqrtf.o
        86          0          0          0          0          0   __dczerorl2.o
         0          0          0          0          0          0   entry.o
         0          0          0          0          0          0   entry10a.o
         0          0          0          0          0          0   entry11a.o
         8          4          0          0          0          0   entry2.o
         4          0          0          0          0          0   entry5.o
         0          0          0          0          0          0   entry7b.o
         0          0          0          0          0          0   entry8b.o
         8          4          0          0          0          0   entry9a.o
        12          6          0          4          0         68   errno.o
        30          0          0          0          0          0   handlers.o
        36          8          0          0          0         68   init.o
         0          0          0          0          0          0   iusefp.o
        30          0          0          0          0         68   llshl.o
        36          0          0          0          0         68   llsshr.o
        32          0          0          0          0         68   llushr.o
       108         16          0          0          0         84   malloc.o
        36          0          0          0          0         68   memcpya.o
        36          0          0          0          0        108   memseta.o
         0          0          0          8          0          0   mvars.o
        98          0          0          0          0         92   uldiv.o
        48          0          0          0          0         68   cdcmple.o
        48          0          0          0          0         68   cdrcmple.o
        56          0          0          0          0         88   d2f.o
       334          0          0          0          0        148   dadd.o
        54          0          0          0          0         80   dcmpgt.o
       222          0          0          0          0        100   ddiv.o
       186          0          0          0          0        176   depilogue.o
        34          0          0          0          0         76   dflti.o
       228          0          0          0          0         96   dmul.o
        46          0          0          0          0         80   dscalb.o
       162          0          0          0          0        100   dsqrt.o
        38          0          0          0          0         68   f2d.o
       110          0          0          0          0        168   fepilogue.o
         4          0          0          0          0         68   fpstat.o

    ----------------------------------------------------------------------
     10444        868       2668         12          0      28840   Library Totals
        16          8          0          0          0          0   (incl. Padding)

    ----------------------------------------------------------------------

      Code (inc. data)   RO Data    RW Data    ZI Data      Debug   Library Name

         0          0       2052          0          0      22396   arm_cortexM4lf_math.lib
      8298        822        616          0          0       4368   m_wm.l
       560         38          0         12          0        692   mc_w.l
      1570          0          0          0          0       1384   mf_w.l

    ----------------------------------------------------------------------
     10444        868       2668         12          0      28840   Library Totals

    ----------------------------------------------------------------------

==============================================================================


      Code (inc. data)   RO Data    RW Data    ZI Data      Debug   

     71144       1492       3656        488      22336     382097   Grand Totals
     71144       1492       3656        312      22336     382097   ELF Image Totals (compressed)
     71144       1492       3656        312          0          0   ROM Totals

==============================================================================

    Total RO  Size (Code + RO Data)                74800 (  73.05kB)
    Total RW  Size (RW Data + ZI Data)             22824 (  22.29kB)
    Total ROM Size (Code + RO Data + RW Data)      75112 (  73.35kB)

==============================================================================

