Component: Arm Compiler for Embedded 6.19 Tool: armlink [5e73cb00]

==============================================================================

Section Cross References

    startup_stm32f446xx.o(RESET) refers to startup_stm32f446xx.o(STACK) for __initial_sp
    startup_stm32f446xx.o(RESET) refers to startup_stm32f446xx.o(.text) for Reset_Handler
    startup_stm32f446xx.o(RESET) refers to stm32f4xx_it.o(.text.NMI_Handler) for NMI_Handler
    startup_stm32f446xx.o(RESET) refers to stm32f4xx_it.o(.text.HardFault_Handler) for HardFault_Handler
    startup_stm32f446xx.o(RESET) refers to stm32f4xx_it.o(.text.MemManage_Handler) for MemManage_Handler
    startup_stm32f446xx.o(RESET) refers to stm32f4xx_it.o(.text.BusFault_Handler) for BusFault_Handler
    startup_stm32f446xx.o(RESET) refers to stm32f4xx_it.o(.text.UsageFault_Handler) for UsageFault_Handler
    startup_stm32f446xx.o(RESET) refers to port.o(.text.SVC_Handler) for SVC_Handler
    startup_stm32f446xx.o(RESET) refers to stm32f4xx_it.o(.text.DebugMon_Handler) for DebugMon_Handler
    startup_stm32f446xx.o(RESET) refers to port.o(.text.PendSV_Handler) for PendSV_Handler
    startup_stm32f446xx.o(RESET) refers to port.o(.text.SysTick_Handler) for SysTick_Handler
    startup_stm32f446xx.o(RESET) refers to stm32f4xx_it.o(.text.CAN1_RX0_IRQHandler) for CAN1_RX0_IRQHandler
    startup_stm32f446xx.o(RESET) refers to stm32f4xx_it.o(.text.TIM1_UP_TIM10_IRQHandler) for TIM1_UP_TIM10_IRQHandler
    startup_stm32f446xx.o(RESET) refers to stm32f4xx_it.o(.text.USART1_IRQHandler) for USART1_IRQHandler
    startup_stm32f446xx.o(RESET) refers to stm32f4xx_it.o(.text.TIM5_IRQHandler) for TIM5_IRQHandler
    startup_stm32f446xx.o(RESET) refers to stm32f4xx_it.o(.text.UART4_IRQHandler) for UART4_IRQHandler
    startup_stm32f446xx.o(RESET) refers to stm32f4xx_it.o(.text.DMA2_Stream1_IRQHandler) for DMA2_Stream1_IRQHandler
    startup_stm32f446xx.o(RESET) refers to stm32f4xx_it.o(.text.DMA2_Stream2_IRQHandler) for DMA2_Stream2_IRQHandler
    startup_stm32f446xx.o(RESET) refers to stm32f4xx_it.o(.text.CAN2_TX_IRQHandler) for CAN2_TX_IRQHandler
    startup_stm32f446xx.o(RESET) refers to stm32f4xx_it.o(.text.CAN2_RX0_IRQHandler) for CAN2_RX0_IRQHandler
    startup_stm32f446xx.o(RESET) refers to stm32f4xx_it.o(.text.DMA2_Stream6_IRQHandler) for DMA2_Stream6_IRQHandler
    startup_stm32f446xx.o(RESET) refers to stm32f4xx_it.o(.text.DMA2_Stream7_IRQHandler) for DMA2_Stream7_IRQHandler
    startup_stm32f446xx.o(RESET) refers to stm32f4xx_it.o(.text.USART6_IRQHandler) for USART6_IRQHandler
    startup_stm32f446xx.o(.text) refers to system_stm32f4xx.o(.text.SystemInit) for SystemInit
    startup_stm32f446xx.o(.text) refers to entry.o(.ARM.Collect$$$$00000000) for __main
    main.o(.text.User_Init) refers to main.o(.text.A1_Init_Left) for A1_Init_Left
    main.o(.text.User_Init) refers to main.o(.text.A1_Init_Right) for A1_Init_Right
    main.o(.text.User_Init) refers to monitor_task.o(.bss.Robot_Status) for Robot_Status
    main.o(.text.User_Init) refers to balance_task.o(.bss.Balance_Yaw_Position_pid) for Balance_Yaw_Position_pid
    main.o(.text.User_Init) refers to pid.o(.text.PID_Init) for PID_Init
    main.o(.text.User_Init) refers to balance_task.o(.bss.Leg_theta_Harmonize_pid) for Leg_theta_Harmonize_pid
    main.o(.text.User_Init) refers to balance_task.o(.bss.Leg_ROLL_Compensate_pid) for Leg_ROLL_Compensate_pid
    main.o(.text.User_Init) refers to balance_task.o(.bss.L0_pid) for L0_pid
    main.o(.text.User_Init) refers to imu_task.o(.bss.TempCtrl_pid) for TempCtrl_pid
    main.o(.ARM.exidx.text.User_Init) refers to main.o(.text.User_Init) for [Anonymous Symbol]
    main.o(.text.A1_Init_Left) refers to rs485.o(.bss.A1_Transmit_Data_Left) for A1_Transmit_Data_Left
    main.o(.ARM.exidx.text.A1_Init_Left) refers to main.o(.text.A1_Init_Left) for [Anonymous Symbol]
    main.o(.text.A1_Init_Right) refers to rs485.o(.bss.A1_Transmit_Data_Right) for A1_Transmit_Data_Right
    main.o(.ARM.exidx.text.A1_Init_Right) refers to main.o(.text.A1_Init_Right) for [Anonymous Symbol]
    main.o(.text.main) refers to stm32f4xx_hal.o(.text.HAL_Init) for HAL_Init
    main.o(.text.main) refers to main.o(.text.SystemClock_Config) for SystemClock_Config
    main.o(.text.main) refers to gpio.o(.text.MX_GPIO_Init) for MX_GPIO_Init
    main.o(.text.main) refers to dma.o(.text.MX_DMA_Init) for MX_DMA_Init
    main.o(.text.main) refers to spi.o(.text.MX_SPI2_Init) for MX_SPI2_Init
    main.o(.text.main) refers to tim.o(.text.MX_TIM3_Init) for MX_TIM3_Init
    main.o(.text.main) refers to can.o(.text.MX_CAN1_Init) for MX_CAN1_Init
    main.o(.text.main) refers to usart.o(.text.MX_USART1_UART_Init) for MX_USART1_UART_Init
    main.o(.text.main) refers to can.o(.text.MX_CAN2_Init) for MX_CAN2_Init
    main.o(.text.main) refers to usart.o(.text.MX_UART4_Init) for MX_UART4_Init
    main.o(.text.main) refers to usart.o(.text.MX_USART6_UART_Init) for MX_USART6_UART_Init
[...]
    __scatterload_copy                       0x08011451   Thumb Code    14  handlers.o(i.__scatterload_copy)
    __scatterload_null                       0x0801145f   Thumb Code     2  handlers.o(i.__scatterload_null)
    __scatterload_zeroinit                   0x08011461   Thumb Code    14  handlers.o(i.__scatterload_zeroinit)
    __set_errno                              0x08011471   Thumb Code     6  errno.o(i.__set_errno)
    atan                                     0x0801147d   Thumb Code    16  atan.o(i.atan)
    fabs                                     0x0801148d   Thumb Code    24  fabs.o(i.fabs)
    malloc                                   0x080114a5   Thumb Code    92  malloc.o(i.malloc)
    sqrt                                     0x08011511   Thumb Code   110  sqrt.o(i.sqrt)
    sqrtf                                    0x0801157f   Thumb Code    62  sqrtf.o(i.sqrtf)
    sinTable_f32                             0x080115bc   Data        2052  arm_common_tables.o(.constdata)
    __mathlib_zero                           0x08012020   Data           8  qnan.o(.constdata)
    AHBPrescTable                            0x080120d0   Data          16  system_stm32f4xx.o(.rodata.AHBPrescTable)
    APBPrescTable                            0x080120e0   Data           8  system_stm32f4xx.o(.rodata.APBPrescTable)
    IMU_QuaternionEKF_F                      0x080120f0   Data         144  quaternionekf.o(.rodata.IMU_QuaternionEKF_F)
    xb                                       0x080121d4   Data          12  imu_task.o(.rodata.xb)
    yb                                       0x080121e0   Data          12  imu_task.o(.rodata.yb)
    zb                                       0x080121ec   Data          12  imu_task.o(.rodata.zb)
    Region$$Table$$Base                      0x080121f8   Number         0  anon$$obj.o(Region$$Table)
    Region$$Table$$Limit                     0x08012218   Number         0  anon$$obj.o(Region$$Table)
    __microlib_freelist                      0x20000000   Data           4  mvars.o(.data)
    __microlib_freelist_initialised          0x20000004   Data           4  mvars.o(.data)
    A1_Pos_offset                            0x2000000c   Data          16  a1_driver.o(.data.A1_Pos_offset)
    BMI088_ACCEL_SEN                         0x2000001c   Data           4  bmi088driver.o(.data.BMI088_ACCEL_SEN)
    BMI088_GYRO_SEN                          0x20000020   Data           4  bmi088driver.o(.data.BMI088_GYRO_SEN)
    IMU_QuaternionEKF_P                      0x20000028   Data         144  quaternionekf.o(.data.IMU_QuaternionEKF_P)
    Jump_F                                   0x200000b8   Data           8  balance_task.o(.data.Jump_F)
    LK9025_Tx_Count                          0x200000c0   Data           1  can_bus.o(.data.LK9025_Tx_Count)
    RefTemp                                  0x200000c4   Data           4  imu_task.o(.data.RefTemp)
    Support_F                                0x200000c8   Data           8  a1_task.o(.data.Support_F)
    SystemCoreClock                          0x200000d0   Data           4  system_stm32f4xx.o(.data.SystemCoreClock)
    Theta_Klpf                               0x200000d4   Data           4  balance_task.o(.data.Theta_Klpf)
    Tx_buf                                   0x200000d8   Data          28  communicate_task.o(.data.Tx_buf)
    a11                                      0x200000f4   Data          16  balance_task.o(.data.a11)
    a12                                      0x20000104   Data          16  balance_task.o(.data.a12)
    a13                                      0x20000114   Data          16  balance_task.o(.data.a13)
    a14                                      0x20000124   Data          16  balance_task.o(.data.a14)
    a15                                      0x20000134   Data          16  balance_task.o(.data.a15)
    a16                                      0x20000144   Data          16  balance_task.o(.data.a16)
    a21                                      0x20000154   Data          16  balance_task.o(.data.a21)
    a22                                      0x20000164   Data          16  balance_task.o(.data.a22)
    a23                                      0x20000174   Data          16  balance_task.o(.data.a23)
    a24                                      0x20000184   Data          16  balance_task.o(.data.a24)
    a25                                      0x20000194   Data          16  balance_task.o(.data.a25)
    a26                                      0x200001a4   Data          16  balance_task.o(.data.a26)
    caliOffset                               0x200001b4   Data           1  bmi088driver.o(.data.caliOffset)
    q0                                       0x200001b8   Data           4  imu_task.o(.data.q0)
    q1                                       0x200001bc   Data           4  imu_task.o(.data.q1)
    twoKi                                    0x200001c0   Data           4  imu_task.o(.data.twoKi)
    twoKp                                    0x200001c4   Data           4  imu_task.o(.data.twoKp)
    uwTickFreq                               0x200001c8   Data           1  stm32f4xx_hal.o(.data.uwTickFreq)
    uwTickPrio                               0x200001cc   Data           4  stm32f4xx_hal.o(.data.uwTickPrio)
    A1Task_dt                                0x200001f8   Data           4  a1_task.o(.bss.A1Task_dt)
    A1_Control                               0x200001fc   Data         272  a1_task.o(.bss.A1_Control)
    A1_Motor                                 0x2000030c   Data         208  a1_task.o(.bss.A1_Motor)
    A1_Receive_Data_Left                     0x200003dc   Data          78  rs485.o(.bss.A1_Receive_Data_Left)
    A1_Receive_Data_Right                    0x2000042a   Data          78  rs485.o(.bss.A1_Receive_Data_Right)
    A1_Transmit_Data_Left                    0x20000478   Data          34  rs485.o(.bss.A1_Transmit_Data_Left)
    A1_Transmit_Data_Right                   0x2000049a   Data          34  rs485.o(.bss.A1_Transmit_Data_Right)
    A1_Tx_Task_Handle                        0x200004bc   Data           4  freertos.o(.bss.A1_Tx_Task_Handle)
    A_inverse_Left                           0x200004c4   Data           8  a1_task.o(.bss.A_inverse_Left)
    A_inverse_Right                          0x200004cc   Data           8  a1_task.o(.bss.A_inverse_Right)
    A_sorce_Left                             0x200004d4   Data           8  a1_task.o(.bss.A_sorce_Left)
    A_sorce_Right                            0x200004dc   Data           8  a1_task.o(.bss.A_sorce_Right)
    BMI088                                   0x200004e4   Data          52  bmi088driver.o(.bss.BMI088)
    BMI088_SPI                               0x20000524   Data           4  bmi088middleware.o(.bss.BMI088_SPI)
    BalanceTask_dt                           0x20000528   Data           4  balance_task.o(.bss.BalanceTask_dt)
    Balance_Yaw_Position_pid                 0x2000052c   Data          68  balance_task.o(.bss.Balance_Yaw_Position_pid)
    Balance_Yaw_Speed_pid                    0x20000570   Data          68  balance_task.o(.bss.Balance_Yaw_Speed_pid)
    CYCCNT64                                 0x200005c0   Data           8  dwt_timer.o(.bss.CYCCNT64)
    ChassisTaskHandle                        0x200005d4   Data           4  freertos.o(.bss.ChassisTaskHandle)
    Command                                  0x200005d8   Data          36  communicate_task.o(.bss.Command)
    CommunicateTaskHandle                    0x200005fc   Data           4  freertos.o(.bss.CommunicateTaskHandle)
    Data_Buf                                 0x20000618   Data           8  can_bus.o(.bss.Data_Buf)
    GM6020_YAW                               0x20000620   Data          36  balance_task.o(.bss.GM6020_YAW)
    IMU_Param                                0x20000648   Data          28  imu_task.o(.bss.IMU_Param)
    IMU_QuaternionEKF_H                      0x20000678   Data          72  quaternionekf.o(.bss.IMU_QuaternionEKF_H)
    IMU_QuaternionEKF_K                      0x200006c0   Data          72  quaternionekf.o(.bss.IMU_QuaternionEKF_K)
    INS_DWT_Count                            0x20000728   Data           4  imu_task.o(.bss.INS_DWT_Count)
    ImuTaskHandle                            0x2000072c   Data           4  freertos.o(.bss.ImuTaskHandle)
    InsTask_dt                               0x20000730   Data           4  imu_task.o(.bss.InsTask_dt)
    Ins_Data                                 0x20000734   Data         164  imu_task.o(.bss.Ins_Data)
    L0_pid                                   0x200007f4   Data         136  balance_task.o(.bss.L0_pid)
    LK9025_Motor                             0x2000087c   Data          64  balance_task.o(.bss.LK9025_Motor)
    LK9025_Tx_Task_Handle                    0x200008bc   Data           4  freertos.o(.bss.LK9025_Tx_Task_Handle)
    Leg                                      0x200008c0   Data         400  balance_task.o(.bss.Leg)
    Leg_ROLL_Compensate_pid                  0x20000a50   Data         136  balance_task.o(.bss.Leg_ROLL_Compensate_pid)
    Leg_theta_Harmonize_pid                  0x20000ad8   Data         136  balance_task.o(.bss.Leg_theta_Harmonize_pid)
    P_data_observe                           0x20000b64   Data         144  quaternionekf.o(.bss.P_data_observe)
    QEKF_INS                                 0x20000bf8   Data         480  quaternionekf.o(.bss.QEKF_INS)
    Robot_Status                             0x20000dd8   Data          12  monitor_task.o(.bss.Robot_Status)
    RxMessage                                0x20000de4   Data          56  can_bus.o(.bss.RxMessage)
    State_Variables                          0x20000e1c   Data          92  balance_task.o(.bss.State_Variables)
    Status_Counter                           0x20000e78   Data           4  monitor_task.o(.bss.Status_Counter)
    SysTime                                  0x20000e7c   Data           8  dwt_timer.o(.bss.SysTime)
    TempCtrl_pid                             0x20000e84   Data          68  imu_task.o(.bss.TempCtrl_pid)
    caliCount                                0x20000ee4   Data           2  bmi088driver.o(.bss.caliCount)
    can_id                                   0x20000ee6   Data          12  can_bus.o(.bss.can_id)
    defaultTaskHandle                        0x20000ef4   Data           4  freertos.o(.bss.defaultTaskHandle)
    fai_offset                               0x20000efc   Data           4  balance_task.o(.bss.fai_offset)
    gNormDiff                                0x20000f08   Data           4  bmi088driver.o(.bss.gNormDiff)
    gravity_b                                0x20000f0c   Data          12  imu_task.o(.bss.gravity_b)
    gyroDiff                                 0x20000f18   Data          12  bmi088driver.o(.bss.gyroDiff)
    hcan1                                    0x20000f3c   Data          40  can.o(.bss.hcan1)
    hcan2                                    0x20000f64   Data          40  can.o(.bss.hcan2)
    hdma_usart1_rx                           0x20000f8c   Data          96  usart.o(.bss.hdma_usart1_rx)
    hdma_usart1_tx                           0x20000fec   Data          96  usart.o(.bss.hdma_usart1_tx)
    hdma_usart6_rx                           0x2000104c   Data          96  usart.o(.bss.hdma_usart6_rx)
    hdma_usart6_tx                           0x200010ac   Data          96  usart.o(.bss.hdma_usart6_tx)
    hspi2                                    0x2000110c   Data          88  spi.o(.bss.hspi2)
    htim1                                    0x20001164   Data          72  stm32f4xx_hal_timebase_tim.o(.bss.htim1)
    htim3                                    0x200011ac   Data          72  tim.o(.bss.htim3)
    htim5                                    0x200011f4   Data          72  tim.o(.bss.htim5)
    huart1                                   0x2000123c   Data          72  usart.o(.bss.huart1)
    huart4                                   0x20001284   Data          72  usart.o(.bss.huart4)
    huart6                                   0x200012cc   Data          72  usart.o(.bss.huart6)
    integralFBx                              0x20001314   Data           4  imu_task.o(.bss.integralFBx)
    integralFBy                              0x20001318   Data           4  imu_task.o(.bss.integralFBy)
    integralFBz                              0x2000131c   Data           4  imu_task.o(.bss.integralFBz)
    k                                        0x20001320   Data           4  balance_task.o(.bss.k)
    macc_x                                   0x20001324   Data           4  balance_task.o(.bss.macc_x)
    macc_z                                   0x20001328   Data           4  balance_task.o(.bss.macc_z)
    pitch_ddwrNwwr                           0x20001330   Data           4  balance_task.o(.bss.pitch_ddwrNwwr)
    pxCurrentTCB                             0x20001334   Data           4  tasks.o(.bss.pxCurrentTCB)
    q2                                       0x200013d0   Data           4  imu_task.o(.bss.q2)
    q3                                       0x200013d4   Data           4  imu_task.o(.bss.q3)
    sizeof_double                            0x200013da   Data           2  kalman_filter.o(.bss.sizeof_double)
    sizeof_float                             0x200013dc   Data           2  kalman_filter.o(.bss.sizeof_float)
    temp                                     0x200013e0   Data          24  communicate_task.o(.bss.temp)
    theta_offset                             0x200013f8   Data           4  balance_task.o(.bss.theta_offset)
    twoKd                                    0x20001400   Data           4  imu_task.o(.bss.twoKd)
    u                                        0x20001404   Data           4  balance_task.o(.bss.u)
    uwTick                                   0x20005010   Data           4  stm32f4xx_hal.o(.bss.uwTick)
    vel_cov                                  0x20005028   Data           4  balance_task.o(.bss.vel_cov)
    vel_measure                              0x2000502c   Data           4  balance_task.o(.bss.vel_measure)
    vel_prior                                0x20005030   Data           4  balance_task.o(.bss.vel_prior)
    yaw_ddwrNwwr                             0x20005328   Data           4  balance_task.o(.bss.yaw_ddwrNwwr)
    yaw_p_ddwrNwwr                           0x2000532c   Data           4  balance_task.o(.bss.yaw_p_ddwrNwwr)
    __heap_base                              0x20005330   Data           0  startup_stm32f446xx.o(HEAP)
    __heap_limit                             0x20005530   Data           0  startup_stm32f446xx.o(HEAP)
    __initial_sp                             0x20005930   Data           0  startup_stm32f446xx.o(STACK)



==============================================================================

Memory Map of the image

  Image Entry point : 0x080001c5

  Load Region LR_IROM1 (Base: 0x08000000, Size: 0x00012410, Max: 0x00040000, ABSOLUTE, COMPRESSED[0x00012360])

    Execution Region ER_IROM1 (Exec base: 0x08000000, Load base: 0x08000000, Size: 0x00012218, Max: 0x00040000, ABSOLUTE)

    Exec Addr    Load Addr    Size         Type   Attr      Idx    E Section Name        Object

    0x08000000   0x08000000   0x000001c4   Data   RO            3    RESET               startup_stm32f446xx.o
    0x080001c4   0x080001c4   0x00000000   Code   RO         2624  * .ARM.Collect$$$$00000000  mc_w.l(entry.o)
    0x080001c4   0x080001c4   0x00000004   Code   RO         2725    .ARM.Collect$$$$00000001  mc_w.l(entry2.o)
    0x080001c8   0x080001c8   0x00000004   Code   RO         2728    .ARM.Collect$$$$00000004  mc_w.l(entry5.o)
    0x080001cc   0x080001cc   0x00000000   Code   RO         2730    .ARM.Collect$$$$00000008  mc_w.l(entry7b.o)
    0x080001cc   0x080001cc   0x00000000   Code   RO         2732    .ARM.Collect$$$$0000000A  mc_w.l(entry8b.o)
    0x080001cc   0x080001cc   0x00000008   Code   RO         2733    .ARM.Collect$$$$0000000B  mc_w.l(entry9a.o)
    0x080001d4   0x080001d4   0x00000000   Code   RO         2735    .ARM.Collect$$$$0000000D  mc_w.l(entry10a.o)
    0x080001d4   0x080001d4   0x00000000   Code   RO         2737    .ARM.Collect$$$$0000000F  mc_w.l(entry11a.o)
    0x080001d4   0x080001d4   0x00000004   Code   RO         2726    .ARM.Collect$$$$00002712  mc_w.l(entry2.o)
    0x080001d8   0x080001d8   0x00000024   Code   RO            4    .text               startup_stm32f446xx.o
    0x080001fc   0x080001fc   0x00000062   Code   RO         2627    .text               mc_w.l(uldiv.o)
    0x0800025e   0x0800025e   0x00000024   Code   RO         2629    .text               mc_w.l(memcpya.o)
    0x08000282   0x08000282   0x00000024   Code   RO         2631    .text               mc_w.l(memseta.o)
    0x080002a6   0x080002a6   0x0000014e   Code   RO         2663    .text               mf_w.l(dadd.o)
    0x080003f4   0x080003f4   0x000000e4   Code   RO         2665    .text               mf_w.l(dmul.o)
    0x080004d8   0x080004d8   0x000000de   Code   RO         2667    .text               mf_w.l(ddiv.o)
    0x080005b6   0x080005b6   0x00000036   Code   RO         2669    .text               mf_w.l(dcmpgt.o)
    0x080005ec   0x080005ec   0x00000026   Code   RO         2673    .text               mf_w.l(f2d.o)
    0x08000612   0x08000612   0x00000038   Code   RO         2675    .text               mf_w.l(d2f.o)
    0x0800064a   0x0800064a   0x0000001e   Code   RO         2739    .text               mc_w.l(llshl.o)
    0x08000668   0x08000668   0x00000020   Code   RO         2741    .text               mc_w.l(llushr.o)
    0x08000688   0x08000688   0x00000024   Code   RO         2743    .text               mc_w.l(llsshr.o)
    0x080006ac   0x080006ac   0x00000000   Code   RO         2754    .text               mc_w.l(iusefp.o)
    0x080006ac   0x080006ac   0x0000006e   Code   RO         2755    .text               mf_w.l(fepilogue.o)
    0x0800071a   0x0800071a   0x000000ba   Code   RO         2757    .text               mf_w.l(depilogue.o)
    0x080007d4   0x080007d4   0x0000002e   Code   RO         2761    .text               mf_w.l(dscalb.o)
    0x08000802   0x08000802   0x000000a2   Code   RO         2763    .text               mf_w.l(dsqrt.o)
    0x080008a4   0x080008a4   0x00000022   Code   RO         2765    .text               mf_w.l(dflti.o)
    0x080008c6   0x080008c6   0x00000002   PAD
    0x080008c8   0x080008c8   0x00000030   Code   RO         2767    .text               mf_w.l(cdcmple.o)
    0x080008f8   0x080008f8   0x00000030   Code   RO         2769    .text               mf_w.l(cdrcmple.o)
    0x08000928   0x08000928   0x00000004   Code   RO         2771    .text               mf_w.l(fpstat.o)
    0x0800092c   0x0800092c   0x00000024   Code   RO         2773    .text               mc_w.l(init.o)
    0x08000950   0x08000950   0x00000056   Code   RO         2783    .text               mc_w.l(__dczerorl2.o)
    0x080009a6   0x080009a6   0x00000002   PAD
    0x080009a8   0x080009a8   0x00000220   Code   RO         2449    .text.A1_Data_Rx_Left  a1_driver.o
    0x08000bc8   0x08000bc8   0x000001d8   Code   RO         2451    .text.A1_Data_Rx_Right  a1_driver.o
    0x08000da0   0x08000da0   0x0000005e   Code   RO           13    .text.A1_Init_Left  main.o
    0x08000dfe   0x08000dfe   0x00000002   PAD
    0x08000e00   0x08000e00   0x0000005e   Code   RO           15    .text.A1_Init_Right  main.o
    0x08000e5e   0x08000e5e   0x00000002   PAD
    0x08000e60   0x08000e60   0x0000007c   Code   RO         2036    .text.A1_LimitMotorOutput  a1_task.o
    0x08000edc   0x08000edc   0x000000b0   Code   RO         2453    .text.A1_Modify_Data  a1_driver.o
    0x08000f8c   0x08000f8c   0x000000da   Code   RO         2455    .text.A1_Transmit_Data_Deal_Left  a1_driver.o
    0x08001066   0x08001066   0x00000002   PAD
    0x08001068   0x08001068   0x000000da   Code   RO         2457    .text.A1_Transmit_Data_Deal_Right  a1_driver.o
    0x08001142   0x08001142   0x00000002   PAD
    0x08001144   0x08001144   0x000001cc   Code   RO         2028    .text.A1_Tx_Task    a1_task.o
    0x08001310   0x08001310   0x00000014   Code   RO         2106    .text.BMI088_ACCEL_NS_H  bmi088middleware.o
    0x08001324   0x08001324   0x00000014   Code   RO         2104    .text.BMI088_ACCEL_NS_L  bmi088middleware.o
    0x08001338   0x08001338   0x00000014   Code   RO         2110    .text.BMI088_GYRO_NS_H  bmi088middleware.o
    0x0800134c   0x0800134c   0x00000014   Code   RO         2108    .text.BMI088_GYRO_NS_L  bmi088middleware.o
    0x08001360   0x08001360   0x00000298   Code   RO         2076    .text.BMI088_Read   bmi088driver.o
    0x080015f8   0x080015f8   0x000000b4   Code   RO         2064    .text.BMI088_init   bmi088driver.o
    0x080016ac   0x080016ac   0x00000044   Code   RO         2078    .text.BMI088_read_muli_reg  bmi088driver.o
    0x080016f0   0x080016f0   0x00000024   Code   RO         2074    .text.BMI088_read_single_reg  bmi088driver.o
    0x08001714   0x08001714   0x00000030   Code   RO         2112    .text.BMI088_read_write_byte  bmi088middleware.o
    0x08001744   0x08001744   0x00000020   Code   RO         2072    .text.BMI088_write_single_reg  bmi088driver.o
    0x08001764   0x08001764   0x000003c0   Code   RO         1940    .text.Balance_Task  balance_task.o
    0x08001b24   0x08001b24   0x00000142   Code   RO         1867    .text.BodyFrameToEarthFrame  imu_task.o
    0x08001c66   0x08001c66   0x00000002   PAD
    0x08001c68   0x08001c68   0x00000004   Code   RO          160    .text.BusFault_Handler  stm32f4xx_it.o
    0x08001c6c   0x08001c6c   0x00000042   Code   RO         2142    .text.CAN1_Filter_Init  can_bus.o
    0x08001cae   0x08001cae   0x00000002   PAD
    0x08001cb0   0x08001cb0   0x00000010   Code   RO          166    .text.CAN1_RX0_IRQHandler  stm32f4xx_it.o
    0x08001cc0   0x08001cc0   0x000000a2   Code   RO         2136    .text.CAN1_Receive  can_bus.o
    0x08001d62   0x08001d62   0x00000002   PAD
    0x08001d64   0x08001d64   0x00000048   Code   RO         2144    .text.CAN2_Filter_Init  can_bus.o
    0x08001dac   0x08001dac   0x00000010   Code   RO          182    .text.CAN2_RX0_IRQHandler  stm32f4xx_it.o
    0x08001dbc   0x08001dbc   0x00000010   Code   RO          180    .text.CAN2_TX_IRQHandler  stm32f4xx_it.o
    0x08001dcc   0x08001dcc   0x0000003e   Code   RO         2140    .text.CAN_Start     can_bus.o
    0x08001e0a   0x08001e0a   0x00000002   PAD
    0x08001e0c   0x08001e0c   0x0000069c   Code   RO         2070    .text.Calibrate_MPU_Offset  bmi088driver.o
    0x080024a8   0x080024a8   0x000000ca   Code   RO         2016    .text.Communicate_Task  communicate_task.o
    0x08002572   0x08002572   0x00000002   PAD
    0x08002574   0x08002574   0x00000010   Code   RO          176    .text.DMA2_Stream1_IRQHandler  stm32f4xx_it.o
    0x08002584   0x08002584   0x00000010   Code   RO          178    .text.DMA2_Stream2_IRQHandler  stm32f4xx_it.o
    0x08002594   0x08002594   0x00000010   Code   RO          184    .text.DMA2_Stream6_IRQHandler  stm32f4xx_it.o
    0x080025a4   0x080025a4   0x00000010   Code   RO          186    .text.DMA2_Stream7_IRQHandler  stm32f4xx_it.o
    0x080025b4   0x080025b4   0x00000056   Code   RO          514    .text.DMA_CalcBaseAndBitshift  stm32f4xx_hal_dma.o
    0x0800260a   0x0800260a   0x00000002   PAD
    0x0800260c   0x0800260c   0x000000f0   Code   RO          512    .text.DMA_CheckFifoParam  stm32f4xx_hal_dma.o
    0x080026fc   0x080026fc   0x00000050   Code   RO          520    .text.DMA_SetConfig  stm32f4xx_hal_dma.o
    0x0800274c   0x0800274c   0x00000040   Code   RO         2165    .text.DWT_CNT_Update  dwt_timer.o
    0x0800278c   0x0800278c   0x00000058   Code   RO         2177    .text.DWT_Delay     dwt_timer.o
    0x080027e4   0x080027e4   0x0000004c   Code   RO         2163    .text.DWT_GetDeltaT  dwt_timer.o
    0x08002830   0x08002830   0x00000058   Code   RO         2171    .text.DWT_GetTimeline_s  dwt_timer.o
    0x08002888   0x08002888   0x00000088   Code   RO         2161    .text.DWT_Init      dwt_timer.o
    0x08002910   0x08002910   0x000000fc   Code   RO         2169    .text.DWT_SysTimeUpdate  dwt_timer.o
    0x08002a0c   0x08002a0c   0x00000002   Code   RO          164    .text.DebugMon_Handler  stm32f4xx_it.o
    0x08002a0e   0x08002a0e   0x00000002   PAD
    0x08002a10   0x08002a10   0x00000142   Code   RO         1869    .text.EarthFrameToBodyFrame  imu_task.o
    0x08002b52   0x08002b52   0x00000002   PAD
    0x08002b54   0x08002b54   0x00000006   Code   RO           21    .text.Error_Handler  main.o
    0x08002b5a   0x08002b5a   0x00000002   PAD
    0x08002b5c   0x08002b5c   0x00000032   Code   RO         2204    .text.Func_Abs      universal.o
    0x08002b8e   0x08002b8e   0x00000002   PAD
    0x08002b90   0x08002b90   0x00000060   Code   RO         2210    .text.Func_Limit    universal.o
    0x08002bf0   0x08002bf0   0x00000096   Code   RO         2196    .text.Func_Ramp     universal.o
    0x08002c86   0x08002c86   0x00000002   PAD
    0x08002c88   0x08002c88   0x0000002a   Code   RO         2198    .text.Func_Signal   universal.o
    0x08002cb2   0x08002cb2   0x00000002   PAD
    0x08002cb4   0x08002cb4   0x00000060   Code   RO         2206    .text.Func_ValueRannge  universal.o
    0x08002d14   0x08002d14   0x00000094   Code   RO         2132    .text.Gimbal_Communicate  can_bus.o
    0x08002da8   0x08002da8   0x00000118   Code   RO         2134    .text.Gimbal_Data_Receive  can_bus.o
    0x08002ec0   0x08002ec0   0x00000052   Code   RO          253    .text.HAL_CAN_ActivateNotification  stm32f4xx_hal_can.o
    0x08002f12   0x08002f12   0x00000002   PAD
    0x08002f14   0x08002f14   0x00000156   Code   RO          239    .text.HAL_CAN_AddTxMessage  stm32f4xx_hal_can.o
    0x0800306a   0x0800306a   0x00000002   PAD
    0x0800306c   0x0800306c   0x000001a4   Code   RO          229    .text.HAL_CAN_ConfigFilter  stm32f4xx_hal_can.o
    0x08003210   0x08003210   0x00000008   Code   RO          283    .text.HAL_CAN_ErrorCallback  stm32f4xx_hal_can.o
    0x08003218   0x08003218   0x00000212   Code   RO          249    .text.HAL_CAN_GetRxMessage  stm32f4xx_hal_can.o
    0x0800342a   0x0800342a   0x00000002   PAD
    0x0800342c   0x0800342c   0x000003f2   Code   RO          257    .text.HAL_CAN_IRQHandler  stm32f4xx_hal_can.o
    0x0800381e   0x0800381e   0x00000002   PAD
    0x08003820   0x08003820   0x000001de   Code   RO          219    .text.HAL_CAN_Init  stm32f4xx_hal_can.o
    0x080039fe   0x080039fe   0x00000002   PAD
    0x08003a00   0x08003a00   0x0000019e   Code   RO           75    .text.HAL_CAN_MspInit  can.o
    0x08003b9e   0x08003b9e   0x00000002   PAD
    0x08003ba0   0x08003ba0   0x00000008   Code   RO          271    .text.HAL_CAN_RxFifo0FullCallback  stm32f4xx_hal_can.o
    0x08003ba8   0x08003ba8   0x0000003a   Code   RO         2146    .text.HAL_CAN_RxFifo0MsgPendingCallback  can_bus.o
    0x08003be2   0x08003be2   0x00000002   PAD
    0x08003be4   0x08003be4   0x00000008   Code   RO          275    .text.HAL_CAN_RxFifo1FullCallback  stm32f4xx_hal_can.o
    0x08003bec   0x08003bec   0x00000008   Code   RO          277    .text.HAL_CAN_RxFifo1MsgPendingCallback  stm32f4xx_hal_can.o
    0x08003bf4   0x08003bf4   0x00000008   Code   RO          279    .text.HAL_CAN_SleepCallback  stm32f4xx_hal_can.o
    0x08003bfc   0x08003bfc   0x0000008a   Code   RO          231    .text.HAL_CAN_Start  stm32f4xx_hal_can.o
    0x08003c86   0x08003c86   0x00000002   PAD
    0x08003c88   0x08003c88   0x00000008   Code   RO          261    .text.HAL_CAN_TxMailbox0AbortCallback  stm32f4xx_hal_can.o
    0x08003c90   0x08003c90   0x00000008   Code   RO          259    .text.HAL_CAN_TxMailbox0CompleteCallback  stm32f4xx_hal_can.o
    0x08003c98   0x08003c98   0x00000008   Code   RO          265    .text.HAL_CAN_TxMailbox1AbortCallback  stm32f4xx_hal_can.o
    0x08003ca0   0x08003ca0   0x00000008   Code   RO          263    .text.HAL_CAN_TxMailbox1CompleteCallback  stm32f4xx_hal_can.o
    0x08003ca8   0x08003ca8   0x00000008   Code   RO          269    .text.HAL_CAN_TxMailbox2AbortCallback  stm32f4xx_hal_can.o
    0x08003cb0   0x08003cb0   0x00000008   Code   RO          267    .text.HAL_CAN_TxMailbox2CompleteCallback  stm32f4xx_hal_can.o
    0x08003cb8   0x08003cb8   0x00000008   Code   RO          281    .text.HAL_CAN_WakeUpFromRxMsgCallback  stm32f4xx_hal_can.o
    0x08003cc0   0x08003cc0   0x000000ec   Code   RO          524    .text.HAL_DMA_Abort  stm32f4xx_hal_dma.o
    0x08003dac   0x08003dac   0x00000044   Code   RO          526    .text.HAL_DMA_Abort_IT  stm32f4xx_hal_dma.o
    0x08003df0   0x08003df0   0x0000031e   Code   RO          530    .text.HAL_DMA_IRQHandler  stm32f4xx_hal_dma.o
    0x0800410e   0x0800410e   0x00000002   PAD
    0x08004110   0x08004110   0x0000016e   Code   RO          510    .text.HAL_DMA_Init  stm32f4xx_hal_dma.o
    0x0800427e   0x0800427e   0x00000002   PAD
    0x08004280   0x08004280   0x000000c2   Code   RO          522    .text.HAL_DMA_Start_IT  stm32f4xx_hal_dma.o
    0x08004342   0x08004342   0x00000002   PAD
    0x08004344   0x08004344   0x00000042   Code   RO          707    .text.HAL_Delay     stm32f4xx_hal.o
    0x08004386   0x08004386   0x00000002   PAD
    0x08004388   0x08004388   0x0000039a   Code   RO          472    .text.HAL_GPIO_Init  stm32f4xx_hal_gpio.o
    0x08004722   0x08004722   0x00000002   PAD
    0x08004724   0x08004724   0x0000002e   Code   RO          478    .text.HAL_GPIO_WritePin  stm32f4xx_hal_gpio.o
    0x08004752   0x08004752   0x00000002   PAD
    0x08004754   0x08004754   0x0000000c   Code   RO          699    .text.HAL_GetTick   stm32f4xx_hal.o
    0x08004760   0x08004760   0x0000001a   Code   RO          697    .text.HAL_IncTick   stm32f4xx_hal.o
    0x0800477a   0x0800477a   0x00000002   PAD
    0x0800477c   0x0800477c   0x00000036   Code   RO          687    .text.HAL_Init      stm32f4xx_hal.o
    0x080047b2   0x080047b2   0x00000002   PAD
    0x080047b4   0x080047b4   0x000000da   Code   RO          205    .text.HAL_InitTick  stm32f4xx_hal_timebase_tim.o
    0x0800488e   0x0800488e   0x00000002   PAD
    0x08004890   0x08004890   0x00000058   Code   RO          197    .text.HAL_MspInit   stm32f4xx_hal_msp.o
    0x080048e8   0x080048e8   0x00000014   Code   RO          626    .text.HAL_NVIC_EnableIRQ  stm32f4xx_hal_cortex.o
    0x080048fc   0x080048fc   0x00000032   Code   RO          618    .text.HAL_NVIC_SetPriority  stm32f4xx_hal_cortex.o
    0x0800492e   0x0800492e   0x00000002   PAD
    0x08004930   0x08004930   0x00000010   Code   RO          614    .text.HAL_NVIC_SetPriorityGrouping  stm32f4xx_hal_cortex.o
    0x08004940   0x08004940   0x00000262   Code   RO          302    .text.HAL_RCC_ClockConfig  stm32f4xx_hal_rcc.o
    0x08004ba2   0x08004ba2   0x00000002   PAD
    0x08004ba4   0x08004ba4   0x00000054   Code   RO          320    .text.HAL_RCC_GetClockConfig  stm32f4xx_hal_rcc.o
    0x08004bf8   0x08004bf8   0x0000000c   Code   RO          312    .text.HAL_RCC_GetHCLKFreq  stm32f4xx_hal_rcc.o
    0x08004c04   0x08004c04   0x00000022   Code   RO          314    .text.HAL_RCC_GetPCLK1Freq  stm32f4xx_hal_rcc.o
    0x08004c26   0x08004c26   0x00000002   PAD
    0x08004c28   0x08004c28   0x00000022   Code   RO          316    .text.HAL_RCC_GetPCLK2Freq  stm32f4xx_hal_rcc.o
    0x08004c4a   0x08004c4a   0x00000002   PAD
    0x08004c4c   0x08004c4c   0x00000170   Code   RO          349    .text.HAL_RCC_GetSysClockFreq  stm32f4xx_hal_rcc_ex.o
    0x08004dbc   0x08004dbc   0x00000726   Code   RO          353    .text.HAL_RCC_OscConfig  stm32f4xx_hal_rcc_ex.o
    0x080054e2   0x080054e2   0x00000002   PAD
    0x080054e4   0x080054e4   0x00000100   Code   RO          776    .text.HAL_SPI_Init  stm32f4xx_hal_spi.o
    0x080055e4   0x080055e4   0x00000092   Code   RO           99    .text.HAL_SPI_MspInit  spi.o
    0x08005676   0x08005676   0x00000002   PAD
    0x08005678   0x08005678   0x00000388   Code   RO          790    .text.HAL_SPI_TransmitReceive  stm32f4xx_hal_spi.o
    0x08005a00   0x08005a00   0x00000008   Code   RO         1216    .text.HAL_TIMEx_BreakCallback  stm32f4xx_hal_tim_ex.o
    0x08005a08   0x08005a08   0x00000008   Code   RO         1212    .text.HAL_TIMEx_CommutCallback  stm32f4xx_hal_tim_ex.o
    0x08005a10   0x08005a10   0x00000122   Code   RO         1206    .text.HAL_TIMEx_MasterConfigSynchronization  stm32f4xx_hal_tim_ex.o
    0x08005b32   0x08005b32   0x00000002   PAD
    0x08005b34   0x08005b34   0x0000009c   Code   RO          893    .text.HAL_TIM_Base_Init  stm32f4xx_hal_tim.o
    0x08005bd0   0x08005bd0   0x0000008a   Code   RO          117    .text.HAL_TIM_Base_MspInit  tim.o
    0x08005c5a   0x08005c5a   0x00000002   PAD
    0x08005c5c   0x08005c5c   0x000000f6   Code   RO          907    .text.HAL_TIM_Base_Start_IT  stm32f4xx_hal_tim.o
    0x08005d52   0x08005d52   0x00000002   PAD
    0x08005d54   0x08005d54   0x00000184   Code   RO         1085    .text.HAL_TIM_ConfigClockSource  stm32f4xx_hal_tim.o
    0x08005ed8   0x08005ed8   0x00000008   Code   RO         1029    .text.HAL_TIM_IC_CaptureCallback  stm32f4xx_hal_tim.o
    0x08005ee0   0x08005ee0   0x0000021a   Code   RO         1027    .text.HAL_TIM_IRQHandler  stm32f4xx_hal_tim.o
    0x080060fa   0x080060fa   0x00000002   PAD
    0x080060fc   0x080060fc   0x0000006a   Code   RO          113    .text.HAL_TIM_MspPostInit  tim.o
    0x08006166   0x08006166   0x00000002   PAD
    0x08006168   0x08006168   0x000000a4   Code   RO         1039    .text.HAL_TIM_OC_ConfigChannel  stm32f4xx_hal_tim.o
    0x0800620c   0x0800620c   0x00000008   Code   RO         1031    .text.HAL_TIM_OC_DelayElapsedCallback  stm32f4xx_hal_tim.o
    0x08006214   0x08006214   0x0000009c   Code   RO          921    .text.HAL_TIM_OC_Init  stm32f4xx_hal_tim.o
    0x080062b0   0x080062b0   0x00000008   Code   RO          923    .text.HAL_TIM_OC_MspInit  stm32f4xx_hal_tim.o
    0x080062b8   0x080062b8   0x00000142   Code   RO         1059    .text.HAL_TIM_PWM_ConfigChannel  stm32f4xx_hal_tim.o
    0x080063fa   0x080063fa   0x00000002   PAD
    0x080063fc   0x080063fc   0x0000009c   Code   RO          947    .text.HAL_TIM_PWM_Init  stm32f4xx_hal_tim.o
    0x08006498   0x08006498   0x00000008   Code   RO          949    .text.HAL_TIM_PWM_MspInit  stm32f4xx_hal_tim.o
    0x080064a0   0x080064a0   0x00000008   Code   RO         1033    .text.HAL_TIM_PWM_PulseFinishedCallback  stm32f4xx_hal_tim.o
    0x080064a8   0x080064a8   0x000001ca   Code   RO          955    .text.HAL_TIM_PWM_Start  stm32f4xx_hal_tim.o
    0x08006672   0x08006672   0x00000002   PAD
    0x08006674   0x08006674   0x00000042   Code   RO           23    .text.HAL_TIM_PeriodElapsedCallback  main.o
    0x080066b6   0x080066b6   0x00000002   PAD
    0x080066b8   0x080066b8   0x00000008   Code   RO         1037    .text.HAL_TIM_TriggerCallback  stm32f4xx_hal_tim.o
    0x080066c0   0x080066c0   0x0000000c   Code   RO         1321    .text.HAL_UARTEx_RxEventCallback  stm32f4xx_hal_uart.o
    0x080066cc   0x080066cc   0x000000cc   Code   RO         1273    .text.HAL_UART_DMAStop  stm32f4xx_hal_uart.o
    0x08006798   0x08006798   0x00000008   Code   RO         1319    .text.HAL_UART_ErrorCallback  stm32f4xx_hal_uart.o
    0x080067a0   0x080067a0   0x0000042c   Code   RO         1313    .text.HAL_UART_IRQHandler  stm32f4xx_hal_uart.o
    0x08006bcc   0x08006bcc   0x0000009e   Code   RO         1229    .text.HAL_UART_Init  stm32f4xx_hal_uart.o
    0x08006c6a   0x08006c6a   0x00000002   PAD
    0x08006c6c   0x08006c6c   0x0000031e   Code   RO          136    .text.HAL_UART_MspInit  usart.o
    0x08006f8a   0x08006f8a   0x00000002   PAD
    0x08006f8c   0x08006f8c   0x00000056   Code   RO         1265    .text.HAL_UART_Receive_DMA  stm32f4xx_hal_uart.o
    0x08006fe2   0x08006fe2   0x00000002   PAD
    0x08006fe4   0x08006fe4   0x0000003a   Code   RO         2233    .text.HAL_UART_RxCpltCallback  rs485.o
    0x0800701e   0x0800701e   0x00000002   PAD
    0x08007020   0x08007020   0x00000008   Code   RO         1333    .text.HAL_UART_RxHalfCpltCallback  stm32f4xx_hal_uart.o
    0x08007028   0x08007028   0x000000e2   Code   RO         1257    .text.HAL_UART_Transmit_DMA  stm32f4xx_hal_uart.o
    0x0800710a   0x0800710a   0x00000002   PAD
    0x0800710c   0x0800710c   0x00000072   Code   RO         1251    .text.HAL_UART_Transmit_IT  stm32f4xx_hal_uart.o
    0x0800717e   0x0800717e   0x00000002   PAD
    0x08007180   0x08007180   0x00000030   Code   RO         2237    .text.HAL_UART_TxCpltCallback  rs485.o
    0x080071b0   0x080071b0   0x00000008   Code   RO         1329    .text.HAL_UART_TxHalfCpltCallback  stm32f4xx_hal_uart.o
    0x080071b8   0x080071b8   0x000000a8   Code   RO         2130    .text.HMI_Communicate  can_bus.o
    0x08007260   0x08007260   0x00000004   Code   RO          156    .text.HardFault_Handler  stm32f4xx_it.o
    0x08007264   0x08007264   0x000002a0   Code   RO         2380    .text.IMU_QuaternionEKF_F_Linearization_P_Fading  quaternionekf.o
    0x08007504   0x08007504   0x00000136   Code   RO         2376    .text.IMU_QuaternionEKF_Init  quaternionekf.o
    0x0800763a   0x0800763a   0x00000002   PAD
    0x0800763c   0x0800763c   0x0000007e   Code   RO         2378    .text.IMU_QuaternionEKF_Observe  quaternionekf.o
    0x080076ba   0x080076ba   0x00000002   PAD
    0x080076bc   0x080076bc   0x00000198   Code   RO         2382    .text.IMU_QuaternionEKF_SetH  quaternionekf.o
    0x08007854   0x08007854   0x000006e4   Code   RO         2384    .text.IMU_QuaternionEKF_xhatUpdate  quaternionekf.o
    0x08007f38   0x08007f38   0x0000006c   Code   RO         1871    .text.IMU_Temperature_Ctrl  imu_task.o
    0x08007fa4   0x08007fa4   0x00000068   Code   RO         1873    .text.INS_Init      imu_task.o
    0x0800800c   0x0800800c   0x0000021a   Code   RO         1863    .text.INS_Task      imu_task.o
    0x08008226   0x08008226   0x00000002   PAD
    0x08008228   0x08008228   0x00000334   Code   RO         2030    .text.Jointmotor_Control_Cacl_Left  a1_task.o
    0x0800855c   0x0800855c   0x00000338   Code   RO         2032    .text.Jointmotor_Control_Cacl_Right  a1_task.o
    0x08008894   0x08008894   0x000003d8   Code   RO         1942    .text.Jointmotor_Feedback_Update_Left  balance_task.o
    0x08008c6c   0x08008c6c   0x00000004   PAD
    0x08008c70   0x08008c70   0x00000490   Code   RO         1944    .text.Jointmotor_Feedback_Update_Right  balance_task.o
    0x08009100   0x08009100   0x000005f2   Code   RO         2422    .text.Kalman_Filter_Init  kalman_filter.o
    0x080096f2   0x080096f2   0x00000002   PAD
    0x080096f4   0x080096f4   0x00000064   Code   RO         2122    .text.LK9025_Data_Deal  can_bus.o
    0x08009758   0x08009758   0x000000b0   Code   RO         2126    .text.LK9025_Output_Normal  can_bus.o
    0x08009808   0x08009808   0x0000004c   Code   RO         2128    .text.LK9025_Output_Zero  can_bus.o
    0x08009854   0x08009854   0x0000009a   Code   RO         2124    .text.LK9025_Tcurrent_Output  can_bus.o
    0x080098ee   0x080098ee   0x00000002   PAD
    0x080098f0   0x080098f0   0x00000068   Code   RO         2054    .text.LK9025_Tx_Task  lk9025_task.o
    0x08009958   0x08009958   0x000004a4   Code   RO         1950    .text.LQR_Calc      balance_task.o
    0x08009dfc   0x08009dfc   0x0000009c   Code   RO         1952    .text.Leg_Control_Cacl  balance_task.o
    0x08009e98   0x08009e98   0x0000001c   Code   RO         1954    .text.Leg_Output    balance_task.o
    0x08009eb4   0x08009eb4   0x0000004e   Code   RO           71    .text.MX_CAN1_Init  can.o
    0x08009f02   0x08009f02   0x00000002   PAD
    0x08009f04   0x08009f04   0x0000004e   Code   RO           73    .text.MX_CAN2_Init  can.o
    0x08009f52   0x08009f52   0x00000002   PAD
    0x08009f54   0x08009f54   0x00000076   Code   RO           89    .text.MX_DMA_Init   dma.o
    0x08009fca   0x08009fca   0x00000002   PAD
    0x08009fcc   0x08009fcc   0x00000046   Code   RO           43    .text.MX_FREERTOS_Init  freertos.o
    0x0800a012   0x0800a012   0x00000002   PAD
    0x0800a014   0x0800a014   0x0000011a   Code   RO           33    .text.MX_GPIO_Init  gpio.o
    0x0800a12e   0x0800a12e   0x00000002   PAD
    0x0800a130   0x0800a130   0x0000004e   Code   RO           97    .text.MX_SPI2_Init  spi.o
    0x0800a17e   0x0800a17e   0x00000002   PAD
    0x0800a180   0x0800a180   0x000000d8   Code   RO          111    .text.MX_TIM3_Init  tim.o
    0x0800a258   0x0800a258   0x000000cc   Code   RO          115    .text.MX_TIM5_Init  tim.o
    0x0800a324   0x0800a324   0x00000040   Code   RO          130    .text.MX_UART4_Init  usart.o
    0x0800a364   0x0800a364   0x00000044   Code   RO          132    .text.MX_USART1_UART_Init  usart.o
    0x0800a3a8   0x0800a3a8   0x00000044   Code   RO          134    .text.MX_USART6_UART_Init  usart.o
    0x0800a3ec   0x0800a3ec   0x000006a8   Code   RO         1865    .text.MahonyAHRSupdateIMU  imu_task.o
    0x0800aa94   0x0800aa94   0x00000004   Code   RO          158    .text.MemManage_Handler  stm32f4xx_it.o
    0x0800aa98   0x0800aa98   0x00000004   Code   RO          154    .text.NMI_Handler   stm32f4xx_it.o
    0x0800aa9c   0x0800aa9c   0x0000006c   Code   RO          624    .text.NVIC_EncodePriority  stm32f4xx_hal_cortex.o
    0x0800ab08   0x0800ab08   0x00000624   Code   RO         1946    .text.Odometry_Update  balance_task.o
    0x0800b12c   0x0800b12c   0x00000062   Code   RO         1875    .text.One_Older_LPF  imu_task.o
    0x0800b18e   0x0800b18e   0x00000002   PAD
    0x0800b190   0x0800b190   0x0000023c   Code   RO         2363    .text.PID_Calc      pid.o
    0x0800b3cc   0x0800b3cc   0x0000001e   Code   RO         2367    .text.PID_Clear     pid.o
    0x0800b3ea   0x0800b3ea   0x00000002   PAD
    0x0800b3ec   0x0800b3ec   0x00000096   Code   RO         2361    .text.PID_Init      pid.o
    0x0800b482   0x0800b482   0x0000000e   PAD
    0x0800b490   0x0800b490   0x00000064   Code   RO         1847    .text.PendSV_Handler  port.o
    0x0800b4f4   0x0800b4f4   0x00000036   Code   RO         2231    .text.RS485_Start   rs485.o
    0x0800b52a   0x0800b52a   0x00000002   PAD
    0x0800b52c   0x0800b52c   0x00000044   Code   RO         1926    .text.Robot_Fall_Detect  monitor_task.o
    0x0800b570   0x0800b570   0x000000cc   Code   RO          786    .text.SPI_EndRxTxTransaction  stm32f4xx_hal_spi.o
    0x0800b63c   0x0800b63c   0x0000012a   Code   RO          884    .text.SPI_WaitFlagStateUntilTimeout  stm32f4xx_hal_spi.o
    0x0800b766   0x0800b766   0x0000000a   PAD
    0x0800b770   0x0800b770   0x00000024   Code   RO         1831    .text.SVC_Handler   port.o
    0x0800b794   0x0800b794   0x00000166   Code   RO           45    .text.StartDefaultTask  freertos.o
    0x0800b8fa   0x0800b8fa   0x00000002   PAD
    0x0800b8fc   0x0800b8fc   0x000001c0   Code   RO         1948    .text.State_Variables_Update  balance_task.o
    0x0800babc   0x0800babc   0x0000003c   Code   RO         1849    .text.SysTick_Handler  port.o
    0x0800baf8   0x0800baf8   0x000000bc   Code   RO           19    .text.SystemClock_Config  main.o
    0x0800bbb4   0x0800bbb4   0x00000012   Code   RO         1360    .text.SystemInit    system_stm32f4xx.o
    0x0800bbc6   0x0800bbc6   0x00000002   PAD
    0x0800bbc8   0x0800bbc8   0x00000010   Code   RO          168    .text.TIM1_UP_TIM10_IRQHandler  stm32f4xx_it.o
    0x0800bbd8   0x0800bbd8   0x00000010   Code   RO          172    .text.TIM5_IRQHandler  stm32f4xx_it.o
    0x0800bbe8   0x0800bbe8   0x000001b0   Code   RO          897    .text.TIM_Base_SetConfig  stm32f4xx_hal_tim.o
    0x0800bd98   0x0800bd98   0x00000036   Code   RO          931    .text.TIM_CCxChannelCmd  stm32f4xx_hal_tim.o
    0x0800bdce   0x0800bdce   0x00000002   PAD
    0x0800bdd0   0x0800bdd0   0x00000034   Code   RO         1083    .text.TIM_ETR_SetConfig  stm32f4xx_hal_tim.o
    0x0800be04   0x0800be04   0x0000002a   Code   RO         1089    .text.TIM_ITRx_SetConfig  stm32f4xx_hal_tim.o
    0x0800be2e   0x0800be2e   0x00000002   PAD
    0x0800be30   0x0800be30   0x000000ea   Code   RO         1041    .text.TIM_OC1_SetConfig  stm32f4xx_hal_tim.o
    0x0800bf1a   0x0800bf1a   0x00000002   PAD
    0x0800bf1c   0x0800bf1c   0x000000f4   Code   RO         1043    .text.TIM_OC2_SetConfig  stm32f4xx_hal_tim.o
    0x0800c010   0x0800c010   0x000000f2   Code   RO         1045    .text.TIM_OC3_SetConfig  stm32f4xx_hal_tim.o
    0x0800c102   0x0800c102   0x00000002   PAD
    0x0800c104   0x0800c104   0x000000a4   Code   RO         1047    .text.TIM_OC4_SetConfig  stm32f4xx_hal_tim.o
    0x0800c1a8   0x0800c1a8   0x0000007c   Code   RO         2275    .text.TIM_Set_PWM   timers_1.o
    0x0800c224   0x0800c224   0x00000050   Code   RO         1087    .text.TIM_TI1_ConfigInputStage  stm32f4xx_hal_tim.o
    0x0800c274   0x0800c274   0x00000052   Code   RO         1091    .text.TIM_TI2_ConfigInputStage  stm32f4xx_hal_tim.o
    0x0800c2c6   0x0800c2c6   0x00000002   PAD
    0x0800c2c8   0x0800c2c8   0x00000010   Code   RO          174    .text.UART4_IRQHandler  stm32f4xx_it.o
    0x0800c2d8   0x0800c2d8   0x00000020   Code   RO         1317    .text.UART_DMAAbortOnError  stm32f4xx_hal_uart.o
    0x0800c2f8   0x0800c2f8   0x0000007c   Code   RO         1263    .text.UART_DMAError  stm32f4xx_hal_uart.o
    0x0800c374   0x0800c374   0x000000f4   Code   RO         1349    .text.UART_DMAReceiveCplt  stm32f4xx_hal_uart.o
    0x0800c468   0x0800c468   0x00000034   Code   RO         1351    .text.UART_DMARxHalfCplt  stm32f4xx_hal_uart.o
    0x0800c49c   0x0800c49c   0x0000007a   Code   RO         1259    .text.UART_DMATransmitCplt  stm32f4xx_hal_uart.o
    0x0800c516   0x0800c516   0x00000002   PAD
    0x0800c518   0x0800c518   0x00000016   Code   RO         1261    .text.UART_DMATxHalfCplt  stm32f4xx_hal_uart.o
    0x0800c52e   0x0800c52e   0x00000002   PAD
    0x0800c530   0x0800c530   0x00000094   Code   RO         1277    .text.UART_EndRxTransfer  stm32f4xx_hal_uart.o
    0x0800c5c4   0x0800c5c4   0x00000026   Code   RO         1325    .text.UART_EndTransmit_IT  stm32f4xx_hal_uart.o
    0x0800c5ea   0x0800c5ea   0x00000002   PAD
    0x0800c5ec   0x0800c5ec   0x00000036   Code   RO         1275    .text.UART_EndTxTransfer  stm32f4xx_hal_uart.o
    0x0800c622   0x0800c622   0x00000002   PAD
    0x0800c624   0x0800c624   0x0000016a   Code   RO         1315    .text.UART_Receive_IT  stm32f4xx_hal_uart.o
    0x0800c78e   0x0800c78e   0x00000002   PAD
    0x0800c790   0x0800c790   0x0000013a   Code   RO         1233    .text.UART_SetConfig  stm32f4xx_hal_uart.o
    0x0800c8ca   0x0800c8ca   0x00000002   PAD
    0x0800c8cc   0x0800c8cc   0x0000010c   Code   RO         1267    .text.UART_Start_Receive_DMA  stm32f4xx_hal_uart.o
    0x0800c9d8   0x0800c9d8   0x00000094   Code   RO         1323    .text.UART_Transmit_IT  stm32f4xx_hal_uart.o
    0x0800ca6c   0x0800ca6c   0x00000010   Code   RO          170    .text.USART1_IRQHandler  stm32f4xx_it.o
    0x0800ca7c   0x0800ca7c   0x00000010   Code   RO          188    .text.USART6_IRQHandler  stm32f4xx_it.o
    0x0800ca8c   0x0800ca8c   0x00000004   Code   RO          162    .text.UsageFault_Handler  stm32f4xx_it.o
    0x0800ca90   0x0800ca90   0x000001f8   Code   RO           11    .text.User_Init     main.o
    0x0800cc88   0x0800cc88   0x0000006a   Code   RO         2034    .text.VMC_IK_Matrix_Init  a1_task.o
    0x0800ccf2   0x0800ccf2   0x00000002   PAD
    0x0800ccf4   0x0800ccf4   0x00000030   Code   RO          628    .text.__NVIC_EnableIRQ  stm32f4xx_hal_cortex.o
    0x0800cd24   0x0800cd24   0x00000010   Code   RO          620    .text.__NVIC_GetPriorityGrouping  stm32f4xx_hal_cortex.o
    0x0800cd34   0x0800cd34   0x00000042   Code   RO          622    .text.__NVIC_SetPriority  stm32f4xx_hal_cortex.o
    0x0800cd76   0x0800cd76   0x00000002   PAD
    0x0800cd78   0x0800cd78   0x0000003c   Code   RO          616    .text.__NVIC_SetPriorityGrouping  stm32f4xx_hal_cortex.o
    0x0800cdb4   0x0800cdb4   0x00000108   Code   RO         2297    .text.arm_cos_f32   arm_cos_f32.o
    0x0800cebc   0x0800cebc   0x000000aa   Code   RO         2337    .text.arm_mat_add_f32  arm_mat_add_f32.o
    0x0800cf66   0x0800cf66   0x00000002   PAD
    0x0800cf68   0x0800cf68   0x00000028   Code   RO         2313    .text.arm_mat_init_f32  arm_mat_init_f32.o
    0x0800cf90   0x0800cf90   0x000003f8   Code   RO         2321    .text.arm_mat_inverse_f32  arm_mat_inverse_f32.o
    0x0800d388   0x0800d388   0x00000144   Code   RO         2329    .text.arm_mat_mult_f32  arm_mat_mult_f32.o
    0x0800d4cc   0x0800d4cc   0x000000aa   Code   RO         2345    .text.arm_mat_sub_f32  arm_mat_sub_f32.o
    0x0800d576   0x0800d576   0x00000002   PAD
    0x0800d578   0x0800d578   0x000000b0   Code   RO         2353    .text.arm_mat_trans_f32  arm_mat_trans_f32.o
    0x0800d628   0x0800d628   0x00000100   Code   RO         2305    .text.arm_sin_f32   arm_sin_f32.o
    0x0800d728   0x0800d728   0x000001bc   Code   RO         2066    .text.bmi088_accel_init  bmi088driver.o
    0x0800d8e4   0x0800d8e4   0x00000174   Code   RO         2068    .text.bmi088_gyro_init  bmi088driver.o
    0x0800da58   0x0800da58   0x000000ac   Code   RO         2250    .text.crc32_core    crc.o
    0x0800db04   0x0800db04   0x00000068   Code   RO         2216    .text.float_rounding  universal.o
    0x0800db6c   0x0800db6c   0x0000005a   Code   RO         1877    .text.invSqrt       imu_task.o
    0x0800dbc6   0x0800dbc6   0x00000002   PAD
    0x0800dbc8   0x0800dbc8   0x0000005a   Code   RO         2388    .text.invSqrt       quaternionekf.o
    0x0800dc22   0x0800dc22   0x00000002   PAD
    0x0800dc24   0x0800dc24   0x00000096   Code   RO           17    .text.main          main.o
    0x0800dcba   0x0800dcba   0x00000002   PAD
    0x0800dcbc   0x0800dcbc   0x00000028   Code   RO         1686    .text.makeFreeRtosPriority  cmsis_os.o
    0x0800dce4   0x0800dce4   0x00000028   Code   RO         1700    .text.osDelay       cmsis_os.o
    0x0800dd0c   0x0800dd0c   0x00000030   Code   RO         1766    .text.osDelayUntil  cmsis_os.o
    0x0800dd3c   0x0800dd3c   0x0000000a   Code   RO         1676    .text.osKernelStart  cmsis_os.o
    0x0800dd46   0x0800dd46   0x00000002   PAD
    0x0800dd48   0x0800dd48   0x000000ac   Code   RO         1684    .text.osThreadCreate  cmsis_os.o
    0x0800ddf4   0x0800ddf4   0x000000f4   Code   RO         1558    .text.prvAddCurrentTaskToDelayedList  tasks.o
    0x0800dee8   0x0800dee8   0x00000110   Code   RO         1544    .text.prvAddNewTaskToReadyList  tasks.o
    0x0800dff8   0x0800dff8   0x0000005a   Code   RO         1644    .text.prvCheckTasksWaitingTermination  tasks.o
    0x0800e052   0x0800e052   0x00000002   PAD
    0x0800e054   0x0800e054   0x0000005e   Code   RO         1550    .text.prvDeleteTCB  tasks.o
    0x0800e0b2   0x0800e0b2   0x00000002   PAD
    0x0800e0b4   0x0800e0b4   0x000000bc   Code   RO         1798    .text.prvHeapInit   heap_4.o
    0x0800e170   0x0800e170   0x00000038   Code   RO         1582    .text.prvIdleTask   tasks.o
    0x0800e1a8   0x0800e1a8   0x00000114   Code   RO         1542    .text.prvInitialiseNewTask  tasks.o
    0x0800e2bc   0x0800e2bc   0x0000008e   Code   RO         1642    .text.prvInitialiseTaskLists  tasks.o
    0x0800e34a   0x0800e34a   0x00000002   PAD
    0x0800e34c   0x0800e34c   0x000000c6   Code   RO         1800    .text.prvInsertBlockIntoFreeList  heap_4.o
    0x0800e412   0x0800e412   0x00000002   PAD
    0x0800e414   0x0800e414   0x00000028   Code   RO         1839    .text.prvPortStartFirstTask  port.o
    0x0800e43c   0x0800e43c   0x00000046   Code   RO         1552    .text.prvResetNextTaskUnblockTime  tasks.o
    0x0800e482   0x0800e482   0x00000002   PAD
    0x0800e484   0x0800e484   0x0000004c   Code   RO         1829    .text.prvTaskExitError  port.o
    0x0800e4d0   0x0800e4d0   0x000001ec   Code   RO         1796    .text.pvPortMalloc  heap_4.o
    0x0800e6bc   0x0800e6bc   0x0000005e   Code   RO         1827    .text.pxPortInitialiseStack  port.o
    0x0800e71a   0x0800e71a   0x00000002   PAD
    0x0800e71c   0x0800e71c   0x00000048   Code   RO         1412    .text.uxListRemove  list.o
    0x0800e764   0x0800e764   0x0000002a   Code   RO           41    .text.vApplicationGetIdleTaskMemory  freertos.o
    0x0800e78e   0x0800e78e   0x00000002   PAD
    0x0800e790   0x0800e790   0x0000002e   Code   RO         1404    .text.vListInitialise  list.o
    0x0800e7be   0x0800e7be   0x00000002   PAD
    0x0800e7c0   0x0800e7c0   0x0000000e   Code   RO         1406    .text.vListInitialiseItem  list.o
    0x0800e7ce   0x0800e7ce   0x00000002   PAD
    0x0800e7d0   0x0800e7d0   0x0000006a   Code   RO         1410    .text.vListInsert   list.o
    0x0800e83a   0x0800e83a   0x00000002   PAD
    0x0800e83c   0x0800e83c   0x0000003a   Code   RO         1408    .text.vListInsertEnd  list.o
    0x0800e876   0x0800e876   0x00000002   PAD
    0x0800e878   0x0800e878   0x00000014   Code   RO         1837    .text.vPortEnableVFP  port.o
    0x0800e88c   0x0800e88c   0x00000056   Code   RO         1843    .text.vPortEnterCritical  port.o
    0x0800e8e2   0x0800e8e2   0x00000002   PAD
    0x0800e8e4   0x0800e8e4   0x0000004a   Code   RO         1845    .text.vPortExitCritical  port.o
    0x0800e92e   0x0800e92e   0x00000002   PAD
    0x0800e930   0x0800e930   0x000000ce   Code   RO         1802    .text.vPortFree     heap_4.o
    0x0800e9fe   0x0800e9fe   0x00000002   PAD
    0x0800ea00   0x0800ea00   0x00000044   Code   RO         1835    .text.vPortSetupTimerInterrupt  port.o
    0x0800ea44   0x0800ea44   0x0000006e   Code   RO         1562    .text.vTaskDelay    tasks.o
    0x0800eab2   0x0800eab2   0x00000002   PAD
    0x0800eab4   0x0800eab4   0x00000114   Code   RO         1554    .text.vTaskDelayUntil  tasks.o
    0x0800ebc8   0x0800ebc8   0x00000140   Code   RO         1548    .text.vTaskDelete   tasks.o
    0x0800ed08   0x0800ed08   0x000000ce   Code   RO         1580    .text.vTaskStartScheduler  tasks.o
    0x0800edd6   0x0800edd6   0x00000002   PAD
    0x0800edd8   0x0800edd8   0x00000010   Code   RO         1556    .text.vTaskSuspendAll  tasks.o
    0x0800ede8   0x0800ede8   0x000000be   Code   RO         1572    .text.vTaskSwitchContext  tasks.o
    0x0800eea6   0x0800eea6   0x00000002   PAD
    0x0800eea8   0x0800eea8   0x00000156   Code   RO         1833    .text.xPortStartScheduler  port.o
    0x0800effe   0x0800effe   0x00000002   PAD
    0x0800f000   0x0800f000   0x0000009e   Code   RO         1546    .text.xTaskCreate   tasks.o
    0x0800f09e   0x0800f09e   0x00000002   PAD
    0x0800f0a0   0x0800f0a0   0x000000ce   Code   RO         1540    .text.xTaskCreateStatic  tasks.o
    0x0800f16e   0x0800f16e   0x00000002   PAD
    0x0800f170   0x0800f170   0x00000014   Code   RO         1588    .text.xTaskGetTickCount  tasks.o
    0x0800f184   0x0800f184   0x000001b8   Code   RO         1586    .text.xTaskIncrementTick  tasks.o
    0x0800f33c   0x0800f33c   0x00000178   Code   RO         1560    .text.xTaskResumeAll  tasks.o
    0x0800f4b4   0x0800f4b4   0x00000030   Code   RO         2704    i.__ARM_fpclassify  m_wm.l(fpclassify.o)
    0x0800f4e4   0x0800f4e4   0x00000026   Code   RO         2706    i.__ARM_fpclassifyf  m_wm.l(fpclassifyf.o)
    0x0800f50a   0x0800f50a   0x00000002   PAD
    0x0800f50c   0x0800f50c   0x00000118   Code   RO         2574    i.__hardfp_acosf    m_wm.l(acosf.o)
    0x0800f624   0x0800f624   0x0000012c   Code   RO         2580    i.__hardfp_asinf    m_wm.l(asinf.o)
    0x0800f750   0x0800f750   0x000002d8   Code   RO         2677    i.__hardfp_atan     m_wm.l(atan.o)
    0x0800fa28   0x0800fa28   0x00000200   Code   RO         2586    i.__hardfp_atan2    m_wm.l(atan2.o)
    0x0800fc28   0x0800fc28   0x000002ac   Code   RO         2592    i.__hardfp_atan2f   m_wm.l(atan2f.o)
    0x0800fed4   0x0800fed4   0x00000004   PAD
    0x0800fed8   0x0800fed8   0x00000c60   Code   RO         2598    i.__hardfp_pow      m_wm.l(pow.o)
    0x08010b38   0x08010b38   0x00000664   Code   RO         2605    i.__hardfp_powf     m_wm.l(powf.o)
    0x0801119c   0x0801119c   0x0000007a   Code   RO         2612    i.__hardfp_sqrt     m_wm.l(sqrt.o)
    0x08011216   0x08011216   0x0000003a   Code   RO         2618    i.__hardfp_sqrtf    m_wm.l(sqrtf.o)
    0x08011250   0x08011250   0x000000f8   Code   RO         2722    i.__kernel_poly     m_wm.l(poly.o)
    0x08011348   0x08011348   0x00000030   Code   RO         2684    i.__mathlib_dbl_divzero  m_wm.l(dunder.o)
    0x08011378   0x08011378   0x00000014   Code   RO         2685    i.__mathlib_dbl_infnan  m_wm.l(dunder.o)
    0x0801138c   0x0801138c   0x00000014   Code   RO         2686    i.__mathlib_dbl_infnan2  m_wm.l(dunder.o)
    0x080113a0   0x080113a0   0x00000020   Code   RO         2687    i.__mathlib_dbl_invalid  m_wm.l(dunder.o)
    0x080113c0   0x080113c0   0x00000020   Code   RO         2688    i.__mathlib_dbl_overflow  m_wm.l(dunder.o)
    0x080113e0   0x080113e0   0x00000020   Code   RO         2690    i.__mathlib_dbl_underflow  m_wm.l(dunder.o)
    0x08011400   0x08011400   0x00000014   Code   RO         2708    i.__mathlib_flt_divzero  m_wm.l(funder.o)
    0x08011414   0x08011414   0x00000006   Code   RO         2709    i.__mathlib_flt_infnan  m_wm.l(funder.o)
    0x0801141a   0x0801141a   0x00000006   Code   RO         2710    i.__mathlib_flt_infnan2  m_wm.l(funder.o)
    0x08011420   0x08011420   0x00000010   Code   RO         2711    i.__mathlib_flt_invalid  m_wm.l(funder.o)
    0x08011430   0x08011430   0x00000010   Code   RO         2712    i.__mathlib_flt_overflow  m_wm.l(funder.o)
    0x08011440   0x08011440   0x00000010   Code   RO         2714    i.__mathlib_flt_underflow  m_wm.l(funder.o)
    0x08011450   0x08011450   0x0000000e   Code   RO         2777    i.__scatterload_copy  mc_w.l(handlers.o)
    0x0801145e   0x0801145e   0x00000002   Code   RO         2778    i.__scatterload_null  mc_w.l(handlers.o)
    0x08011460   0x08011460   0x0000000e   Code   RO         2779    i.__scatterload_zeroinit  mc_w.l(handlers.o)
    0x0801146e   0x0801146e   0x00000002   PAD
    0x08011470   0x08011470   0x0000000c   Code   RO         2749    i.__set_errno       mc_w.l(errno.o)
    0x0801147c   0x0801147c   0x00000010   Code   RO         2679    i.atan              m_wm.l(atan.o)
    0x0801148c   0x0801148c   0x00000018   Code   RO         2700    i.fabs              m_wm.l(fabs.o)
    0x080114a4   0x080114a4   0x0000006c   Code   RO         2636    i.malloc            mc_w.l(malloc.o)
    0x08011510   0x08011510   0x0000006e   Code   RO         2614    i.sqrt              m_wm.l(sqrt.o)
    0x0801157e   0x0801157e   0x0000003e   Code   RO         2620    i.sqrtf             m_wm.l(sqrtf.o)
    0x080115bc   0x080115bc   0x00000804   Data   RO         2525    .constdata          arm_cortexM4lf_math.lib(arm_common_tables.o)
    0x08011dc0   0x08011dc0   0x00000088   Data   RO         2601    .constdata          m_wm.l(pow.o)
    0x08011e48   0x08011e48   0x00000140   Data   RO         2608    .constdata          m_wm.l(powf.o)
    0x08011f88   0x08011f88   0x00000098   Data   RO         2680    .constdata          m_wm.l(atan.o)
    0x08012020   0x08012020   0x00000008   Data   RO         2724    .constdata          m_wm.l(qnan.o)
    0x08012028   0x08012028   0x0000001c   Data   RO           50    .rodata..L__const.MX_FREERTOS_Init.os_thread_def_defaultTask  freertos.o
    0x08012044   0x08012044   0x0000001c   Data   RO           56    .rodata..L__const.StartDefaultTask.os_thread_def_A1_Tx_Task  freertos.o
    0x08012060   0x08012060   0x0000001c   Data   RO           54    .rodata..L__const.StartDefaultTask.os_thread_def_Balance_Task  freertos.o
    0x0801207c   0x0801207c   0x0000001c   Data   RO           60    .rodata..L__const.StartDefaultTask.os_thread_def_Communicate_Task  freertos.o
    0x08012098   0x08012098   0x0000001c   Data   RO           52    .rodata..L__const.StartDefaultTask.os_thread_def_INS_Task  freertos.o
    0x080120b4   0x080120b4   0x0000001c   Data   RO           58    .rodata..L__const.StartDefaultTask.os_thread_def_LK9025_Tx_Task  freertos.o
    0x080120d0   0x080120d0   0x00000010   Data   RO         1365    .rodata.AHBPrescTable  system_stm32f4xx.o
    0x080120e0   0x080120e0   0x00000008   Data   RO         1366    .rodata.APBPrescTable  system_stm32f4xx.o
    0x080120e8   0x080120e8   0x00000008   Data   RO          540    .rodata.DMA_CalcBaseAndBitshift.flagBitshiftOffset  stm32f4xx_hal_dma.o
    0x080120f0   0x080120f0   0x00000090   Data   RO         2390    .rodata.IMU_QuaternionEKF_F  quaternionekf.o
    0x08012180   0x08012180   0x0000004d   Data   RO           49    .rodata.str1.1      freertos.o
    0x080121cd   0x080121cd   0x00000005   Data   RO         1658    .rodata.str1.1      tasks.o
    0x080121d2   0x080121d2   0x00000002   PAD
    0x080121d4   0x080121d4   0x0000000c   Data   RO         1900    .rodata.xb          imu_task.o
    0x080121e0   0x080121e0   0x0000000c   Data   RO         1901    .rodata.yb          imu_task.o
    0x080121ec   0x080121ec   0x0000000c   Data   RO         1902    .rodata.zb          imu_task.o
    0x080121f8   0x080121f8   0x00000020   Data   RO         2776    Region$$Table       anon$$obj.o


    Execution Region RW_IRAM1 (Exec base: 0x20000000, Load base: 0x08012218, Size: 0x00005930, Max: 0x00020000, ABSOLUTE, COMPRESSED[0x00000148])

    Exec Addr    Load Addr    Size         Type   Attr      Idx    E Section Name        Object

    0x20000000   COMPRESSED   0x00000004   Data   RW         2745    .data               mc_w.l(mvars.o)
    0x20000004   COMPRESSED   0x00000004   Data   RW         2746    .data               mc_w.l(mvars.o)
    0x20000008   COMPRESSED   0x00000004   Data   RW         2750    .data               mc_w.l(errno.o)
    0x2000000c   COMPRESSED   0x00000010   Data   RW         2459    .data.A1_Pos_offset  a1_driver.o
    0x2000001c   COMPRESSED   0x00000004   Data   RW         2080    .data.BMI088_ACCEL_SEN  bmi088driver.o
    0x20000020   COMPRESSED   0x00000004   Data   RW         2081    .data.BMI088_GYRO_SEN  bmi088driver.o
    0x20000024   COMPRESSED   0x00000002   Data   RW         2096    .data.Calibrate_MPU_Offset.CaliTimes  bmi088driver.o
    0x20000026   COMPRESSED   0x00000002   PAD
    0x20000028   COMPRESSED   0x00000090   Data   RW         2391    .data.IMU_QuaternionEKF_P  quaternionekf.o
    0x200000b8   COMPRESSED   0x00000008   Data   RW         1987    .data.Jump_F        balance_task.o
    0x200000c0   COMPRESSED   0x00000001   Data   RW         2151    .data.LK9025_Tx_Count  can_bus.o
    0x200000c1   COMPRESSED   0x00000003   PAD
    0x200000c4   COMPRESSED   0x00000004   Data   RW         1887    .data.RefTemp       imu_task.o
    0x200000c8   COMPRESSED   0x00000008   Data   RW         2040    .data.Support_F     a1_task.o
    0x200000d0   COMPRESSED   0x00000004   Data   RW         1364    .data.SystemCoreClock  system_stm32f4xx.o
    0x200000d4   COMPRESSED   0x00000004   Data   RW         1985    .data.Theta_Klpf    balance_task.o
    0x200000d8   COMPRESSED   0x0000001c   Data   RW         2020    .data.Tx_buf        communicate_task.o
    0x200000f4   COMPRESSED   0x00000010   Data   RW         1962    .data.a11           balance_task.o
    0x20000104   COMPRESSED   0x00000010   Data   RW         1963    .data.a12           balance_task.o
    0x20000114   COMPRESSED   0x00000010   Data   RW         1964    .data.a13           balance_task.o
    0x20000124   COMPRESSED   0x00000010   Data   RW         1965    .data.a14           balance_task.o
    0x20000134   COMPRESSED   0x00000010   Data   RW         1966    .data.a15           balance_task.o
    0x20000144   COMPRESSED   0x00000010   Data   RW         1967    .data.a16           balance_task.o
    0x20000154   COMPRESSED   0x00000010   Data   RW         1968    .data.a21           balance_task.o
    0x20000164   COMPRESSED   0x00000010   Data   RW         1969    .data.a22           balance_task.o
    0x20000174   COMPRESSED   0x00000010   Data   RW         1970    .data.a23           balance_task.o
    0x20000184   COMPRESSED   0x00000010   Data   RW         1971    .data.a24           balance_task.o
    0x20000194   COMPRESSED   0x00000010   Data   RW         1972    .data.a25           balance_task.o
    0x200001a4   COMPRESSED   0x00000010   Data   RW         1973    .data.a26           balance_task.o
    0x200001b4   COMPRESSED   0x00000001   Data   RW         2083    .data.caliOffset    bmi088driver.o
    0x200001b5   COMPRESSED   0x00000003   PAD
    0x200001b8   COMPRESSED   0x00000004   Data   RW         1891    .data.q0            imu_task.o
    0x200001bc   COMPRESSED   0x00000004   Data   RW         1892    .data.q1            imu_task.o
    0x200001c0   COMPRESSED   0x00000004   Data   RW         1889    .data.twoKi         imu_task.o
    0x200001c4   COMPRESSED   0x00000004   Data   RW         1888    .data.twoKp         imu_task.o
    0x200001c8   COMPRESSED   0x00000001   Data   RW          742    .data.uwTickFreq    stm32f4xx_hal.o
    0x200001c9   COMPRESSED   0x00000003   PAD
    0x200001cc   COMPRESSED   0x00000004   Data   RW          741    .data.uwTickPrio    stm32f4xx_hal.o
    0x200001d0   COMPRESSED   0x00000004   Data   RW         1855    .data.uxCriticalNesting  port.o
    0x200001d4   COMPRESSED   0x00000012   Data   RW         2089    .data.write_BMI088_accel_reg_data_error  bmi088driver.o
    0x200001e6   COMPRESSED   0x00000012   Data   RW         2090    .data.write_BMI088_gyro_reg_data_error  bmi088driver.o
    0x200001f8        -       0x00000004   Zero   RW         2042    .bss.A1Task_dt      a1_task.o
    0x200001fc        -       0x00000110   Zero   RW         2039    .bss.A1_Control     a1_task.o
    0x2000030c        -       0x000000d0   Zero   RW         2038    .bss.A1_Motor       a1_task.o
    0x200003dc        -       0x0000004e   Zero   RW         2239    .bss.A1_Receive_Data_Left  rs485.o
    0x2000042a        -       0x0000004e   Zero   RW         2240    .bss.A1_Receive_Data_Right  rs485.o
    0x20000478        -       0x00000022   Zero   RW         2241    .bss.A1_Transmit_Data_Left  rs485.o
    0x2000049a        -       0x00000022   Zero   RW         2242    .bss.A1_Transmit_Data_Right  rs485.o
    0x200004bc        -       0x00000004   Zero   RW           57    .bss.A1_Tx_Task_Handle  freertos.o
    0x200004c0        -       0x00000004   Zero   RW         2041    .bss.A1_dwt_cnt     a1_task.o
    0x200004c4        -       0x00000008   Zero   RW         2044    .bss.A_inverse_Left  a1_task.o
    0x200004cc        -       0x00000008   Zero   RW         2046    .bss.A_inverse_Right  a1_task.o
    0x200004d4        -       0x00000008   Zero   RW         2043    .bss.A_sorce_Left   a1_task.o
    0x200004dc        -       0x00000008   Zero   RW         2045    .bss.A_sorce_Right  a1_task.o
    0x200004e4        -       0x00000034   Zero   RW         2086    .bss.BMI088         bmi088driver.o
    0x20000518        -       0x00000002   Zero   RW         2092    .bss.BMI088_Read.bmi088_raw_temp  bmi088driver.o
    0x2000051a        -       0x00000008   Zero   RW         2091    .bss.BMI088_Read.buf  bmi088driver.o
    0x20000522   COMPRESSED   0x00000002   PAD
    0x20000524        -       0x00000004   Zero   RW         2114    .bss.BMI088_SPI     bmi088middleware.o
    0x20000528        -       0x00000004   Zero   RW         1986    .bss.BalanceTask_dt  balance_task.o
    0x2000052c        -       0x00000044   Zero   RW         1975    .bss.Balance_Yaw_Position_pid  balance_task.o
    0x20000570        -       0x00000044   Zero   RW         1976    .bss.Balance_Yaw_Speed_pid  balance_task.o
    0x200005b4        -       0x00000004   Zero   RW         2179    .bss.CPU_FREQ_Hz    dwt_timer.o
    0x200005b8        -       0x00000004   Zero   RW         2180    .bss.CPU_FREQ_Hz_ms  dwt_timer.o
    0x200005bc        -       0x00000004   Zero   RW         2181    .bss.CPU_FREQ_Hz_us  dwt_timer.o
    0x200005c0        -       0x00000008   Zero   RW         2186    .bss.CYCCNT64       dwt_timer.o
    0x200005c8        -       0x00000004   Zero   RW         2188    .bss.CYCCNT_LAST    dwt_timer.o
    0x200005cc        -       0x00000004   Zero   RW         2182    .bss.CYCCNT_RountCount  dwt_timer.o
    0x200005d0        -       0x00000004   Zero   RW         2095    .bss.Calibrate_MPU_Offset.startTime  bmi088driver.o
    0x200005d4        -       0x00000004   Zero   RW           55    .bss.ChassisTaskHandle  freertos.o
    0x200005d8        -       0x00000024   Zero   RW         2018    .bss.Command        communicate_task.o
    0x200005fc        -       0x00000004   Zero   RW           61    .bss.CommunicateTaskHandle  freertos.o
    0x20000600        -       0x00000008   Zero   RW         2183    .bss.DWT_SysTimeUpdate.CNT_TEMP1  dwt_timer.o
    0x20000608        -       0x00000008   Zero   RW         2184    .bss.DWT_SysTimeUpdate.CNT_TEMP2  dwt_timer.o
    0x20000610        -       0x00000008   Zero   RW         2185    .bss.DWT_SysTimeUpdate.CNT_TEMP3  dwt_timer.o
    0x20000618        -       0x00000008   Zero   RW         2150    .bss.Data_Buf       can_bus.o
    0x20000620        -       0x00000024   Zero   RW         1981    .bss.GM6020_YAW     balance_task.o
    0x20000644        -       0x00000004   Zero   RW           81    .bss.HAL_RCC_CAN1_CLK_ENABLED  can.o
    0x20000648        -       0x0000001c   Zero   RW         1886    .bss.IMU_Param      imu_task.o
    0x20000664        -       0x00000004   Zero   RW         2402    .bss.IMU_QuaternionEKF_F_Linearization_P_Fading.q0  quaternionekf.o
    0x20000668        -       0x00000004   Zero   RW         2403    .bss.IMU_QuaternionEKF_F_Linearization_P_Fading.q1  quaternionekf.o
    0x2000066c        -       0x00000004   Zero   RW         2404    .bss.IMU_QuaternionEKF_F_Linearization_P_Fading.q2  quaternionekf.o
    0x20000670        -       0x00000004   Zero   RW         2405    .bss.IMU_QuaternionEKF_F_Linearization_P_Fading.q3  quaternionekf.o
    0x20000674        -       0x00000004   Zero   RW         2406    .bss.IMU_QuaternionEKF_F_Linearization_P_Fading.qInvNorm  quaternionekf.o
    0x20000678        -       0x00000048   Zero   RW         2401    .bss.IMU_QuaternionEKF_H  quaternionekf.o
    0x200006c0        -       0x00000048   Zero   RW         2400    .bss.IMU_QuaternionEKF_K  quaternionekf.o
    0x20000708        -       0x00000004   Zero   RW         2407    .bss.IMU_QuaternionEKF_SetH.doubleq0  quaternionekf.o
    0x2000070c        -       0x00000004   Zero   RW         2408    .bss.IMU_QuaternionEKF_SetH.doubleq1  quaternionekf.o
    0x20000710        -       0x00000004   Zero   RW         2409    .bss.IMU_QuaternionEKF_SetH.doubleq2  quaternionekf.o
    0x20000714        -       0x00000004   Zero   RW         2410    .bss.IMU_QuaternionEKF_SetH.doubleq3  quaternionekf.o
    0x20000718        -       0x00000004   Zero   RW         2411    .bss.IMU_QuaternionEKF_xhatUpdate.q0  quaternionekf.o
    0x2000071c        -       0x00000004   Zero   RW         2412    .bss.IMU_QuaternionEKF_xhatUpdate.q1  quaternionekf.o
    0x20000720        -       0x00000004   Zero   RW         2413    .bss.IMU_QuaternionEKF_xhatUpdate.q2  quaternionekf.o
    0x20000724        -       0x00000004   Zero   RW         2414    .bss.IMU_QuaternionEKF_xhatUpdate.q3  quaternionekf.o
    0x20000728        -       0x00000004   Zero   RW         1899    .bss.INS_DWT_Count  imu_task.o
    0x2000072c        -       0x00000004   Zero   RW           53    .bss.ImuTaskHandle  freertos.o
    0x20000730        -       0x00000004   Zero   RW         1898    .bss.InsTask_dt     imu_task.o
    0x20000734        -       0x000000a4   Zero   RW         1908    .bss.Ins_Data       imu_task.o
    0x200007d8        -       0x00000004   Zero   RW         1992    .bss.Jointmotor_Feedback_Update_Left.L0_dot_last  balance_task.o
    0x200007dc        -       0x00000004   Zero   RW         1991    .bss.Jointmotor_Feedback_Update_Left.L0_last  balance_task.o
    0x200007e0        -       0x00000004   Zero   RW         1993    .bss.Jointmotor_Feedback_Update_Left.theta2_last  balance_task.o
    0x200007e4        -       0x00000004   Zero   RW         1994    .bss.Jointmotor_Feedback_Update_Left.theta_last  balance_task.o
    0x200007e8        -       0x00000004   Zero   RW         1995    .bss.Jointmotor_Feedback_Update_Right.L0_last  balance_task.o
    0x200007ec        -       0x00000004   Zero   RW         1996    .bss.Jointmotor_Feedback_Update_Right.theta2_last  balance_task.o
    0x200007f0        -       0x00000004   Zero   RW         1997    .bss.Jointmotor_Feedback_Update_Right.theta_last  balance_task.o
    0x200007f4        -       0x00000088   Zero   RW         1979    .bss.L0_pid         balance_task.o
    0x2000087c        -       0x00000040   Zero   RW         1980    .bss.LK9025_Motor   balance_task.o
    0x200008bc        -       0x00000004   Zero   RW           59    .bss.LK9025_Tx_Task_Handle  freertos.o
    0x200008c0        -       0x00000190   Zero   RW         1982    .bss.Leg            balance_task.o
    0x20000a50        -       0x00000088   Zero   RW         1977    .bss.Leg_ROLL_Compensate_pid  balance_task.o
    0x20000ad8        -       0x00000088   Zero   RW         1978    .bss.Leg_theta_Harmonize_pid  balance_task.o
    0x20000b60        -       0x00000004   Zero   RW         2003    .bss.Odometry_Update.pitch  balance_task.o
    0x20000b64        -       0x00000090   Zero   RW         2392    .bss.P_data_observe  quaternionekf.o
    0x20000bf4   COMPRESSED   0x00000004   PAD
    0x20000bf8        -       0x000001e0   Zero   RW         2395    .bss.QEKF_INS       quaternionekf.o
    0x20000dd8        -       0x0000000c   Zero   RW         1930    .bss.Robot_Status   monitor_task.o
    0x20000de4        -       0x00000038   Zero   RW         2153    .bss.RxMessage      can_bus.o
    0x20000e1c        -       0x0000005c   Zero   RW         1974    .bss.State_Variables  balance_task.o
    0x20000e78        -       0x00000004   Zero   RW         1931    .bss.Status_Counter  monitor_task.o
    0x20000e7c        -       0x00000008   Zero   RW         2187    .bss.SysTime        dwt_timer.o
    0x20000e84        -       0x00000044   Zero   RW         1885    .bss.TempCtrl_pid   imu_task.o
    0x20000ec8        -       0x00000018   Zero   RW         2152    .bss.TxMessage      can_bus.o
    0x20000ee0        -       0x00000004   Zero   RW         1990    .bss.balance_dwt_cnt  balance_task.o
    0x20000ee4        -       0x00000002   Zero   RW         2084    .bss.caliCount      bmi088driver.o
    0x20000ee6        -       0x0000000c   Zero   RW         2149    .bss.can_id         can_bus.o
    0x20000ef2   COMPRESSED   0x00000002   PAD
    0x20000ef4        -       0x00000004   Zero   RW           51    .bss.defaultTaskHandle  freertos.o
    0x20000ef8        -       0x00000001   Zero   RW         2085    .bss.error          bmi088driver.o
    0x20000ef9   COMPRESSED   0x00000003   PAD
    0x20000efc        -       0x00000004   Zero   RW         1983    .bss.fai_offset     balance_task.o
    0x20000f00        -       0x00000004   Zero   RW         2223    .bss.float_rounding.decimal  universal.o
    0x20000f04        -       0x00000004   Zero   RW         2222    .bss.float_rounding.integer  universal.o
    0x20000f08        -       0x00000004   Zero   RW         2094    .bss.gNormDiff      bmi088driver.o
    0x20000f0c        -       0x0000000c   Zero   RW         1911    .bss.gravity_b      imu_task.o
    0x20000f18        -       0x0000000c   Zero   RW         2093    .bss.gyroDiff       bmi088driver.o
    0x20000f24        -       0x00000008   Zero   RW         1912    .bss.halfex         imu_task.o
    0x20000f2c        -       0x00000008   Zero   RW         1913    .bss.halfey         imu_task.o
    0x20000f34        -       0x00000008   Zero   RW         1914    .bss.halfez         imu_task.o
    0x20000f3c        -       0x00000028   Zero   RW           79    .bss.hcan1          can.o
    0x20000f64        -       0x00000028   Zero   RW           80    .bss.hcan2          can.o
    0x20000f8c        -       0x00000060   Zero   RW          143    .bss.hdma_usart1_rx  usart.o
    0x20000fec        -       0x00000060   Zero   RW          144    .bss.hdma_usart1_tx  usart.o
    0x2000104c        -       0x00000060   Zero   RW          145    .bss.hdma_usart6_rx  usart.o
    0x200010ac        -       0x00000060   Zero   RW          146    .bss.hdma_usart6_tx  usart.o
    0x2000110c        -       0x00000058   Zero   RW          103    .bss.hspi2          spi.o
    0x20001164        -       0x00000048   Zero   RW          211    .bss.htim1          stm32f4xx_hal_timebase_tim.o
    0x200011ac        -       0x00000048   Zero   RW          121    .bss.htim3          tim.o
    0x200011f4        -       0x00000048   Zero   RW          122    .bss.htim5          tim.o
    0x2000123c        -       0x00000048   Zero   RW          141    .bss.huart1         usart.o
    0x20001284        -       0x00000048   Zero   RW          140    .bss.huart4         usart.o
    0x200012cc        -       0x00000048   Zero   RW          142    .bss.huart6         usart.o
    0x20001314        -       0x00000004   Zero   RW         1895    .bss.integralFBx    imu_task.o
    0x20001318        -       0x00000004   Zero   RW         1896    .bss.integralFBy    imu_task.o
    0x2000131c        -       0x00000004   Zero   RW         1897    .bss.integralFBz    imu_task.o
    0x20001320        -       0x00000004   Zero   RW         2008    .bss.k              balance_task.o
    0x20001324        -       0x00000004   Zero   RW         2001    .bss.macc_x         balance_task.o
    0x20001328        -       0x00000004   Zero   RW         2002    .bss.macc_z         balance_task.o
    0x2000132c        -       0x00000004   Zero   RW         1910    .bss.operate_count  imu_task.o
    0x20001330        -       0x00000004   Zero   RW         2000    .bss.pitch_ddwrNwwr  balance_task.o
    0x20001334        -       0x00000004   Zero   RW         1646    .bss.pxCurrentTCB   tasks.o
    0x20001338        -       0x00000004   Zero   RW         1663    .bss.pxDelayedTaskList  tasks.o
    0x2000133c        -       0x00000004   Zero   RW         1812    .bss.pxEnd          heap_4.o
    0x20001340        -       0x00000004   Zero   RW         1664    .bss.pxOverflowDelayedTaskList  tasks.o
    0x20001344        -       0x0000008c   Zero   RW         1647    .bss.pxReadyTasksLists  tasks.o
    0x200013d0        -       0x00000004   Zero   RW         1893    .bss.q2             imu_task.o
    0x200013d4        -       0x00000004   Zero   RW         1894    .bss.q3             imu_task.o
    0x200013d8        -       0x00000001   Zero   RW         2087    .bss.res            bmi088driver.o
    0x200013d9   COMPRESSED   0x00000001   PAD
    0x200013da        -       0x00000002   Zero   RW         2441    .bss.sizeof_double  kalman_filter.o
    0x200013dc        -       0x00000002   Zero   RW         2440    .bss.sizeof_float   kalman_filter.o
    0x200013de   COMPRESSED   0x00000002   PAD
    0x200013e0        -       0x00000018   Zero   RW         2019    .bss.temp           communicate_task.o
    0x200013f8        -       0x00000004   Zero   RW         1984    .bss.theta_offset   balance_task.o
    0x200013fc        -       0x00000002   Zero   RW         2021    .bss.transmit_tick  communicate_task.o
    0x200013fe   COMPRESSED   0x00000002   PAD
    0x20001400        -       0x00000004   Zero   RW         1890    .bss.twoKd          imu_task.o
    0x20001404        -       0x00000004   Zero   RW         2004    .bss.u              balance_task.o
    0x20001408        -       0x00003c00   Zero   RW         1819    .bss.ucHeap         heap_4.o
    0x20005008        -       0x00000001   Zero   RW         1853    .bss.ucMaxSysCallPriority  port.o
    0x20005009   COMPRESSED   0x00000003   PAD
    0x2000500c        -       0x00000004   Zero   RW         1854    .bss.ulMaxPRIGROUPValue  port.o
    0x20005010        -       0x00000004   Zero   RW          743    .bss.uwTick         stm32f4xx_hal.o
    0x20005014        -       0x00000004   Zero   RW         1652    .bss.uxCurrentNumberOfTasks  tasks.o
    0x20005018        -       0x00000004   Zero   RW         1651    .bss.uxDeletedTasksWaitingCleanUp  tasks.o
    0x2000501c        -       0x00000004   Zero   RW         1654    .bss.uxSchedulerSuspended  tasks.o
    0x20005020        -       0x00000004   Zero   RW         1649    .bss.uxTaskNumber   tasks.o
    0x20005024        -       0x00000004   Zero   RW         1648    .bss.uxTopReadyPriority  tasks.o
    0x20005028        -       0x00000004   Zero   RW         2006    .bss.vel_cov        balance_task.o
    0x2000502c        -       0x00000004   Zero   RW         2007    .bss.vel_measure    balance_task.o
    0x20005030        -       0x00000004   Zero   RW         2005    .bss.vel_prior      balance_task.o
    0x20005034        -       0x00000001   Zero   RW         2088    .bss.write_reg_num  bmi088driver.o
    0x20005035   COMPRESSED   0x00000003   PAD
    0x20005038        -       0x00000004   Zero   RW         1813    .bss.xBlockAllocatedBit  heap_4.o
    0x2000503c        -       0x00000014   Zero   RW         1666    .bss.xDelayedTaskList1  tasks.o
    0x20005050        -       0x00000014   Zero   RW         1667    .bss.xDelayedTaskList2  tasks.o
    0x20005064        -       0x00000004   Zero   RW         1814    .bss.xFreeBytesRemaining  heap_4.o
    0x20005068        -       0x00000200   Zero   RW           48    .bss.xIdleStack     freertos.o
    0x20005268        -       0x00000004   Zero   RW         1659    .bss.xIdleTaskHandle  tasks.o
    0x2000526c        -       0x00000054   Zero   RW           47    .bss.xIdleTaskTCBBuffer  freertos.o
    0x200052c0        -       0x00000004   Zero   RW         1816    .bss.xMinimumEverFreeBytesRemaining  heap_4.o
    0x200052c4        -       0x00000004   Zero   RW         1660    .bss.xNextTaskUnblockTime  tasks.o
    0x200052c8        -       0x00000004   Zero   RW         1665    .bss.xNumOfOverflows  tasks.o
    0x200052cc        -       0x00000004   Zero   RW         1817    .bss.xNumberOfSuccessfulAllocations  heap_4.o
    0x200052d0        -       0x00000004   Zero   RW         1818    .bss.xNumberOfSuccessfulFrees  heap_4.o
    0x200052d4        -       0x00000004   Zero   RW         1662    .bss.xPendedTicks   tasks.o
    0x200052d8        -       0x00000014   Zero   RW         1657    .bss.xPendingReadyList  tasks.o
    0x200052ec        -       0x00000004   Zero   RW         1653    .bss.xSchedulerRunning  tasks.o
    0x200052f0        -       0x00000008   Zero   RW         1815    .bss.xStart         heap_4.o
    0x200052f8        -       0x00000014   Zero   RW         1656    .bss.xSuspendedTaskList  tasks.o
    0x2000530c        -       0x00000014   Zero   RW         1650    .bss.xTasksWaitingTermination  tasks.o
    0x20005320        -       0x00000004   Zero   RW         1655    .bss.xTickCount     tasks.o
    0x20005324        -       0x00000004   Zero   RW         1661    .bss.xYieldPending  tasks.o
    0x20005328        -       0x00000004   Zero   RW         1998    .bss.yaw_ddwrNwwr   balance_task.o
    0x2000532c        -       0x00000004   Zero   RW         1999    .bss.yaw_p_ddwrNwwr  balance_task.o
    0x20005330        -       0x00000200   Zero   RW            2    HEAP                startup_stm32f446xx.o
    0x20005530        -       0x00000400   Zero   RW            1    STACK               startup_stm32f446xx.o


==============================================================================

Image component sizes


      Code (inc. data)   RO Data    RW Data    ZI Data      Debug   Object Name

      1628         68          0         16          0       3404   a1_driver.o
      2334         36          0          8        520       4979   a1_task.o
       264         12          0          0          0       1069   arm_cos_f32.o
       170          0          0          0          0       1657   arm_mat_add_f32.o
        40          0          0          0          0       1002   arm_mat_init_f32.o
      1016          0          0          0          0       2991   arm_mat_inverse_f32.o
       324          0          0          0          0       2028   arm_mat_mult_f32.o
       170          0          0          0          0       1657   arm_mat_sub_f32.o
       176          0          0          0          0       1685   arm_mat_trans_f32.o
       256         12          0          0          0       1069   arm_sin_f32.o
      6504        156          0        204       1224      10382   balance_task.o
      3488         28          0         47         87       7796   bmi088driver.o
       128          0          0          0          4       4063   bmi088middleware.o
       570          0          0          0         84       6641   can.o
      1522         24          0          1        100       6589   can_bus.o
       310          0          0          0          0      16254   cmsis_os.o
       202          0          0         28         62       1694   communicate_task.o
       172          0          0          0          0       2518   crc.o
       118          0          0          0          0       3499   dma.o
       704          8          0          0         60       3432   dwt_timer.o
       470          0        245          0        620       3413   freertos.o
       282          0          0          0          0       2261   gpio.o
      1084          0          0          0      15392       4428   heap_4.o
      3286         36         36         20        332       7256   imu_task.o
      1522          0          0          0          4       7229   kalman_filter.o
       296          0          0          0          0       2228   list.o
       104          0          0          0          0        787   lk9025_task.o
      1102         72          0          0          0       6268   main.o
        68          4          0          0         16       1953   monitor_task.o
       752         16          0          0          0       2701   pid.o
       996         16          0          4          5       3836   port.o
      3370         24        144        144        820       8876   quaternionekf.o
       160          0          0          0        224       4209   rs485.o
       224          0          0          0         88       4963   spi.o
        36          8        452          0       1536        848   startup_stm32f446xx.o
       158          0          0          5          4       7315   stm32f4xx_hal.o
      3096          0          0          0          0      11519   stm32f4xx_hal_can.o
       384          0          0          0          0       9633   stm32f4xx_hal_cortex.o
      2068          8          8          0          0       8481   stm32f4xx_hal_dma.o
       968          0          0          0          0       5197   stm32f4xx_hal_gpio.o
        88          0          0          0          0       3560   stm32f4xx_hal_msp.o
       774          0          0          0          0       7704   stm32f4xx_hal_rcc.o
      2198         14          0          0          0      11027   stm32f4xx_hal_rcc_ex.o
      1662          0          0          0          0      19731   stm32f4xx_hal_spi.o
      4258         28          0          0          0      35857   stm32f4xx_hal_tim.o
       306          0          0          0          0      15272   stm32f4xx_hal_tim_ex.o
       218          0          0          0         72       7249   stm32f4xx_hal_timebase_tim.o
      3820          0          0          0          0      20242   stm32f4xx_hal_uart.o
       214          0          0          0          0       1934   stm32f4xx_it.o
        18          0         24          4          0       2626   system_stm32f4xx.o
      3562          0          5          0        300      20933   tasks.o
       664          0          0          0        144       8470   tim.o
       124         14          0          0          0       3810   timers_1.o
       538          0          0          0          8       3376   universal.o
       998          0          0          0        600       7942   usart.o

    ----------------------------------------------------------------------
     60208        588        948        492      22328     357543   Object Totals
         0          0         32          0          0          0   (incl. Generated)
       244          4          2         11         22          0   (incl. Padding)

    ----------------------------------------------------------------------

      Code (inc. data)   RO Data    RW Data    ZI Data      Debug   Library Member Name

         0          0       2052          0          0      22396   arm_common_tables.o
       280         46          0          0          0        176   acosf.o
       300         42          0          0          0        176   asinf.o
       744        106        152          0          0        352   atan.o
       512         64          0          0          0        208   atan2.o
       684         90          0          0          0        208   atan2f.o
       184         44          0          0          0        744   dunder.o
        24          0          0          0          0        124   fabs.o
        48          0          0          0          0        124   fpclassify.o
        38          0          0          0          0        116   fpclassifyf.o
        80         24          0          0          0        696   funder.o
       248          0          0          0          0        152   poly.o
      3168        296        136          0          0        352   pow.o
      1636        110        320          0          0        372   powf.o
         0          0          8          0          0          0   qnan.o
       232          0          0          0          0        296   sqrt.o
       120          0          0          0          0        272   sqrtf.o
        86          0          0          0          0          0   __dczerorl2.o
         0          0          0          0          0          0   entry.o
         0          0          0          0          0          0   entry10a.o
         0          0          0          0          0          0   entry11a.o
         8          4          0          0          0          0   entry2.o
         4          0          0          0          0          0   entry5.o
         0          0          0          0          0          0   entry7b.o
         0          0          0          0          0          0   entry8b.o
         8          4          0          0          0          0   entry9a.o
        12          6          0          4          0         68   errno.o
        30          0          0          0          0          0   handlers.o
        36          8          0          0          0         68   init.o
         0          0          0          0          0          0   iusefp.o
        30          0          0          0          0         68   llshl.o
        36          0          0          0          0         68   llsshr.o
        32          0          0          0          0         68   llushr.o
       108         16          0          0          0         84   malloc.o
        36          0          0          0          0         68   memcpya.o
        36          0          0          0          0        108   memseta.o
         0          0          0          8          0          0   mvars.o
        98          0          0          0          0         92   uldiv.o
        48          0          0          0          0         68   cdcmple.o
        48          0          0          0          0         68   cdrcmple.o
        56          0          0          0          0         88   d2f.o
       334          0          0          0          0        148   dadd.o
        54          0          0          0          0         80   dcmpgt.o
       222          0          0          0          0        100   ddiv.o
       186          0          0          0          0        176   depilogue.o
        34          0          0          0          0         76   dflti.o
       228          0          0          0          0         96   dmul.o
        46          0          0          0          0         80   dscalb.o
       162          0          0          0          0        100   dsqrt.o
        38          0          0          0          0         68   f2d.o
       110          0          0          0          0        168   fepilogue.o
         4          0          0          0          0         68   fpstat.o

    ----------------------------------------------------------------------
     10440        864       2668         12          0      28840   Library Totals
        12          4          0          0          0          0   (incl. Padding)

    ----------------------------------------------------------------------

      Code (inc. data)   RO Data    RW Data    ZI Data      Debug   Library Name

         0          0       2052          0          0      22396   arm_cortexM4lf_math.lib
      8298        822        616          0          0       4368   m_wm.l
       560         38          0         12          0        692   mc_w.l
      1570          0          0          0          0       1384   mf_w.l

    ----------------------------------------------------------------------
     10440        864       2668         12          0      28840   Library Totals

    ----------------------------------------------------------------------

==============================================================================


      Code (inc. data)   RO Data    RW Data    ZI Data      Debug   

     70648       1452       3616        504      22328     381867   Grand Totals
     70648       1452       3616        328      22328     381867   ELF Image Totals (compressed)
     70648       1452       3616        328          0          0   ROM Totals

==============================================================================

    Total RO  Size (Code + RO Data)                74264 (  72.52kB)
    Total RW  Size (RW Data + ZI Data)             22832 (  22.30kB)
    Total ROM Size (Code + RO Data + RW Data)      74592 (  72.84kB)

==============================================================================

