*** Using Compiler 'V5.06 update 6 (build 750)', folder: 'D:\Programs\Keil_mdk\ARM\ARMCC\Bin'
Build target 'UniversalGimbal'
compiling UniversalMotor.c...
compiling ControllerTask.c...
compiling Chassis.c...
compiling BoardCommTask.c...
compiling RC_DBUS.c...
compiling DebugTask.c...
compiling DjiMotor.c...
compiling InertialTask.c...
compiling can.c...
compiling RC_VTM.c...
compiling GimbalTask.c...
compiling usart.c...
compiling DaemonTask.c...
compiling DM4310.c...
compiling UniversalPID.c...
compiling Universal.c...
compiling MouseKeyboard.c...
compiling QuaternionEKF.c...
compiling KalmanFilterInertial.c...
linking...
Program Size: Code=44792 RO-data=1012 RW-data=464 ZI-data=32648  
FromELF: creating hex file...
"UniversalGimbal\UniversalGimbal.axf" - 0 Error(s), 0 Warning(s).
Build Time Elapsed:  00:00:08
