<!doctype html public "-//w3c//dtd html 4.0 transitional//en">
<html><head>
<title>Static Call Graph - [UniversalGimbal\UniversalGimbal.axf]</title></head>
<body><HR>
<H1>Static Call Graph for image UniversalGimbal\UniversalGimbal.axf</H1><HR>
<BR><P>#&#060CALLGRAPH&#062# ARM Linker, 5060750: Last Updated: Tue Feb 18 12:14:11 2025
<BR><P>
<H3>Maximum Stack Usage =       1552 bytes + Unknown(Cycles, Untraceable Function Pointers)</H3><H3>
Call chain for Maximum Stack Depth:</H3>
VisionTask &rArr; arm_rfft_fast_f32 &rArr; arm_cfft_f32 &rArr; arm_cfft_radix8by4_f32 &rArr; arm_radix8_butterfly_f32
<P>
<H3>
Mutually Recursive functions
</H3> <LI><a href="#[32]">ADC_IRQHandler</a>&nbsp;&nbsp;&nbsp;&rArr;&nbsp;&nbsp;&nbsp;<a href="#[32]">ADC_IRQHandler</a><BR>
 <LI><a href="#[1a]">BusFault_Handler</a>&nbsp;&nbsp;&nbsp;&rArr;&nbsp;&nbsp;&nbsp;<a href="#[1a]">BusFault_Handler</a><BR>
 <LI><a href="#[18]">HardFault_Handler</a>&nbsp;&nbsp;&nbsp;&rArr;&nbsp;&nbsp;&nbsp;<a href="#[18]">HardFault_Handler</a><BR>
 <LI><a href="#[19]">MemManage_Handler</a>&nbsp;&nbsp;&nbsp;&rArr;&nbsp;&nbsp;&nbsp;<a href="#[19]">MemManage_Handler</a><BR>
 <LI><a href="#[17]">NMI_Handler</a>&nbsp;&nbsp;&nbsp;&rArr;&nbsp;&nbsp;&nbsp;<a href="#[17]">NMI_Handler</a><BR>
 <LI><a href="#[188]">UART_EndRxTransfer</a>&nbsp;&nbsp;&nbsp;&rArr;&nbsp;&nbsp;&nbsp;<a href="#[188]">UART_EndRxTransfer</a><BR>
 <LI><a href="#[1b]">UsageFault_Handler</a>&nbsp;&nbsp;&nbsp;&rArr;&nbsp;&nbsp;&nbsp;<a href="#[1b]">UsageFault_Handler</a><BR>
 <LI><a href="#[1d1]">UART_EndTxTransfer</a>&nbsp;&nbsp;&nbsp;&rArr;&nbsp;&nbsp;&nbsp;<a href="#[1d1]">UART_EndTxTransfer</a><BR>
</UL>
<P>
<H3>
Function Pointers
</H3><UL>
 <LI><a href="#[32]">ADC_IRQHandler</a> from startup_stm32f407xx.o(.text) referenced from startup_stm32f407xx.o(RESET)
 <LI><a href="#[90]">BoardCommTask</a> from boardcommtask.o(i.BoardCommTask) referenced from freertos.o(.constdata)
 <LI><a href="#[1a]">BusFault_Handler</a> from stm32f4xx_it.o(i.BusFault_Handler) referenced from startup_stm32f407xx.o(RESET)
 <LI><a href="#[34]">CAN1_RX0_IRQHandler</a> from stm32f4xx_it.o(i.CAN1_RX0_IRQHandler) referenced from startup_stm32f407xx.o(RESET)
 <LI><a href="#[35]">CAN1_RX1_IRQHandler</a> from startup_stm32f407xx.o(.text) referenced from startup_stm32f407xx.o(RESET)
 <LI><a href="#[36]">CAN1_SCE_IRQHandler</a> from startup_stm32f407xx.o(.text) referenced from startup_stm32f407xx.o(RESET)
 <LI><a href="#[33]">CAN1_TX_IRQHandler</a> from startup_stm32f407xx.o(.text) referenced from startup_stm32f407xx.o(RESET)
 <LI><a href="#[60]">CAN2_RX0_IRQHandler</a> from startup_stm32f407xx.o(.text) referenced from startup_stm32f407xx.o(RESET)
 <LI><a href="#[61]">CAN2_RX1_IRQHandler</a> from stm32f4xx_it.o(i.CAN2_RX1_IRQHandler) referenced from startup_stm32f407xx.o(RESET)
 <LI><a href="#[62]">CAN2_SCE_IRQHandler</a> from startup_stm32f407xx.o(.text) referenced from startup_stm32f407xx.o(RESET)
 <LI><a href="#[5f]">CAN2_TX_IRQHandler</a> from stm32f4xx_it.o(i.CAN2_TX_IRQHandler) referenced from startup_stm32f407xx.o(RESET)
 <LI><a href="#[9]">CDC_Control_FS</a> from usbd_cdc_if.o(i.CDC_Control_FS) referenced 2 times from usbd_cdc_if.o(.data)
 <LI><a href="#[8]">CDC_DeInit_FS</a> from usbd_cdc_if.o(i.CDC_DeInit_FS) referenced 2 times from usbd_cdc_if.o(.data)
 <LI><a href="#[7]">CDC_Init_FS</a> from usbd_cdc_if.o(i.CDC_Init_FS) referenced 2 times from usbd_cdc_if.o(.data)
 <LI><a href="#[a]">CDC_Receive_FS</a> from usbd_cdc_if.o(i.CDC_Receive_FS) referenced 2 times from usbd_cdc_if.o(.data)
 <LI><a href="#[b]">CDC_TransmitCplt_FS</a> from usbd_cdc_if.o(i.CDC_TransmitCplt_FS) referenced 2 times from usbd_cdc_if.o(.data)
 <LI><a href="#[8f]">ControllerTask</a> from controllertask.o(i.ControllerTask) referenced from freertos.o(.constdata)
 <LI><a href="#[6e]">DCMI_IRQHandler</a> from startup_stm32f407xx.o(.text) referenced from startup_stm32f407xx.o(RESET)
 <LI><a href="#[2b]">DMA1_Stream0_IRQHandler</a> from startup_stm32f407xx.o(.text) referenced from startup_stm32f407xx.o(RESET)
 <LI><a href="#[2c]">DMA1_Stream1_IRQHandler</a> from stm32f4xx_it.o(i.DMA1_Stream1_IRQHandler) referenced from startup_stm32f407xx.o(RESET)
 <LI><a href="#[2d]">DMA1_Stream2_IRQHandler</a> from startup_stm32f407xx.o(.text) referenced from startup_stm32f407xx.o(RESET)
 <LI><a href="#[2e]">DMA1_Stream3_IRQHandler</a> from startup_stm32f407xx.o(.text) referenced from startup_stm32f407xx.o(RESET)
 <LI><a href="#[2f]">DMA1_Stream4_IRQHandler</a> from startup_stm32f407xx.o(.text) referenced from startup_stm32f407xx.o(RESET)
 <LI><a href="#[30]">DMA1_Stream5_IRQHandler</a> from startup_stm32f407xx.o(.text) referenced from startup_stm32f407xx.o(RESET)
 <LI><a href="#[31]">DMA1_Stream6_IRQHandler</a> from startup_stm32f407xx.o(.text) referenced from startup_stm32f407xx.o(RESET)
 <LI><a href="#[4f]">DMA1_Stream7_IRQHandler</a> from startup_stm32f407xx.o(.text) referenced from startup_stm32f407xx.o(RESET)
 <LI><a href="#[58]">DMA2_Stream0_IRQHandler</a> from stm32f4xx_it.o(i.DMA2_Stream0_IRQHandler) referenced from startup_stm32f407xx.o(RESET)
 <LI><a href="#[59]">DMA2_Stream1_IRQHandler</a> from stm32f4xx_it.o(i.DMA2_Stream1_IRQHandler) referenced from startup_stm32f407xx.o(RESET)
 <LI><a href="#[5a]">DMA2_Stream2_IRQHandler</a> from stm32f4xx_it.o(i.DMA2_Stream2_IRQHandler) referenced from startup_stm32f407xx.o(RESET)
 <LI><a href="#[5b]">DMA2_Stream3_IRQHandler</a> from stm32f4xx_it.o(i.DMA2_Stream3_IRQHandler) referenced from startup_stm32f407xx.o(RESET)
 <LI><a href="#[5c]">DMA2_Stream4_IRQHandler</a> from startup_stm32f407xx.o(.text) referenced from startup_stm32f407xx.o(RESET)
 <LI><a href="#[64]">DMA2_Stream5_IRQHandler</a> from startup_stm32f407xx.o(.text) referenced from startup_stm32f407xx.o(RESET)
 <LI><a href="#[65]">DMA2_Stream6_IRQHandler</a> from stm32f4xx_it.o(i.DMA2_Stream6_IRQHandler) referenced from startup_stm32f407xx.o(RESET)
 <LI><a href="#[66]">DMA2_Stream7_IRQHandler</a> from startup_stm32f407xx.o(.text) referenced from startup_stm32f407xx.o(RESET)
 <LI><a href="#[89]">DaemonTask</a> from daemontask.o(i.DaemonTask) referenced from freertos.o(.constdata)
 <LI><a href="#[1d]">DebugMon_Handler</a> from stm32f4xx_it.o(i.DebugMon_Handler) referenced from startup_stm32f407xx.o(RESET)
 <LI><a href="#[8e]">DebugTask</a> from debugtask.o(i.DebugTask) referenced from freertos.o(.constdata)
 <LI><a href="#[5d]">ETH_IRQHandler</a> from startup_stm32f407xx.o(.text) referenced from startup_stm32f407xx.o(RESET)
 <LI><a href="#[5e]">ETH_WKUP_IRQHandler</a> from startup_stm32f407xx.o(.text) referenced from startup_stm32f407xx.o(RESET)
 <LI><a href="#[26]">EXTI0_IRQHandler</a> from startup_stm32f407xx.o(.text) referenced from startup_stm32f407xx.o(RESET)
 <LI><a href="#[48]">EXTI15_10_IRQHandler</a> from startup_stm32f407xx.o(.text) referenced from startup_stm32f407xx.o(RESET)
 <LI><a href="#[27]">EXTI1_IRQHandler</a> from startup_stm32f407xx.o(.text) referenced from startup_stm32f407xx.o(RESET)
 <LI><a href="#[28]">EXTI2_IRQHandler</a> from startup_stm32f407xx.o(.text) referenced from startup_stm32f407xx.o(RESET)
 <LI><a href="#[29]">EXTI3_IRQHandler</a> from startup_stm32f407xx.o(.text) referenced from startup_stm32f407xx.o(RESET)
 <LI><a href="#[2a]">EXTI4_IRQHandler</a> from stm32f4xx_it.o(i.EXTI4_IRQHandler) referenced from startup_stm32f407xx.o(RESET)
 <LI><a href="#[37]">EXTI9_5_IRQHandler</a> from stm32f4xx_it.o(i.EXTI9_5_IRQHandler) referenced from startup_stm32f407xx.o(RESET)
 <LI><a href="#[24]">FLASH_IRQHandler</a> from startup_stm32f407xx.o(.text) referenced from startup_stm32f407xx.o(RESET)
 <LI><a href="#[50]">FMC_IRQHandler</a> from startup_stm32f407xx.o(.text) referenced from startup_stm32f407xx.o(RESET)
 <LI><a href="#[70]">FPU_IRQHandler</a> from startup_stm32f407xx.o(.text) referenced from startup_stm32f407xx.o(RESET)
 <LI><a href="#[91]">FusionInsTask</a> from fusioninstask.o(i.FusionInsTask) referenced from freertos.o(.constdata)
 <LI><a href="#[8a]">GimbalTask</a> from gimbaltask.o(i.GimbalTask) referenced from freertos.o(.constdata)
 <LI><a href="#[6f]">HASH_RNG_IRQHandler</a> from startup_stm32f407xx.o(.text) referenced from startup_stm32f407xx.o(RESET)
 <LI><a href="#[18]">HardFault_Handler</a> from stm32f4xx_it.o(i.HardFault_Handler) referenced from startup_stm32f407xx.o(RESET)
 <LI><a href="#[40]">I2C1_ER_IRQHandler</a> from startup_stm32f407xx.o(.text) referenced from startup_stm32f407xx.o(RESET)
 <LI><a href="#[3f]">I2C1_EV_IRQHandler</a> from startup_stm32f407xx.o(.text) referenced from startup_stm32f407xx.o(RESET)
 <LI><a href="#[42]">I2C2_ER_IRQHandler</a> from startup_stm32f407xx.o(.text) referenced from startup_stm32f407xx.o(RESET)
 <LI><a href="#[41]">I2C2_EV_IRQHandler</a> from startup_stm32f407xx.o(.text) referenced from startup_stm32f407xx.o(RESET)
 <LI><a href="#[69]">I2C3_ER_IRQHandler</a> from startup_stm32f407xx.o(.text) referenced from startup_stm32f407xx.o(RESET)
 <LI><a href="#[68]">I2C3_EV_IRQHandler</a> from startup_stm32f407xx.o(.text) referenced from startup_stm32f407xx.o(RESET)
 <LI><a href="#[7a]">IMU_QuaternionEKF_F_Linearization_P_Fading</a> from quaternionekf.o(i.IMU_QuaternionEKF_F_Linearization_P_Fading) referenced from quaternionekf.o(i.IMU_QuaternionEKF_Init)
 <LI><a href="#[79]">IMU_QuaternionEKF_Observe</a> from quaternionekf.o(i.IMU_QuaternionEKF_Observe) referenced from quaternionekf.o(i.IMU_QuaternionEKF_Init)
 <LI><a href="#[7b]">IMU_QuaternionEKF_SetH</a> from quaternionekf.o(i.IMU_QuaternionEKF_SetH) referenced from quaternionekf.o(i.IMU_QuaternionEKF_Init)
 <LI><a href="#[7c]">IMU_QuaternionEKF_xhatUpdate</a> from quaternionekf.o(i.IMU_QuaternionEKF_xhatUpdate) referenced from quaternionekf.o(i.IMU_QuaternionEKF_Init)
 <LI><a href="#[92]">IdleTask</a> from daemontask.o(i.IdleTask) referenced from daemontask.o(.constdata)
 <LI><a href="#[93]">InertialCalibrateTask</a> from inertialtask.o(i.InertialCalibrateTask) referenced from inertialtask.o(.constdata)
 <LI><a href="#[8d]">InertialTask</a> from inertialtask.o(i.InertialTask) referenced from freertos.o(.constdata)
 <LI><a href="#[19]">MemManage_Handler</a> from stm32f4xx_it.o(i.MemManage_Handler) referenced from startup_stm32f407xx.o(RESET)
 <LI><a href="#[17]">NMI_Handler</a> from stm32f4xx_it.o(i.NMI_Handler) referenced from startup_stm32f407xx.o(RESET)
 <LI><a href="#[63]">OTG_FS_IRQHandler</a> from stm32f4xx_it.o(i.OTG_FS_IRQHandler) referenced from startup_stm32f407xx.o(RESET)
 <LI><a href="#[4a]">OTG_FS_WKUP_IRQHandler</a> from startup_stm32f407xx.o(.text) referenced from startup_stm32f407xx.o(RESET)
 <LI><a href="#[6b]">OTG_HS_EP1_IN_IRQHandler</a> from startup_stm32f407xx.o(.text) referenced from startup_stm32f407xx.o(RESET)
 <LI><a href="#[6a]">OTG_HS_EP1_OUT_IRQHandler</a> from startup_stm32f407xx.o(.text) referenced from startup_stm32f407xx.o(RESET)
 <LI><a href="#[6d]">OTG_HS_IRQHandler</a> from startup_stm32f407xx.o(.text) referenced from startup_stm32f407xx.o(RESET)
 <LI><a href="#[6c]">OTG_HS_WKUP_IRQHandler</a> from startup_stm32f407xx.o(.text) referenced from startup_stm32f407xx.o(RESET)
 <LI><a href="#[21]">PVD_IRQHandler</a> from startup_stm32f407xx.o(.text) referenced from startup_stm32f407xx.o(RESET)
 <LI><a href="#[1e]">PendSV_Handler</a> from port.o(.emb_text) referenced from startup_stm32f407xx.o(RESET)
 <LI><a href="#[25]">RCC_IRQHandler</a> from startup_stm32f407xx.o(.text) referenced from startup_stm32f407xx.o(RESET)
 <LI><a href="#[49]">RTC_Alarm_IRQHandler</a> from startup_stm32f407xx.o(.text) referenced from startup_stm32f407xx.o(RESET)
 <LI><a href="#[23]">RTC_WKUP_IRQHandler</a> from startup_stm32f407xx.o(.text) referenced from startup_stm32f407xx.o(RESET)
 <LI><a href="#[16]">Reset_Handler</a> from startup_stm32f407xx.o(.text) referenced from startup_stm32f407xx.o(RESET)
 <LI><a href="#[51]">SDIO_IRQHandler</a> from startup_stm32f407xx.o(.text) referenced from startup_stm32f407xx.o(RESET)
 <LI><a href="#[43]">SPI1_IRQHandler</a> from stm32f4xx_it.o(i.SPI1_IRQHandler) referenced from startup_stm32f407xx.o(RESET)
 <LI><a href="#[44]">SPI2_IRQHandler</a> from startup_stm32f407xx.o(.text) referenced from startup_stm32f407xx.o(RESET)
 <LI><a href="#[53]">SPI3_IRQHandler</a> from startup_stm32f407xx.o(.text) referenced from startup_stm32f407xx.o(RESET)
 <LI><a href="#[74]">SPI_DMAAbortOnError</a> from stm32f4xx_hal_spi.o(i.SPI_DMAAbortOnError) referenced from stm32f4xx_hal_spi.o(i.HAL_SPI_IRQHandler)
 <LI><a href="#[1c]">SVC_Handler</a> from port.o(.emb_text) referenced from startup_stm32f407xx.o(RESET)
 <LI><a href="#[8b]">ShootingTask</a> from shootingtask.o(i.ShootingTask) referenced from freertos.o(.constdata)
 <LI><a href="#[1f]">SysTick_Handler</a> from port.o(i.SysTick_Handler) referenced from startup_stm32f407xx.o(RESET)
 <LI><a href="#[72]">SystemInit</a> from system_stm32f4xx.o(i.SystemInit) referenced from startup_stm32f407xx.o(.text)
 <LI><a href="#[22]">TAMP_STAMP_IRQHandler</a> from startup_stm32f407xx.o(.text) referenced from startup_stm32f407xx.o(RESET)
 <LI><a href="#[38]">TIM1_BRK_TIM9_IRQHandler</a> from startup_stm32f407xx.o(.text) referenced from startup_stm32f407xx.o(RESET)
 <LI><a href="#[3b]">TIM1_CC_IRQHandler</a> from startup_stm32f407xx.o(.text) referenced from startup_stm32f407xx.o(RESET)
 <LI><a href="#[3a]">TIM1_TRG_COM_TIM11_IRQHandler</a> from startup_stm32f407xx.o(.text) referenced from startup_stm32f407xx.o(RESET)
 <LI><a href="#[39]">TIM1_UP_TIM10_IRQHandler</a> from startup_stm32f407xx.o(.text) referenced from startup_stm32f407xx.o(RESET)
 <LI><a href="#[3c]">TIM2_IRQHandler</a> from startup_stm32f407xx.o(.text) referenced from startup_stm32f407xx.o(RESET)
 <LI><a href="#[3d]">TIM3_IRQHandler</a> from startup_stm32f407xx.o(.text) referenced from startup_stm32f407xx.o(RESET)
 <LI><a href="#[3e]">TIM4_IRQHandler</a> from startup_stm32f407xx.o(.text) referenced from startup_stm32f407xx.o(RESET)
 <LI><a href="#[52]">TIM5_IRQHandler</a> from startup_stm32f407xx.o(.text) referenced from startup_stm32f407xx.o(RESET)
 <LI><a href="#[56]">TIM6_DAC_IRQHandler</a> from stm32f4xx_it.o(i.TIM6_DAC_IRQHandler) referenced from startup_stm32f407xx.o(RESET)
 <LI><a href="#[57]">TIM7_IRQHandler</a> from startup_stm32f407xx.o(.text) referenced from startup_stm32f407xx.o(RESET)
 <LI><a href="#[4b]">TIM8_BRK_TIM12_IRQHandler</a> from startup_stm32f407xx.o(.text) referenced from startup_stm32f407xx.o(RESET)
 <LI><a href="#[4e]">TIM8_CC_IRQHandler</a> from startup_stm32f407xx.o(.text) referenced from startup_stm32f407xx.o(RESET)
 <LI><a href="#[4d]">TIM8_TRG_COM_TIM14_IRQHandler</a> from startup_stm32f407xx.o(.text) referenced from startup_stm32f407xx.o(RESET)
 <LI><a href="#[4c]">TIM8_UP_TIM13_IRQHandler</a> from startup_stm32f407xx.o(.text) referenced from startup_stm32f407xx.o(RESET)
 <LI><a href="#[54]">UART4_IRQHandler</a> from startup_stm32f407xx.o(.text) referenced from startup_stm32f407xx.o(RESET)
 <LI><a href="#[55]">UART5_IRQHandler</a> from startup_stm32f407xx.o(.text) referenced from startup_stm32f407xx.o(RESET)
 <LI><a href="#[75]">UART_DMAAbortOnError</a> from stm32f4xx_hal_uart.o(i.UART_DMAAbortOnError) referenced from stm32f4xx_hal_uart.o(i.HAL_UART_IRQHandler)
 <LI><a href="#[78]">UART_DMAError</a> from stm32f4xx_hal_uart.o(i.UART_DMAError) referenced from stm32f4xx_hal_uart.o(i.HAL_UART_Transmit_DMA)
 <LI><a href="#[78]">UART_DMAError</a> from stm32f4xx_hal_uart.o(i.UART_DMAError) referenced from stm32f4xx_hal_uart.o(i.UART_Start_Receive_DMA)
 <LI><a href="#[7d]">UART_DMAReceiveCplt</a> from stm32f4xx_hal_uart.o(i.UART_DMAReceiveCplt) referenced from stm32f4xx_hal_uart.o(i.UART_Start_Receive_DMA)
 <LI><a href="#[7e]">UART_DMARxHalfCplt</a> from stm32f4xx_hal_uart.o(i.UART_DMARxHalfCplt) referenced from stm32f4xx_hal_uart.o(i.UART_Start_Receive_DMA)
 <LI><a href="#[76]">UART_DMATransmitCplt</a> from stm32f4xx_hal_uart.o(i.UART_DMATransmitCplt) referenced from stm32f4xx_hal_uart.o(i.HAL_UART_Transmit_DMA)
 <LI><a href="#[77]">UART_DMATxHalfCplt</a> from stm32f4xx_hal_uart.o(i.UART_DMATxHalfCplt) referenced from stm32f4xx_hal_uart.o(i.HAL_UART_Transmit_DMA)
 <LI><a href="#[45]">USART1_IRQHandler</a> from stm32f4xx_it.o(i.USART1_IRQHandler) referenced from startup_stm32f407xx.o(RESET)
 <LI><a href="#[46]">USART2_IRQHandler</a> from startup_stm32f407xx.o(.text) referenced from startup_stm32f407xx.o(RESET)
 <LI><a href="#[47]">USART3_IRQHandler</a> from startup_stm32f407xx.o(.text) referenced from startup_stm32f407xx.o(RESET)
 <LI><a href="#[67]">USART6_IRQHandler</a> from stm32f4xx_it.o(i.USART6_IRQHandler) referenced from startup_stm32f407xx.o(RESET)
 <LI><a href="#[10]">USBD_CDC_DataIn</a> from usbd_cdc.o(i.USBD_CDC_DataIn) referenced 2 times from usbd_cdc.o(.data)
 <LI><a href="#[11]">USBD_CDC_DataOut</a> from usbd_cdc.o(i.USBD_CDC_DataOut) referenced 2 times from usbd_cdc.o(.data)
 <LI><a href="#[d]">USBD_CDC_DeInit</a> from usbd_cdc.o(i.USBD_CDC_DeInit) referenced 2 times from usbd_cdc.o(.data)
 <LI><a href="#[f]">USBD_CDC_EP0_RxReady</a> from usbd_cdc.o(i.USBD_CDC_EP0_RxReady) referenced 2 times from usbd_cdc.o(.data)
 <LI><a href="#[15]">USBD_CDC_GetDeviceQualifierDescriptor</a> from usbd_cdc.o(i.USBD_CDC_GetDeviceQualifierDescriptor) referenced 2 times from usbd_cdc.o(.data)
 <LI><a href="#[13]">USBD_CDC_GetFSCfgDesc</a> from usbd_cdc.o(i.USBD_CDC_GetFSCfgDesc) referenced 2 times from usbd_cdc.o(.data)
 <LI><a href="#[12]">USBD_CDC_GetHSCfgDesc</a> from usbd_cdc.o(i.USBD_CDC_GetHSCfgDesc) referenced 2 times from usbd_cdc.o(.data)
 <LI><a href="#[14]">USBD_CDC_GetOtherSpeedCfgDesc</a> from usbd_cdc.o(i.USBD_CDC_GetOtherSpeedCfgDesc) referenced 2 times from usbd_cdc.o(.data)
 <LI><a href="#[c]">USBD_CDC_Init</a> from usbd_cdc.o(i.USBD_CDC_Init) referenced 2 times from usbd_cdc.o(.data)
 <LI><a href="#[e]">USBD_CDC_Setup</a> from usbd_cdc.o(i.USBD_CDC_Setup) referenced 2 times from usbd_cdc.o(.data)
 <LI><a href="#[5]">USBD_FS_ConfigStrDescriptor</a> from usbd_desc.o(i.USBD_FS_ConfigStrDescriptor) referenced 2 times from usbd_desc.o(.data)
 <LI><a href="#[0]">USBD_FS_DeviceDescriptor</a> from usbd_desc.o(i.USBD_FS_DeviceDescriptor) referenced 2 times from usbd_desc.o(.data)
 <LI><a href="#[6]">USBD_FS_InterfaceStrDescriptor</a> from usbd_desc.o(i.USBD_FS_InterfaceStrDescriptor) referenced 2 times from usbd_desc.o(.data)
 <LI><a href="#[1]">USBD_FS_LangIDStrDescriptor</a> from usbd_desc.o(i.USBD_FS_LangIDStrDescriptor) referenced 2 times from usbd_desc.o(.data)
 <LI><a href="#[2]">USBD_FS_ManufacturerStrDescriptor</a> from usbd_desc.o(i.USBD_FS_ManufacturerStrDescriptor) referenced 2 times from usbd_desc.o(.data)
 <LI><a href="#[3]">USBD_FS_ProductStrDescriptor</a> from usbd_desc.o(i.USBD_FS_ProductStrDescriptor) referenced 2 times from usbd_desc.o(.data)
 <LI><a href="#[4]">USBD_FS_SerialStrDescriptor</a> from usbd_desc.o(i.USBD_FS_SerialStrDescriptor) referenced 2 times from usbd_desc.o(.data)
 <LI><a href="#[1b]">UsageFault_Handler</a> from stm32f4xx_it.o(i.UsageFault_Handler) referenced from startup_stm32f407xx.o(RESET)
 <LI><a href="#[94]">VisionDaemonTask</a> from visiontask.o(i.VisionDaemonTask) referenced from visiontask.o(.constdata)
 <LI><a href="#[8c]">VisionTask</a> from visiontask.o(i.VisionTask) referenced from freertos.o(.constdata)
 <LI><a href="#[20]">WWDG_IRQHandler</a> from startup_stm32f407xx.o(.text) referenced from startup_stm32f407xx.o(RESET)
 <LI><a href="#[73]">__main</a> from entry.o(.ARM.Collect$$$$00000000) referenced from startup_stm32f407xx.o(.text)
 <LI><a href="#[81]">arm_rfft_1024_fast_init_f32</a> from arm_rfft_fast_init_f32.o(i.arm_rfft_1024_fast_init_f32) referenced from arm_rfft_fast_init_f32.o(i.arm_rfft_fast_init_f32)
 <LI><a href="#[84]">arm_rfft_128_fast_init_f32</a> from arm_rfft_fast_init_f32.o(i.arm_rfft_128_fast_init_f32) referenced from arm_rfft_fast_init_f32.o(i.arm_rfft_fast_init_f32)
 <LI><a href="#[80]">arm_rfft_2048_fast_init_f32</a> from arm_rfft_fast_init_f32.o(i.arm_rfft_2048_fast_init_f32) referenced from arm_rfft_fast_init_f32.o(i.arm_rfft_fast_init_f32)
 <LI><a href="#[83]">arm_rfft_256_fast_init_f32</a> from arm_rfft_fast_init_f32.o(i.arm_rfft_256_fast_init_f32) referenced from arm_rfft_fast_init_f32.o(i.arm_rfft_fast_init_f32)
 <LI><a href="#[86]">arm_rfft_32_fast_init_f32</a> from arm_rfft_fast_init_f32.o(i.arm_rfft_32_fast_init_f32) referenced from arm_rfft_fast_init_f32.o(i.arm_rfft_fast_init_f32)
 <LI><a href="#[7f]">arm_rfft_4096_fast_init_f32</a> from arm_rfft_fast_init_f32.o(i.arm_rfft_4096_fast_init_f32) referenced from arm_rfft_fast_init_f32.o(i.arm_rfft_fast_init_f32)
 <LI><a href="#[82]">arm_rfft_512_fast_init_f32</a> from arm_rfft_fast_init_f32.o(i.arm_rfft_512_fast_init_f32) referenced from arm_rfft_fast_init_f32.o(i.arm_rfft_fast_init_f32)
 <LI><a href="#[85]">arm_rfft_64_fast_init_f32</a> from arm_rfft_fast_init_f32.o(i.arm_rfft_64_fast_init_f32) referenced from arm_rfft_fast_init_f32.o(i.arm_rfft_fast_init_f32)
 <LI><a href="#[71]">main</a> from main.o(i.main) referenced from entry9a.o(.ARM.Collect$$$$0000000B)
 <LI><a href="#[88]">prvIdleTask</a> from tasks.o(i.prvIdleTask) referenced from tasks.o(i.vTaskStartScheduler)
 <LI><a href="#[87]">prvTaskExitError</a> from port.o(i.prvTaskExitError) referenced from port.o(i.pxPortInitialiseStack)
</UL>
<P>
<H3>
Global Symbols
</H3>
<P><STRONG><a name="[73]"></a>__main</STRONG> (Thumb, 0 bytes, Stack size unknown bytes, entry.o(.ARM.Collect$$$$00000000))
<BR>[Address Reference Count : 1]<UL><LI> startup_stm32f407xx.o(.text)
</UL>
<P><STRONG><a name="[240]"></a>_main_stk</STRONG> (Thumb, 0 bytes, Stack size unknown bytes, entry2.o(.ARM.Collect$$$$00000001))

<P><STRONG><a name="[95]"></a>_main_scatterload</STRONG> (Thumb, 0 bytes, Stack size unknown bytes, entry5.o(.ARM.Collect$$$$00000004))
<BR><BR>[Calls]<UL><LI><a href="#[96]">&gt;&gt;</a>&nbsp;&nbsp;&nbsp;__scatterload
</UL>

<P><STRONG><a name="[a0]"></a>__main_after_scatterload</STRONG> (Thumb, 0 bytes, Stack size unknown bytes, entry5.o(.ARM.Collect$$$$00000004))
<BR><BR>[Called By]<UL><LI><a href="#[96]">&gt;&gt;</a>&nbsp;&nbsp;&nbsp;__scatterload
</UL>

<P><STRONG><a name="[241]"></a>_main_clock</STRONG> (Thumb, 0 bytes, Stack size unknown bytes, entry7b.o(.ARM.Collect$$$$00000008))

<P><STRONG><a name="[242]"></a>_main_cpp_init</STRONG> (Thumb, 0 bytes, Stack size unknown bytes, entry8b.o(.ARM.Collect$$$$0000000A))

<P><STRONG><a name="[243]"></a>_main_init</STRONG> (Thumb, 0 bytes, Stack size unknown bytes, entry9a.o(.ARM.Collect$$$$0000000B))

<P><STRONG><a name="[244]"></a>__rt_final_cpp</STRONG> (Thumb, 0 bytes, Stack size unknown bytes, entry10a.o(.ARM.Collect$$$$0000000D))

<P><STRONG><a name="[245]"></a>__rt_final_exit</STRONG> (Thumb, 0 bytes, Stack size unknown bytes, entry11a.o(.ARM.Collect$$$$0000000F))

<P><STRONG><a name="[1c]"></a>SVC_Handler</STRONG> (Thumb, 28 bytes, Stack size 0 bytes, port.o(.emb_text))
<BR>[Address Reference Count : 1]<UL><LI> startup_stm32f407xx.o(RESET)
</UL>
<P><STRONG><a name="[23f]"></a>__asm___6_port_c_39a90d8d__prvStartFirstTask</STRONG> (Thumb, 36 bytes, Stack size 0 bytes, port.o(.emb_text))
<BR><BR>[Called By]<UL><LI><a href="#[23c]">&gt;&gt;</a>&nbsp;&nbsp;&nbsp;xPortStartScheduler
</UL>

<P><STRONG><a name="[23e]"></a>__asm___6_port_c_39a90d8d__prvEnableVFP</STRONG> (Thumb, 16 bytes, Stack size 0 bytes, port.o(.emb_text))
<BR><BR>[Called By]<UL><LI><a href="#[23c]">&gt;&gt;</a>&nbsp;&nbsp;&nbsp;xPortStartScheduler
</UL>

<P><STRONG><a name="[1e]"></a>PendSV_Handler</STRONG> (Thumb, 88 bytes, Stack size 0 bytes, port.o(.emb_text))
<BR><BR>[Calls]<UL><LI><a href="#[97]">&gt;&gt;</a>&nbsp;&nbsp;&nbsp;vTaskSwitchContext
</UL>
<BR>[Address Reference Count : 1]<UL><LI> startup_stm32f407xx.o(RESET)
</UL>
<P><STRONG><a name="[238]"></a>vPortGetIPSR</STRONG> (Thumb, 6 bytes, Stack size 0 bytes, port.o(.emb_text))
<BR><BR>[Called By]<UL><LI><a href="#[237]">&gt;&gt;</a>&nbsp;&nbsp;&nbsp;vPortValidateInterruptPriority
</UL>

<P><STRONG><a name="[16]"></a>Reset_Handler</STRONG> (Thumb, 8 bytes, Stack size 0 bytes, startup_stm32f407xx.o(.text))
<BR>[Address Reference Count : 1]<UL><LI> startup_stm32f407xx.o(RESET)
</UL>
<P><STRONG><a name="[32]"></a>ADC_IRQHandler</STRONG> (Thumb, 0 bytes, Stack size 0 bytes, startup_stm32f407xx.o(.text))
<BR><BR>[Calls]<UL><LI><a href="#[32]">&gt;&gt;</a>&nbsp;&nbsp;&nbsp;ADC_IRQHandler
</UL>
<BR>[Called By]<UL><LI><a href="#[32]">&gt;&gt;</a>&nbsp;&nbsp;&nbsp;ADC_IRQHandler
</UL>
<BR>[Address Reference Count : 1]<UL><LI> startup_stm32f407xx.o(RESET)
</UL>
<P><STRONG><a name="[35]"></a>CAN1_RX1_IRQHandler</STRONG> (Thumb, 0 bytes, Stack size 0 bytes, startup_stm32f407xx.o(.text))
<BR>[Address Reference Count : 1]<UL><LI> startup_stm32f407xx.o(RESET)
</UL>
<P><STRONG><a name="[36]"></a>CAN1_SCE_IRQHandler</STRONG> (Thumb, 0 bytes, Stack size 0 bytes, startup_stm32f407xx.o(.text))
<BR>[Address Reference Count : 1]<UL><LI> startup_stm32f407xx.o(RESET)
</UL>
<P><STRONG><a name="[33]"></a>CAN1_TX_IRQHandler</STRONG> (Thumb, 0 bytes, Stack size 0 bytes, startup_stm32f407xx.o(.text))
<BR>[Address Reference Count : 1]<UL><LI> startup_stm32f407xx.o(RESET)
</UL>
<P><STRONG><a name="[60]"></a>CAN2_RX0_IRQHandler</STRONG> (Thumb, 0 bytes, Stack size 0 bytes, startup_stm32f407xx.o(.text))
<BR>[Address Reference Count : 1]<UL><LI> startup_stm32f407xx.o(RESET)
</UL>
<P><STRONG><a name="[62]"></a>CAN2_SCE_IRQHandler</STRONG> (Thumb, 0 bytes, Stack size 0 bytes, startup_stm32f407xx.o(.text))
<BR>[Address Reference Count : 1]<UL><LI> startup_stm32f407xx.o(RESET)
</UL>
<P><STRONG><a name="[6e]"></a>DCMI_IRQHandler</STRONG> (Thumb, 0 bytes, Stack size 0 bytes, startup_stm32f407xx.o(.text))
<BR>[Address Reference Count : 1]<UL><LI> startup_stm32f407xx.o(RESET)
</UL>
<P><STRONG><a name="[2b]"></a>DMA1_Stream0_IRQHandler</STRONG> (Thumb, 0 bytes, Stack size 0 bytes, startup_stm32f407xx.o(.text))
<BR>[Address Reference Count : 1]<UL><LI> startup_stm32f407xx.o(RESET)
</UL>
<P><STRONG><a name="[2d]"></a>DMA1_Stream2_IRQHandler</STRONG> (Thumb, 0 bytes, Stack size 0 bytes, startup_stm32f407xx.o(.text))
<BR>[Address Reference Count : 1]<UL><LI> startup_stm32f407xx.o(RESET)
</UL>
<P><STRONG><a name="[2e]"></a>DMA1_Stream3_IRQHandler</STRONG> (Thumb, 0 bytes, Stack size 0 bytes, startup_stm32f407xx.o(.text))
<BR>[Address Reference Count : 1]<UL><LI> startup_stm32f407xx.o(RESET)
</UL>
<P><STRONG><a name="[2f]"></a>DMA1_Stream4_IRQHandler</STRONG> (Thumb, 0 bytes, Stack size 0 bytes, startup_stm32f407xx.o(.text))
<BR>[Address Reference Count : 1]<UL><LI> startup_stm32f407xx.o(RESET)
</UL>
<P><STRONG><a name="[30]"></a>DMA1_Stream5_IRQHandler</STRONG> (Thumb, 0 bytes, Stack size 0 bytes, startup_stm32f407xx.o(.text))
<BR>[Address Reference Count : 1]<UL><LI> startup_stm32f407xx.o(RESET)
</UL>
<P><STRONG><a name="[31]"></a>DMA1_Stream6_IRQHandler</STRONG> (Thumb, 0 bytes, Stack size 0 bytes, startup_stm32f407xx.o(.text))
<BR>[Address Reference Count : 1]<UL><LI> startup_stm32f407xx.o(RESET)
</UL>
<P><STRONG><a name="[4f]"></a>DMA1_Stream7_IRQHandler</STRONG> (Thumb, 0 bytes, Stack size 0 bytes, startup_stm32f407xx.o(.text))
<BR>[Address Reference Count : 1]<UL><LI> startup_stm32f407xx.o(RESET)
</UL>
<P><STRONG><a name="[5c]"></a>DMA2_Stream4_IRQHandler</STRONG> (Thumb, 0 bytes, Stack size 0 bytes, startup_stm32f407xx.o(.text))
<BR>[Address Reference Count : 1]<UL><LI> startup_stm32f407xx.o(RESET)
</UL>
<P><STRONG><a name="[64]"></a>DMA2_Stream5_IRQHandler</STRONG> (Thumb, 0 bytes, Stack size 0 bytes, startup_stm32f407xx.o(.text))
<BR>[Address Reference Count : 1]<UL><LI> startup_stm32f407xx.o(RESET)
</UL>
<P><STRONG><a name="[66]"></a>DMA2_Stream7_IRQHandler</STRONG> (Thumb, 0 bytes, Stack size 0 bytes, startup_stm32f407xx.o(.text))
<BR>[Address Reference Count : 1]<UL><LI> startup_stm32f407xx.o(RESET)
</UL>
<P><STRONG><a name="[5d]"></a>ETH_IRQHandler</STRONG> (Thumb, 0 bytes, Stack size 0 bytes, startup_stm32f407xx.o(.text))
<BR>[Address Reference Count : 1]<UL><LI> startup_stm32f407xx.o(RESET)
</UL>
<P><STRONG><a name="[5e]"></a>ETH_WKUP_IRQHandler</STRONG> (Thumb, 0 bytes, Stack size 0 bytes, startup_stm32f407xx.o(.text))
<BR>[Address Reference Count : 1]<UL><LI> startup_stm32f407xx.o(RESET)
</UL>
<P><STRONG><a name="[26]"></a>EXTI0_IRQHandler</STRONG> (Thumb, 0 bytes, Stack size 0 bytes, startup_stm32f407xx.o(.text))
<BR>[Address Reference Count : 1]<UL><LI> startup_stm32f407xx.o(RESET)
</UL>
<P><STRONG><a name="[48]"></a>EXTI15_10_IRQHandler</STRONG> (Thumb, 0 bytes, Stack size 0 bytes, startup_stm32f407xx.o(.text))
<BR>[Address Reference Count : 1]<UL><LI> startup_stm32f407xx.o(RESET)
</UL>
<P><STRONG><a name="[27]"></a>EXTI1_IRQHandler</STRONG> (Thumb, 0 bytes, Stack size 0 bytes, startup_stm32f407xx.o(.text))
<BR>[Address Reference Count : 1]<UL><LI> startup_stm32f407xx.o(RESET)
</UL>
<P><STRONG><a name="[28]"></a>EXTI2_IRQHandler</STRONG> (Thumb, 0 bytes, Stack size 0 bytes, startup_stm32f407xx.o(.text))
<BR>[Address Reference Count : 1]<UL><LI> startup_stm32f407xx.o(RESET)
</UL>
<P><STRONG><a name="[29]"></a>EXTI3_IRQHandler</STRONG> (Thumb, 0 bytes, Stack size 0 bytes, startup_stm32f407xx.o(.text))
<BR>[Address Reference Count : 1]<UL><LI> startup_stm32f407xx.o(RESET)
</UL>
<P><STRONG><a name="[24]"></a>FLASH_IRQHandler</STRONG> (Thumb, 0 bytes, Stack size 0 bytes, startup_stm32f407xx.o(.text))
<BR>[Address Reference Count : 1]<UL><LI> startup_stm32f407xx.o(RESET)
</UL>
<P><STRONG><a name="[50]"></a>FMC_IRQHandler</STRONG> (Thumb, 0 bytes, Stack size 0 bytes, startup_stm32f407xx.o(.text))
<BR>[Address Reference Count : 1]<UL><LI> startup_stm32f407xx.o(RESET)
</UL>
<P><STRONG><a name="[70]"></a>FPU_IRQHandler</STRONG> (Thumb, 0 bytes, Stack size 0 bytes, startup_stm32f407xx.o(.text))
<BR>[Address Reference Count : 1]<UL><LI> startup_stm32f407xx.o(RESET)
</UL>
<P><STRONG><a name="[6f]"></a>HASH_RNG_IRQHandler</STRONG> (Thumb, 0 bytes, Stack size 0 bytes, startup_stm32f407xx.o(.text))
<BR>[Address Reference Count : 1]<UL><LI> startup_stm32f407xx.o(RESET)
</UL>
<P><STRONG><a name="[40]"></a>I2C1_ER_IRQHandler</STRONG> (Thumb, 0 bytes, Stack size 0 bytes, startup_stm32f407xx.o(.text))
<BR>[Address Reference Count : 1]<UL><LI> startup_stm32f407xx.o(RESET)
</UL>
<P><STRONG><a name="[3f]"></a>I2C1_EV_IRQHandler</STRONG> (Thumb, 0 bytes, Stack size 0 bytes, startup_stm32f407xx.o(.text))
<BR>[Address Reference Count : 1]<UL><LI> startup_stm32f407xx.o(RESET)
</UL>
<P><STRONG><a name="[42]"></a>I2C2_ER_IRQHandler</STRONG> (Thumb, 0 bytes, Stack size 0 bytes, startup_stm32f407xx.o(.text))
<BR>[Address Reference Count : 1]<UL><LI> startup_stm32f407xx.o(RESET)
</UL>
<P><STRONG><a name="[41]"></a>I2C2_EV_IRQHandler</STRONG> (Thumb, 0 bytes, Stack size 0 bytes, startup_stm32f407xx.o(.text))
<BR>[Address Reference Count : 1]<UL><LI> startup_stm32f407xx.o(RESET)
</UL>
<P><STRONG><a name="[69]"></a>I2C3_ER_IRQHandler</STRONG> (Thumb, 0 bytes, Stack size 0 bytes, startup_stm32f407xx.o(.text))
<BR>[Address Reference Count : 1]<UL><LI> startup_stm32f407xx.o(RESET)
</UL>
<P><STRONG><a name="[68]"></a>I2C3_EV_IRQHandler</STRONG> (Thumb, 0 bytes, Stack size 0 bytes, startup_stm32f407xx.o(.text))
<BR>[Address Reference Count : 1]<UL><LI> startup_stm32f407xx.o(RESET)
</UL>
<P><STRONG><a name="[4a]"></a>OTG_FS_WKUP_IRQHandler</STRONG> (Thumb, 0 bytes, Stack size 0 bytes, startup_stm32f407xx.o(.text))
<BR>[Address Reference Count : 1]<UL><LI> startup_stm32f407xx.o(RESET)
</UL>
<P><STRONG><a name="[6b]"></a>OTG_HS_EP1_IN_IRQHandler</STRONG> (Thumb, 0 bytes, Stack size 0 bytes, startup_stm32f407xx.o(.text))
<BR>[Address Reference Count : 1]<UL><LI> startup_stm32f407xx.o(RESET)
</UL>
<P><STRONG><a name="[6a]"></a>OTG_HS_EP1_OUT_IRQHandler</STRONG> (Thumb, 0 bytes, Stack size 0 bytes, startup_stm32f407xx.o(.text))
<BR>[Address Reference Count : 1]<UL><LI> startup_stm32f407xx.o(RESET)
</UL>
<P><STRONG><a name="[6d]"></a>OTG_HS_IRQHandler</STRONG> (Thumb, 0 bytes, Stack size 0 bytes, startup_stm32f407xx.o(.text))
<BR>[Address Reference Count : 1]<UL><LI> startup_stm32f407xx.o(RESET)
</UL>
<P><STRONG><a name="[6c]"></a>OTG_HS_WKUP_IRQHandler</STRONG> (Thumb, 0 bytes, Stack size 0 bytes, startup_stm32f407xx.o(.text))
<BR>[Address Reference Count : 1]<UL><LI> startup_stm32f407xx.o(RESET)
</UL>
<P><STRONG><a name="[21]"></a>PVD_IRQHandler</STRONG> (Thumb, 0 bytes, Stack size 0 bytes, startup_stm32f407xx.o(.text))
<BR>[Address Reference Count : 1]<UL><LI> startup_stm32f407xx.o(RESET)
</UL>
<P><STRONG><a name="[25]"></a>RCC_IRQHandler</STRONG> (Thumb, 0 bytes, Stack size 0 bytes, startup_stm32f407xx.o(.text))
<BR>[Address Reference Count : 1]<UL><LI> startup_stm32f407xx.o(RESET)
</UL>
<P><STRONG><a name="[49]"></a>RTC_Alarm_IRQHandler</STRONG> (Thumb, 0 bytes, Stack size 0 bytes, startup_stm32f407xx.o(.text))
<BR>[Address Reference Count : 1]<UL><LI> startup_stm32f407xx.o(RESET)
</UL>
<P><STRONG><a name="[23]"></a>RTC_WKUP_IRQHandler</STRONG> (Thumb, 0 bytes, Stack size 0 bytes, startup_stm32f407xx.o(.text))
<BR>[Address Reference Count : 1]<UL><LI> startup_stm32f407xx.o(RESET)
</UL>
<P><STRONG><a name="[51]"></a>SDIO_IRQHandler</STRONG> (Thumb, 0 bytes, Stack size 0 bytes, startup_stm32f407xx.o(.text))
<BR>[Address Reference Count : 1]<UL><LI> startup_stm32f407xx.o(RESET)
</UL>
<P><STRONG><a name="[44]"></a>SPI2_IRQHandler</STRONG> (Thumb, 0 bytes, Stack size 0 bytes, startup_stm32f407xx.o(.text))
<BR>[Address Reference Count : 1]<UL><LI> startup_stm32f407xx.o(RESET)
</UL>
<P><STRONG><a name="[53]"></a>SPI3_IRQHandler</STRONG> (Thumb, 0 bytes, Stack size 0 bytes, startup_stm32f407xx.o(.text))
<BR>[Address Reference Count : 1]<UL><LI> startup_stm32f407xx.o(RESET)
</UL>
<P><STRONG><a name="[22]"></a>TAMP_STAMP_IRQHandler</STRONG> (Thumb, 0 bytes, Stack size 0 bytes, startup_stm32f407xx.o(.text))
<BR>[Address Reference Count : 1]<UL><LI> startup_stm32f407xx.o(RESET)
</UL>
<P><STRONG><a name="[38]"></a>TIM1_BRK_TIM9_IRQHandler</STRONG> (Thumb, 0 bytes, Stack size 0 bytes, startup_stm32f407xx.o(.text))
<BR>[Address Reference Count : 1]<UL><LI> startup_stm32f407xx.o(RESET)
</UL>
<P><STRONG><a name="[3b]"></a>TIM1_CC_IRQHandler</STRONG> (Thumb, 0 bytes, Stack size 0 bytes, startup_stm32f407xx.o(.text))
<BR>[Address Reference Count : 1]<UL><LI> startup_stm32f407xx.o(RESET)
</UL>
<P><STRONG><a name="[3a]"></a>TIM1_TRG_COM_TIM11_IRQHandler</STRONG> (Thumb, 0 bytes, Stack size 0 bytes, startup_stm32f407xx.o(.text))
<BR>[Address Reference Count : 1]<UL><LI> startup_stm32f407xx.o(RESET)
</UL>
<P><STRONG><a name="[39]"></a>TIM1_UP_TIM10_IRQHandler</STRONG> (Thumb, 0 bytes, Stack size 0 bytes, startup_stm32f407xx.o(.text))
<BR>[Address Reference Count : 1]<UL><LI> startup_stm32f407xx.o(RESET)
</UL>
<P><STRONG><a name="[3c]"></a>TIM2_IRQHandler</STRONG> (Thumb, 0 bytes, Stack size 0 bytes, startup_stm32f407xx.o(.text))
<BR>[Address Reference Count : 1]<UL><LI> startup_stm32f407xx.o(RESET)
</UL>
<P><STRONG><a name="[3d]"></a>TIM3_IRQHandler</STRONG> (Thumb, 0 bytes, Stack size 0 bytes, startup_stm32f407xx.o(.text))
<BR>[Address Reference Count : 1]<UL><LI> startup_stm32f407xx.o(RESET)
</UL>
<P><STRONG><a name="[3e]"></a>TIM4_IRQHandler</STRONG> (Thumb, 0 bytes, Stack size 0 bytes, startup_stm32f407xx.o(.text))
<BR>[Address Reference Count : 1]<UL><LI> startup_stm32f407xx.o(RESET)
</UL>
<P><STRONG><a name="[52]"></a>TIM5_IRQHandler</STRONG> (Thumb, 0 bytes, Stack size 0 bytes, startup_stm32f407xx.o(.text))
<BR>[Address Reference Count : 1]<UL><LI> startup_stm32f407xx.o(RESET)
</UL>
<P><STRONG><a name="[57]"></a>TIM7_IRQHandler</STRONG> (Thumb, 0 bytes, Stack size 0 bytes, startup_stm32f407xx.o(.text))
<BR>[Address Reference Count : 1]<UL><LI> startup_stm32f407xx.o(RESET)
</UL>
<P><STRONG><a name="[4b]"></a>TIM8_BRK_TIM12_IRQHandler</STRONG> (Thumb, 0 bytes, Stack size 0 bytes, startup_stm32f407xx.o(.text))
<BR>[Address Reference Count : 1]<UL><LI> startup_stm32f407xx.o(RESET)
</UL>
<P><STRONG><a name="[4e]"></a>TIM8_CC_IRQHandler</STRONG> (Thumb, 0 bytes, Stack size 0 bytes, startup_stm32f407xx.o(.text))
<BR>[Address Reference Count : 1]<UL><LI> startup_stm32f407xx.o(RESET)
</UL>
<P><STRONG><a name="[4d]"></a>TIM8_TRG_COM_TIM14_IRQHandler</STRONG> (Thumb, 0 bytes, Stack size 0 bytes, startup_stm32f407xx.o(.text))
<BR>[Address Reference Count : 1]<UL><LI> startup_stm32f407xx.o(RESET)
</UL>
<P><STRONG><a name="[4c]"></a>TIM8_UP_TIM13_IRQHandler</STRONG> (Thumb, 0 bytes, Stack size 0 bytes, startup_stm32f407xx.o(.text))
<BR>[Address Reference Count : 1]<UL><LI> startup_stm32f407xx.o(RESET)
</UL>
<P><STRONG><a name="[54]"></a>UART4_IRQHandler</STRONG> (Thumb, 0 bytes, Stack size 0 bytes, startup_stm32f407xx.o(.text))
<BR>[Address Reference Count : 1]<UL><LI> startup_stm32f407xx.o(RESET)
</UL>
<P><STRONG><a name="[55]"></a>UART5_IRQHandler</STRONG> (Thumb, 0 bytes, Stack size 0 bytes, startup_stm32f407xx.o(.text))
<BR>[Address Reference Count : 1]<UL><LI> startup_stm32f407xx.o(RESET)
</UL>
<P><STRONG><a name="[46]"></a>USART2_IRQHandler</STRONG> (Thumb, 0 bytes, Stack size 0 bytes, startup_stm32f407xx.o(.text))
<BR>[Address Reference Count : 1]<UL><LI> startup_stm32f407xx.o(RESET)
</UL>
<P><STRONG><a name="[47]"></a>USART3_IRQHandler</STRONG> (Thumb, 0 bytes, Stack size 0 bytes, startup_stm32f407xx.o(.text))
<BR>[Address Reference Count : 1]<UL><LI> startup_stm32f407xx.o(RESET)
</UL>
<P><STRONG><a name="[20]"></a>WWDG_IRQHandler</STRONG> (Thumb, 0 bytes, Stack size 0 bytes, startup_stm32f407xx.o(.text))
<BR>[Address Reference Count : 1]<UL><LI> startup_stm32f407xx.o(RESET)
</UL>
<P><STRONG><a name="[98]"></a>__aeabi_uldivmod</STRONG> (Thumb, 98 bytes, Stack size 40 bytes, uldiv.o(.text))
<BR><BR>[Stack]<UL><LI>Max Depth = 40<LI>Call Chain = __aeabi_uldivmod
</UL>
<BR>[Calls]<UL><LI><a href="#[99]">&gt;&gt;</a>&nbsp;&nbsp;&nbsp;__aeabi_llsr
<LI><a href="#[9a]">&gt;&gt;</a>&nbsp;&nbsp;&nbsp;__aeabi_llsl
</UL>
<BR>[Called By]<UL><LI><a href="#[18e]">&gt;&gt;</a>&nbsp;&nbsp;&nbsp;UART_SetConfig
<LI><a href="#[169]">&gt;&gt;</a>&nbsp;&nbsp;&nbsp;HAL_RCC_GetSysClockFreq
</UL>

<P><STRONG><a name="[c7]"></a>__aeabi_memcpy</STRONG> (Thumb, 36 bytes, Stack size 0 bytes, memcpya.o(.text))
<BR><BR>[Called By]<UL><LI><a href="#[a]">&gt;&gt;</a>&nbsp;&nbsp;&nbsp;CDC_Receive_FS
</UL>

<P><STRONG><a name="[dc]"></a>__aeabi_memcpy4</STRONG> (Thumb, 0 bytes, Stack size 0 bytes, memcpya.o(.text))
<BR><BR>[Called By]<UL><LI><a href="#[1b0]">&gt;&gt;</a>&nbsp;&nbsp;&nbsp;MX_FREERTOS_Init
<LI><a href="#[197]">&gt;&gt;</a>&nbsp;&nbsp;&nbsp;IMU_QuaternionEKF_Update
<LI><a href="#[195]">&gt;&gt;</a>&nbsp;&nbsp;&nbsp;IMU_QuaternionEKF_Init
<LI><a href="#[1a1]">&gt;&gt;</a>&nbsp;&nbsp;&nbsp;Inertial_ImuInit
<LI><a href="#[89]">&gt;&gt;</a>&nbsp;&nbsp;&nbsp;DaemonTask
<LI><a href="#[e9]">&gt;&gt;</a>&nbsp;&nbsp;&nbsp;FusionKF_Update
<LI><a href="#[8c]">&gt;&gt;</a>&nbsp;&nbsp;&nbsp;VisionTask
<LI><a href="#[7c]">&gt;&gt;</a>&nbsp;&nbsp;&nbsp;IMU_QuaternionEKF_xhatUpdate
<LI><a href="#[79]">&gt;&gt;</a>&nbsp;&nbsp;&nbsp;IMU_QuaternionEKF_Observe
<LI><a href="#[198]">&gt;&gt;</a>&nbsp;&nbsp;&nbsp;Kalman_Filter_Inertial_Update
<LI><a href="#[1a7]">&gt;&gt;</a>&nbsp;&nbsp;&nbsp;Kalman_Filter_Inertial_Measure
<LI><a href="#[193]">&gt;&gt;</a>&nbsp;&nbsp;&nbsp;H_K_R_Adjustment
</UL>

<P><STRONG><a name="[246]"></a>__aeabi_memcpy8</STRONG> (Thumb, 0 bytes, Stack size 0 bytes, memcpya.o(.text), UNUSED)

<P><STRONG><a name="[9c]"></a>__aeabi_memset</STRONG> (Thumb, 14 bytes, Stack size 0 bytes, memseta.o(.text))
<BR><BR>[Called By]<UL><LI><a href="#[9d]">&gt;&gt;</a>&nbsp;&nbsp;&nbsp;memset
<LI><a href="#[9b]">&gt;&gt;</a>&nbsp;&nbsp;&nbsp;__aeabi_memclr
</UL>

<P><STRONG><a name="[247]"></a>__aeabi_memset4</STRONG> (Thumb, 0 bytes, Stack size 0 bytes, memseta.o(.text), UNUSED)

<P><STRONG><a name="[248]"></a>__aeabi_memset8</STRONG> (Thumb, 0 bytes, Stack size 0 bytes, memseta.o(.text), UNUSED)

<P><STRONG><a name="[9b]"></a>__aeabi_memclr</STRONG> (Thumb, 4 bytes, Stack size 0 bytes, memseta.o(.text))
<BR><BR>[Calls]<UL><LI><a href="#[9c]">&gt;&gt;</a>&nbsp;&nbsp;&nbsp;__aeabi_memset
</UL>
<BR>[Called By]<UL><LI><a href="#[196]">&gt;&gt;</a>&nbsp;&nbsp;&nbsp;Kalman_Filter_Inertial_Init
</UL>

<P><STRONG><a name="[a9]"></a>__aeabi_memclr4</STRONG> (Thumb, 0 bytes, Stack size 0 bytes, memseta.o(.text))
<BR><BR>[Called By]<UL><LI><a href="#[1b7]">&gt;&gt;</a>&nbsp;&nbsp;&nbsp;MX_TIM8_Init
<LI><a href="#[1b4]">&gt;&gt;</a>&nbsp;&nbsp;&nbsp;MX_TIM4_Init
<LI><a href="#[1b3]">&gt;&gt;</a>&nbsp;&nbsp;&nbsp;MX_TIM10_Init
<LI><a href="#[1b1]">&gt;&gt;</a>&nbsp;&nbsp;&nbsp;MX_GPIO_Init
<LI><a href="#[1d0]">&gt;&gt;</a>&nbsp;&nbsp;&nbsp;SystemClock_Config
<LI><a href="#[8d]">&gt;&gt;</a>&nbsp;&nbsp;&nbsp;InertialTask
<LI><a href="#[93]">&gt;&gt;</a>&nbsp;&nbsp;&nbsp;InertialCalibrateTask
<LI><a href="#[18d]">&gt;&gt;</a>&nbsp;&nbsp;&nbsp;HAL_UART_MspInit
<LI><a href="#[17b]">&gt;&gt;</a>&nbsp;&nbsp;&nbsp;HAL_TIM_MspPostInit
<LI><a href="#[16f]">&gt;&gt;</a>&nbsp;&nbsp;&nbsp;HAL_SPI_MspInit
<LI><a href="#[108]">&gt;&gt;</a>&nbsp;&nbsp;&nbsp;HAL_CAN_MspInit
<LI><a href="#[156]">&gt;&gt;</a>&nbsp;&nbsp;&nbsp;HAL_PCD_MspInit
<LI><a href="#[e6]">&gt;&gt;</a>&nbsp;&nbsp;&nbsp;FusionKF_Init
<LI><a href="#[8c]">&gt;&gt;</a>&nbsp;&nbsp;&nbsp;VisionTask
<LI><a href="#[e1]">&gt;&gt;</a>&nbsp;&nbsp;&nbsp;DjiMotor_CanID_0x200_Output
<LI><a href="#[8b]">&gt;&gt;</a>&nbsp;&nbsp;&nbsp;ShootingTask
<LI><a href="#[e0]">&gt;&gt;</a>&nbsp;&nbsp;&nbsp;DjiMotor_CanID_0x1FF_Output
<LI><a href="#[ce]">&gt;&gt;</a>&nbsp;&nbsp;&nbsp;ChassisBoard_SendYawOutput
<LI><a href="#[8a]">&gt;&gt;</a>&nbsp;&nbsp;&nbsp;GimbalTask
<LI><a href="#[90]">&gt;&gt;</a>&nbsp;&nbsp;&nbsp;BoardCommTask
<LI><a href="#[c]">&gt;&gt;</a>&nbsp;&nbsp;&nbsp;USBD_CDC_Init
<LI><a href="#[7b]">&gt;&gt;</a>&nbsp;&nbsp;&nbsp;IMU_QuaternionEKF_SetH
<LI><a href="#[a8]">&gt;&gt;</a>&nbsp;&nbsp;&nbsp;arm_mat_inverse_f32
<LI><a href="#[1a7]">&gt;&gt;</a>&nbsp;&nbsp;&nbsp;Kalman_Filter_Inertial_Measure
<LI><a href="#[196]">&gt;&gt;</a>&nbsp;&nbsp;&nbsp;Kalman_Filter_Inertial_Init
<LI><a href="#[193]">&gt;&gt;</a>&nbsp;&nbsp;&nbsp;H_K_R_Adjustment
</UL>

<P><STRONG><a name="[249]"></a>__aeabi_memclr8</STRONG> (Thumb, 0 bytes, Stack size 0 bytes, memseta.o(.text), UNUSED)

<P><STRONG><a name="[9d]"></a>memset</STRONG> (Thumb, 18 bytes, Stack size 8 bytes, memseta.o(.text), UNUSED)
<BR><BR>[Calls]<UL><LI><a href="#[9c]">&gt;&gt;</a>&nbsp;&nbsp;&nbsp;__aeabi_memset
</UL>

<P><STRONG><a name="[9a]"></a>__aeabi_llsl</STRONG> (Thumb, 30 bytes, Stack size 0 bytes, llshl.o(.text))
<BR><BR>[Called By]<UL><LI><a href="#[98]">&gt;&gt;</a>&nbsp;&nbsp;&nbsp;__aeabi_uldivmod
</UL>

<P><STRONG><a name="[24a]"></a>_ll_shift_l</STRONG> (Thumb, 0 bytes, Stack size 0 bytes, llshl.o(.text), UNUSED)

<P><STRONG><a name="[99]"></a>__aeabi_llsr</STRONG> (Thumb, 32 bytes, Stack size 0 bytes, llushr.o(.text))
<BR><BR>[Called By]<UL><LI><a href="#[98]">&gt;&gt;</a>&nbsp;&nbsp;&nbsp;__aeabi_uldivmod
</UL>

<P><STRONG><a name="[24b]"></a>_ll_ushift_r</STRONG> (Thumb, 0 bytes, Stack size 0 bytes, llushr.o(.text), UNUSED)

<P><STRONG><a name="[24c]"></a>__I$use$fp</STRONG> (Thumb, 0 bytes, Stack size 16 bytes, iusefp.o(.text), UNUSED)

<P><STRONG><a name="[9e]"></a>_frem</STRONG> (Thumb, 82 bytes, Stack size 16 bytes, frem.o(.text))
<BR><BR>[Stack]<UL><LI>Max Depth = 20<LI>Call Chain = _frem &rArr; _float_epilogue
</UL>
<BR>[Calls]<UL><LI><a href="#[9f]">&gt;&gt;</a>&nbsp;&nbsp;&nbsp;_float_epilogue
</UL>
<BR>[Called By]<UL><LI><a href="#[ac]">&gt;&gt;</a>&nbsp;&nbsp;&nbsp;__hardfp_fmodf
</UL>

<P><STRONG><a name="[24d]"></a>__fp_status</STRONG> (Thumb, 4 bytes, Stack size 0 bytes, fpstat.o(.text), UNUSED)

<P><STRONG><a name="[211]"></a>__ieee_status</STRONG> (Thumb, 0 bytes, Stack size 0 bytes, fpstat.o(.text))
<BR><BR>[Called By]<UL><LI><a href="#[e8]">&gt;&gt;</a>&nbsp;&nbsp;&nbsp;__hardfp_powf
</UL>

<P><STRONG><a name="[96]"></a>__scatterload</STRONG> (Thumb, 28 bytes, Stack size 0 bytes, init.o(.text))
<BR><BR>[Calls]<UL><LI><a href="#[a0]">&gt;&gt;</a>&nbsp;&nbsp;&nbsp;__main_after_scatterload
</UL>
<BR>[Called By]<UL><LI><a href="#[95]">&gt;&gt;</a>&nbsp;&nbsp;&nbsp;_main_scatterload
</UL>

<P><STRONG><a name="[24e]"></a>__scatterload_rt2</STRONG> (Thumb, 0 bytes, Stack size 0 bytes, init.o(.text), UNUSED)

<P><STRONG><a name="[24f]"></a>_float_round</STRONG> (Thumb, 18 bytes, Stack size 0 bytes, fepilogue.o(.text), UNUSED)

<P><STRONG><a name="[9f]"></a>_float_epilogue</STRONG> (Thumb, 92 bytes, Stack size 4 bytes, fepilogue.o(.text))
<BR><BR>[Stack]<UL><LI>Max Depth = 4<LI>Call Chain = _float_epilogue
</UL>
<BR>[Called By]<UL><LI><a href="#[9e]">&gt;&gt;</a>&nbsp;&nbsp;&nbsp;_frem
</UL>

<P><STRONG><a name="[250]"></a>__decompress</STRONG> (Thumb, 0 bytes, Stack size unknown bytes, __dczerorl2.o(.text), UNUSED)

<P><STRONG><a name="[251]"></a>__decompress1</STRONG> (Thumb, 86 bytes, Stack size unknown bytes, __dczerorl2.o(.text), UNUSED)

<P><STRONG><a name="[a5]"></a>arm_bitreversal_32</STRONG> (Thumb, 64 bytes, Stack size 16 bytes, arm_bitreversal2.o(.text.arm_bitreversal_32))
<BR><BR>[Stack]<UL><LI>Max Depth = 16<LI>Call Chain = arm_bitreversal_32
</UL>
<BR>[Called By]<UL><LI><a href="#[a1]">&gt;&gt;</a>&nbsp;&nbsp;&nbsp;arm_cfft_f32
</UL>

<P><STRONG><a name="[a1]"></a>arm_cfft_f32</STRONG> (Thumb, 224 bytes, Stack size 24 bytes, arm_cfft_f32.o(.text.arm_cfft_f32))
<BR><BR>[Stack]<UL><LI>Max Depth = 400<LI>Call Chain = arm_cfft_f32 &rArr; arm_cfft_radix8by4_f32 &rArr; arm_radix8_butterfly_f32
</UL>
<BR>[Calls]<UL><LI><a href="#[a4]">&gt;&gt;</a>&nbsp;&nbsp;&nbsp;arm_radix8_butterfly_f32
<LI><a href="#[a2]">&gt;&gt;</a>&nbsp;&nbsp;&nbsp;arm_cfft_radix8by4_f32
<LI><a href="#[a3]">&gt;&gt;</a>&nbsp;&nbsp;&nbsp;arm_cfft_radix8by2_f32
<LI><a href="#[a5]">&gt;&gt;</a>&nbsp;&nbsp;&nbsp;arm_bitreversal_32
</UL>
<BR>[Called By]<UL><LI><a href="#[204]">&gt;&gt;</a>&nbsp;&nbsp;&nbsp;arm_rfft_fast_f32
</UL>

<P><STRONG><a name="[a3]"></a>arm_cfft_radix8by2_f32</STRONG> (Thumb, 412 bytes, Stack size 64 bytes, arm_cfft_f32.o(.text.arm_cfft_radix8by2_f32))
<BR><BR>[Stack]<UL><LI>Max Depth = 296<LI>Call Chain = arm_cfft_radix8by2_f32 &rArr; arm_radix8_butterfly_f32
</UL>
<BR>[Calls]<UL><LI><a href="#[a4]">&gt;&gt;</a>&nbsp;&nbsp;&nbsp;arm_radix8_butterfly_f32
</UL>
<BR>[Called By]<UL><LI><a href="#[a1]">&gt;&gt;</a>&nbsp;&nbsp;&nbsp;arm_cfft_f32
</UL>

<P><STRONG><a name="[a2]"></a>arm_cfft_radix8by4_f32</STRONG> (Thumb, 1062 bytes, Stack size 144 bytes, arm_cfft_f32.o(.text.arm_cfft_radix8by4_f32))
<BR><BR>[Stack]<UL><LI>Max Depth = 376<LI>Call Chain = arm_cfft_radix8by4_f32 &rArr; arm_radix8_butterfly_f32
</UL>
<BR>[Calls]<UL><LI><a href="#[a4]">&gt;&gt;</a>&nbsp;&nbsp;&nbsp;arm_radix8_butterfly_f32
</UL>
<BR>[Called By]<UL><LI><a href="#[a1]">&gt;&gt;</a>&nbsp;&nbsp;&nbsp;arm_cfft_f32
</UL>

<P><STRONG><a name="[a6]"></a>arm_cmplx_mag_f32</STRONG> (Thumb, 320 bytes, Stack size 32 bytes, arm_cmplx_mag_f32.o(.text.arm_cmplx_mag_f32))
<BR><BR>[Stack]<UL><LI>Max Depth = 48<LI>Call Chain = arm_cmplx_mag_f32 &rArr; __hardfp_sqrtf
</UL>
<BR>[Calls]<UL><LI><a href="#[a7]">&gt;&gt;</a>&nbsp;&nbsp;&nbsp;__hardfp_sqrtf
</UL>
<BR>[Called By]<UL><LI><a href="#[8c]">&gt;&gt;</a>&nbsp;&nbsp;&nbsp;VisionTask
</UL>

<P><STRONG><a name="[ef]"></a>arm_mat_add_f32</STRONG> (Thumb, 190 bytes, Stack size 8 bytes, arm_mat_add_f32.o(.text.arm_mat_add_f32))
<BR><BR>[Stack]<UL><LI>Max Depth = 8<LI>Call Chain = arm_mat_add_f32
</UL>
<BR>[Called By]<UL><LI><a href="#[e9]">&gt;&gt;</a>&nbsp;&nbsp;&nbsp;FusionKF_Update
<LI><a href="#[7c]">&gt;&gt;</a>&nbsp;&nbsp;&nbsp;IMU_QuaternionEKF_xhatUpdate
<LI><a href="#[1ac]">&gt;&gt;</a>&nbsp;&nbsp;&nbsp;Kalman_Filter_Inertial_xhatUpdate
<LI><a href="#[1ab]">&gt;&gt;</a>&nbsp;&nbsp;&nbsp;Kalman_Filter_Inertial_xhatMinusUpdate
<LI><a href="#[1aa]">&gt;&gt;</a>&nbsp;&nbsp;&nbsp;Kalman_Filter_Inertial_SetK
<LI><a href="#[1a9]">&gt;&gt;</a>&nbsp;&nbsp;&nbsp;Kalman_Filter_Inertial_PminusUpdate
</UL>

<P><STRONG><a name="[ec]"></a>arm_mat_init_f32</STRONG> (Thumb, 8 bytes, Stack size 0 bytes, arm_mat_init_f32.o(.text.arm_mat_init_f32))
<BR><BR>[Called By]<UL><LI><a href="#[195]">&gt;&gt;</a>&nbsp;&nbsp;&nbsp;IMU_QuaternionEKF_Init
<LI><a href="#[e6]">&gt;&gt;</a>&nbsp;&nbsp;&nbsp;FusionKF_Init
<LI><a href="#[196]">&gt;&gt;</a>&nbsp;&nbsp;&nbsp;Kalman_Filter_Inertial_Init
</UL>

<P><STRONG><a name="[a8]"></a>arm_mat_inverse_f32</STRONG> (Thumb, 720 bytes, Stack size 80 bytes, arm_mat_inverse_f32.o(.text.arm_mat_inverse_f32))
<BR><BR>[Stack]<UL><LI>Max Depth = 80<LI>Call Chain = arm_mat_inverse_f32
</UL>
<BR>[Calls]<UL><LI><a href="#[a9]">&gt;&gt;</a>&nbsp;&nbsp;&nbsp;__aeabi_memclr4
</UL>
<BR>[Called By]<UL><LI><a href="#[e9]">&gt;&gt;</a>&nbsp;&nbsp;&nbsp;FusionKF_Update
<LI><a href="#[7c]">&gt;&gt;</a>&nbsp;&nbsp;&nbsp;IMU_QuaternionEKF_xhatUpdate
<LI><a href="#[1aa]">&gt;&gt;</a>&nbsp;&nbsp;&nbsp;Kalman_Filter_Inertial_SetK
</UL>

<P><STRONG><a name="[ee]"></a>arm_mat_mult_f32</STRONG> (Thumb, 316 bytes, Stack size 72 bytes, arm_mat_mult_f32.o(.text.arm_mat_mult_f32))
<BR><BR>[Stack]<UL><LI>Max Depth = 72<LI>Call Chain = arm_mat_mult_f32
</UL>
<BR>[Called By]<UL><LI><a href="#[e9]">&gt;&gt;</a>&nbsp;&nbsp;&nbsp;FusionKF_Update
<LI><a href="#[7c]">&gt;&gt;</a>&nbsp;&nbsp;&nbsp;IMU_QuaternionEKF_xhatUpdate
<LI><a href="#[1ac]">&gt;&gt;</a>&nbsp;&nbsp;&nbsp;Kalman_Filter_Inertial_xhatUpdate
<LI><a href="#[1ab]">&gt;&gt;</a>&nbsp;&nbsp;&nbsp;Kalman_Filter_Inertial_xhatMinusUpdate
<LI><a href="#[1aa]">&gt;&gt;</a>&nbsp;&nbsp;&nbsp;Kalman_Filter_Inertial_SetK
<LI><a href="#[1a9]">&gt;&gt;</a>&nbsp;&nbsp;&nbsp;Kalman_Filter_Inertial_PminusUpdate
<LI><a href="#[1a8]">&gt;&gt;</a>&nbsp;&nbsp;&nbsp;Kalman_Filter_Inertial_P_Update
</UL>

<P><STRONG><a name="[f0]"></a>arm_mat_sub_f32</STRONG> (Thumb, 190 bytes, Stack size 8 bytes, arm_mat_sub_f32.o(.text.arm_mat_sub_f32))
<BR><BR>[Stack]<UL><LI>Max Depth = 8<LI>Call Chain = arm_mat_sub_f32
</UL>
<BR>[Called By]<UL><LI><a href="#[e9]">&gt;&gt;</a>&nbsp;&nbsp;&nbsp;FusionKF_Update
<LI><a href="#[7c]">&gt;&gt;</a>&nbsp;&nbsp;&nbsp;IMU_QuaternionEKF_xhatUpdate
<LI><a href="#[1ac]">&gt;&gt;</a>&nbsp;&nbsp;&nbsp;Kalman_Filter_Inertial_xhatUpdate
<LI><a href="#[1a8]">&gt;&gt;</a>&nbsp;&nbsp;&nbsp;Kalman_Filter_Inertial_P_Update
</UL>

<P><STRONG><a name="[ed]"></a>arm_mat_trans_f32</STRONG> (Thumb, 178 bytes, Stack size 44 bytes, arm_mat_trans_f32.o(.text.arm_mat_trans_f32))
<BR><BR>[Stack]<UL><LI>Max Depth = 44<LI>Call Chain = arm_mat_trans_f32
</UL>
<BR>[Called By]<UL><LI><a href="#[e6]">&gt;&gt;</a>&nbsp;&nbsp;&nbsp;FusionKF_Init
<LI><a href="#[7c]">&gt;&gt;</a>&nbsp;&nbsp;&nbsp;IMU_QuaternionEKF_xhatUpdate
<LI><a href="#[1aa]">&gt;&gt;</a>&nbsp;&nbsp;&nbsp;Kalman_Filter_Inertial_SetK
<LI><a href="#[1a9]">&gt;&gt;</a>&nbsp;&nbsp;&nbsp;Kalman_Filter_Inertial_PminusUpdate
</UL>

<P><STRONG><a name="[205]"></a>arm_max_f32</STRONG> (Thumb, 206 bytes, Stack size 20 bytes, arm_max_f32.o(.text.arm_max_f32))
<BR><BR>[Stack]<UL><LI>Max Depth = 20<LI>Call Chain = arm_max_f32
</UL>
<BR>[Called By]<UL><LI><a href="#[8c]">&gt;&gt;</a>&nbsp;&nbsp;&nbsp;VisionTask
</UL>

<P><STRONG><a name="[a4]"></a>arm_radix8_butterfly_f32</STRONG> (Thumb, 1448 bytes, Stack size 232 bytes, arm_cfft_radix8_f32.o(.text.arm_radix8_butterfly_f32))
<BR><BR>[Stack]<UL><LI>Max Depth = 232<LI>Call Chain = arm_radix8_butterfly_f32
</UL>
<BR>[Called By]<UL><LI><a href="#[a1]">&gt;&gt;</a>&nbsp;&nbsp;&nbsp;arm_cfft_f32
<LI><a href="#[a2]">&gt;&gt;</a>&nbsp;&nbsp;&nbsp;arm_cfft_radix8by4_f32
<LI><a href="#[a3]">&gt;&gt;</a>&nbsp;&nbsp;&nbsp;arm_cfft_radix8by2_f32
</UL>

<P><STRONG><a name="[e7]"></a>arm_sin_cos_f32</STRONG> (Thumb, 288 bytes, Stack size 8 bytes, arm_sin_cos_f32.o(.text.arm_sin_cos_f32))
<BR><BR>[Stack]<UL><LI>Max Depth = 8<LI>Call Chain = arm_sin_cos_f32
</UL>
<BR>[Called By]<UL><LI><a href="#[91]">&gt;&gt;</a>&nbsp;&nbsp;&nbsp;FusionInsTask
</UL>

<P><STRONG><a name="[aa]"></a>AngleDiffF</STRONG> (Thumb, 90 bytes, Stack size 24 bytes, universal.o(i.AngleDiffF))
<BR><BR>[Stack]<UL><LI>Max Depth = 76<LI>Call Chain = AngleDiffF &rArr; AngleWrapF &rArr; __hardfp_fmodf &rArr; _frem &rArr; _float_epilogue
</UL>
<BR>[Calls]<UL><LI><a href="#[ab]">&gt;&gt;</a>&nbsp;&nbsp;&nbsp;AngleWrapF
</UL>
<BR>[Called By]<UL><LI><a href="#[f8]">&gt;&gt;</a>&nbsp;&nbsp;&nbsp;PID_AngleCalc
<LI><a href="#[f5]">&gt;&gt;</a>&nbsp;&nbsp;&nbsp;Gimbal_PitchPID_CalcWithConstrain
</UL>

<P><STRONG><a name="[ab]"></a>AngleWrapF</STRONG> (Thumb, 64 bytes, Stack size 16 bytes, universal.o(i.AngleWrapF))
<BR><BR>[Stack]<UL><LI>Max Depth = 52<LI>Call Chain = AngleWrapF &rArr; __hardfp_fmodf &rArr; _frem &rArr; _float_epilogue
</UL>
<BR>[Calls]<UL><LI><a href="#[ac]">&gt;&gt;</a>&nbsp;&nbsp;&nbsp;__hardfp_fmodf
</UL>
<BR>[Called By]<UL><LI><a href="#[aa]">&gt;&gt;</a>&nbsp;&nbsp;&nbsp;AngleDiffF
</UL>

<P><STRONG><a name="[ad]"></a>BMI088_ACCEL_NS_H</STRONG> (Thumb, 10 bytes, Stack size 0 bytes, bmi088middleware.o(i.BMI088_ACCEL_NS_H))
<BR><BR>[Calls]<UL><LI><a href="#[ae]">&gt;&gt;</a>&nbsp;&nbsp;&nbsp;HAL_GPIO_WritePin
</UL>
<BR>[Called By]<UL><LI><a href="#[b6]">&gt;&gt;</a>&nbsp;&nbsp;&nbsp;bmi088_accel_init
<LI><a href="#[b8]">&gt;&gt;</a>&nbsp;&nbsp;&nbsp;Calibrate_MPU_Offset
<LI><a href="#[b2]">&gt;&gt;</a>&nbsp;&nbsp;&nbsp;BMI088_Read
</UL>

<P><STRONG><a name="[af]"></a>BMI088_ACCEL_NS_L</STRONG> (Thumb, 10 bytes, Stack size 0 bytes, bmi088middleware.o(i.BMI088_ACCEL_NS_L))
<BR><BR>[Calls]<UL><LI><a href="#[ae]">&gt;&gt;</a>&nbsp;&nbsp;&nbsp;HAL_GPIO_WritePin
</UL>
<BR>[Called By]<UL><LI><a href="#[b6]">&gt;&gt;</a>&nbsp;&nbsp;&nbsp;bmi088_accel_init
<LI><a href="#[b8]">&gt;&gt;</a>&nbsp;&nbsp;&nbsp;Calibrate_MPU_Offset
<LI><a href="#[b2]">&gt;&gt;</a>&nbsp;&nbsp;&nbsp;BMI088_Read
</UL>

<P><STRONG><a name="[b0]"></a>BMI088_GYRO_NS_H</STRONG> (Thumb, 10 bytes, Stack size 0 bytes, bmi088middleware.o(i.BMI088_GYRO_NS_H))
<BR><BR>[Calls]<UL><LI><a href="#[ae]">&gt;&gt;</a>&nbsp;&nbsp;&nbsp;HAL_GPIO_WritePin
</UL>
<BR>[Called By]<UL><LI><a href="#[b7]">&gt;&gt;</a>&nbsp;&nbsp;&nbsp;bmi088_gyro_init
<LI><a href="#[b8]">&gt;&gt;</a>&nbsp;&nbsp;&nbsp;Calibrate_MPU_Offset
<LI><a href="#[b2]">&gt;&gt;</a>&nbsp;&nbsp;&nbsp;BMI088_Read
</UL>

<P><STRONG><a name="[b1]"></a>BMI088_GYRO_NS_L</STRONG> (Thumb, 10 bytes, Stack size 0 bytes, bmi088middleware.o(i.BMI088_GYRO_NS_L))
<BR><BR>[Calls]<UL><LI><a href="#[ae]">&gt;&gt;</a>&nbsp;&nbsp;&nbsp;HAL_GPIO_WritePin
</UL>
<BR>[Called By]<UL><LI><a href="#[b7]">&gt;&gt;</a>&nbsp;&nbsp;&nbsp;bmi088_gyro_init
<LI><a href="#[b8]">&gt;&gt;</a>&nbsp;&nbsp;&nbsp;Calibrate_MPU_Offset
<LI><a href="#[b2]">&gt;&gt;</a>&nbsp;&nbsp;&nbsp;BMI088_Read
</UL>

<P><STRONG><a name="[b2]"></a>BMI088_Read</STRONG> (Thumb, 422 bytes, Stack size 16 bytes, bmi088driver.o(i.BMI088_Read))
<BR><BR>[Stack]<UL><LI>Max Depth = 160<LI>Call Chain = BMI088_Read &rArr; BMI088_read_muli_reg &rArr; BMI088_read_write_byte &rArr; HAL_SPI_TransmitReceive &rArr; SPI_EndRxTxTransaction &rArr; SPI_WaitFlagStateUntilTimeout
</UL>
<BR>[Calls]<UL><LI><a href="#[b3]">&gt;&gt;</a>&nbsp;&nbsp;&nbsp;BMI088_read_write_byte
<LI><a href="#[b1]">&gt;&gt;</a>&nbsp;&nbsp;&nbsp;BMI088_GYRO_NS_L
<LI><a href="#[b0]">&gt;&gt;</a>&nbsp;&nbsp;&nbsp;BMI088_GYRO_NS_H
<LI><a href="#[af]">&gt;&gt;</a>&nbsp;&nbsp;&nbsp;BMI088_ACCEL_NS_L
<LI><a href="#[ad]">&gt;&gt;</a>&nbsp;&nbsp;&nbsp;BMI088_ACCEL_NS_H
<LI><a href="#[b4]">&gt;&gt;</a>&nbsp;&nbsp;&nbsp;BMI088_read_muli_reg
</UL>
<BR>[Called By]<UL><LI><a href="#[8d]">&gt;&gt;</a>&nbsp;&nbsp;&nbsp;InertialTask
</UL>

<P><STRONG><a name="[b5]"></a>BMI088_init</STRONG> (Thumb, 98 bytes, Stack size 16 bytes, bmi088driver.o(i.BMI088_init))
<BR><BR>[Stack]<UL><LI>Max Depth = 248<LI>Call Chain = BMI088_init &rArr; Calibrate_MPU_Offset &rArr; BMI088_read_muli_reg &rArr; BMI088_read_write_byte &rArr; HAL_SPI_TransmitReceive &rArr; SPI_EndRxTxTransaction &rArr; SPI_WaitFlagStateUntilTimeout
</UL>
<BR>[Calls]<UL><LI><a href="#[b7]">&gt;&gt;</a>&nbsp;&nbsp;&nbsp;bmi088_gyro_init
<LI><a href="#[b6]">&gt;&gt;</a>&nbsp;&nbsp;&nbsp;bmi088_accel_init
<LI><a href="#[b8]">&gt;&gt;</a>&nbsp;&nbsp;&nbsp;Calibrate_MPU_Offset
</UL>
<BR>[Called By]<UL><LI><a href="#[1a1]">&gt;&gt;</a>&nbsp;&nbsp;&nbsp;Inertial_ImuInit
<LI><a href="#[93]">&gt;&gt;</a>&nbsp;&nbsp;&nbsp;InertialCalibrateTask
</UL>

<P><STRONG><a name="[b3]"></a>BMI088_read_write_byte</STRONG> (Thumb, 30 bytes, Stack size 16 bytes, bmi088middleware.o(i.BMI088_read_write_byte))
<BR><BR>[Stack]<UL><LI>Max Depth = 128<LI>Call Chain = BMI088_read_write_byte &rArr; HAL_SPI_TransmitReceive &rArr; SPI_EndRxTxTransaction &rArr; SPI_WaitFlagStateUntilTimeout
</UL>
<BR>[Calls]<UL><LI><a href="#[ba]">&gt;&gt;</a>&nbsp;&nbsp;&nbsp;HAL_SPI_TransmitReceive
</UL>
<BR>[Called By]<UL><LI><a href="#[b6]">&gt;&gt;</a>&nbsp;&nbsp;&nbsp;bmi088_accel_init
<LI><a href="#[b8]">&gt;&gt;</a>&nbsp;&nbsp;&nbsp;Calibrate_MPU_Offset
<LI><a href="#[bb]">&gt;&gt;</a>&nbsp;&nbsp;&nbsp;BMI088_write_single_reg
<LI><a href="#[b9]">&gt;&gt;</a>&nbsp;&nbsp;&nbsp;BMI088_read_single_reg
<LI><a href="#[b4]">&gt;&gt;</a>&nbsp;&nbsp;&nbsp;BMI088_read_muli_reg
<LI><a href="#[b2]">&gt;&gt;</a>&nbsp;&nbsp;&nbsp;BMI088_Read
</UL>

<P><STRONG><a name="[90]"></a>BoardCommTask</STRONG> (Thumb, 152 bytes, Stack size 40 bytes, boardcommtask.o(i.BoardCommTask))
<BR><BR>[Stack]<UL><LI>Max Depth = 120<LI>Call Chain = BoardCommTask &rArr; osDelayUntil &rArr; vTaskDelayUntil &rArr; xTaskResumeAll &rArr; xTaskIncrementTick
</UL>
<BR>[Calls]<UL><LI><a href="#[bc]">&gt;&gt;</a>&nbsp;&nbsp;&nbsp;osKernelSysTick
<LI><a href="#[bd]">&gt;&gt;</a>&nbsp;&nbsp;&nbsp;osDelayUntil
<LI><a href="#[be]">&gt;&gt;</a>&nbsp;&nbsp;&nbsp;HAL_CAN_AddTxMessage
<LI><a href="#[a9]">&gt;&gt;</a>&nbsp;&nbsp;&nbsp;__aeabi_memclr4
</UL>
<BR>[Address Reference Count : 1]<UL><LI> freertos.o(.constdata)
</UL>
<P><STRONG><a name="[1a4]"></a>BodyFrameToEarthFrame</STRONG> (Thumb, 234 bytes, Stack size 0 bytes, inertialtask.o(i.BodyFrameToEarthFrame))
<BR><BR>[Called By]<UL><LI><a href="#[8d]">&gt;&gt;</a>&nbsp;&nbsp;&nbsp;InertialTask
</UL>

<P><STRONG><a name="[1a]"></a>BusFault_Handler</STRONG> (Thumb, 2 bytes, Stack size 0 bytes, stm32f4xx_it.o(i.BusFault_Handler))
<BR><BR>[Calls]<UL><LI><a href="#[1a]">&gt;&gt;</a>&nbsp;&nbsp;&nbsp;BusFault_Handler
</UL>
<BR>[Called By]<UL><LI><a href="#[1a]">&gt;&gt;</a>&nbsp;&nbsp;&nbsp;BusFault_Handler
</UL>
<BR>[Address Reference Count : 1]<UL><LI> startup_stm32f407xx.o(RESET)
</UL>
<P><STRONG><a name="[34]"></a>CAN1_RX0_IRQHandler</STRONG> (Thumb, 6 bytes, Stack size 0 bytes, stm32f4xx_it.o(i.CAN1_RX0_IRQHandler))
<BR><BR>[Stack]<UL><LI>Max Depth = 104<LI>Call Chain = CAN1_RX0_IRQHandler &rArr; HAL_CAN_IRQHandler &rArr; HAL_CAN_RxFifo1MsgPendingCallback &rArr; HAL_CAN_GetRxMessage
</UL>
<BR>[Calls]<UL><LI><a href="#[bf]">&gt;&gt;</a>&nbsp;&nbsp;&nbsp;HAL_CAN_IRQHandler
</UL>
<BR>[Address Reference Count : 1]<UL><LI> startup_stm32f407xx.o(RESET)
</UL>
<P><STRONG><a name="[c0]"></a>CAN1_UniversalInit</STRONG> (Thumb, 56 bytes, Stack size 48 bytes, can.o(i.CAN1_UniversalInit))
<BR><BR>[Stack]<UL><LI>Max Depth = 64<LI>Call Chain = CAN1_UniversalInit &rArr; HAL_CAN_Start
</UL>
<BR>[Calls]<UL><LI><a href="#[c1]">&gt;&gt;</a>&nbsp;&nbsp;&nbsp;HAL_CAN_Start
<LI><a href="#[c2]">&gt;&gt;</a>&nbsp;&nbsp;&nbsp;HAL_CAN_ConfigFilter
<LI><a href="#[c3]">&gt;&gt;</a>&nbsp;&nbsp;&nbsp;HAL_CAN_ActivateNotification
</UL>
<BR>[Called By]<UL><LI><a href="#[71]">&gt;&gt;</a>&nbsp;&nbsp;&nbsp;main
</UL>

<P><STRONG><a name="[61]"></a>CAN2_RX1_IRQHandler</STRONG> (Thumb, 6 bytes, Stack size 0 bytes, stm32f4xx_it.o(i.CAN2_RX1_IRQHandler))
<BR><BR>[Stack]<UL><LI>Max Depth = 104<LI>Call Chain = CAN2_RX1_IRQHandler &rArr; HAL_CAN_IRQHandler &rArr; HAL_CAN_RxFifo1MsgPendingCallback &rArr; HAL_CAN_GetRxMessage
</UL>
<BR>[Calls]<UL><LI><a href="#[bf]">&gt;&gt;</a>&nbsp;&nbsp;&nbsp;HAL_CAN_IRQHandler
</UL>
<BR>[Address Reference Count : 1]<UL><LI> startup_stm32f407xx.o(RESET)
</UL>
<P><STRONG><a name="[5f]"></a>CAN2_TX_IRQHandler</STRONG> (Thumb, 6 bytes, Stack size 0 bytes, stm32f4xx_it.o(i.CAN2_TX_IRQHandler))
<BR><BR>[Stack]<UL><LI>Max Depth = 104<LI>Call Chain = CAN2_TX_IRQHandler &rArr; HAL_CAN_IRQHandler &rArr; HAL_CAN_RxFifo1MsgPendingCallback &rArr; HAL_CAN_GetRxMessage
</UL>
<BR>[Calls]<UL><LI><a href="#[bf]">&gt;&gt;</a>&nbsp;&nbsp;&nbsp;HAL_CAN_IRQHandler
</UL>
<BR>[Address Reference Count : 1]<UL><LI> startup_stm32f407xx.o(RESET)
</UL>
<P><STRONG><a name="[c4]"></a>CAN2_UniversalInit</STRONG> (Thumb, 62 bytes, Stack size 48 bytes, can.o(i.CAN2_UniversalInit))
<BR><BR>[Stack]<UL><LI>Max Depth = 64<LI>Call Chain = CAN2_UniversalInit &rArr; HAL_CAN_Start
</UL>
<BR>[Calls]<UL><LI><a href="#[c1]">&gt;&gt;</a>&nbsp;&nbsp;&nbsp;HAL_CAN_Start
<LI><a href="#[c2]">&gt;&gt;</a>&nbsp;&nbsp;&nbsp;HAL_CAN_ConfigFilter
<LI><a href="#[c3]">&gt;&gt;</a>&nbsp;&nbsp;&nbsp;HAL_CAN_ActivateNotification
</UL>
<BR>[Called By]<UL><LI><a href="#[71]">&gt;&gt;</a>&nbsp;&nbsp;&nbsp;main
</UL>

<P><STRONG><a name="[ca]"></a>CDC_Transmit_FS</STRONG> (Thumb, 38 bytes, Stack size 8 bytes, usbd_cdc_if.o(i.CDC_Transmit_FS))
<BR><BR>[Stack]<UL><LI>Max Depth = 64<LI>Call Chain = CDC_Transmit_FS &rArr; USBD_CDC_TransmitPacket &rArr; USBD_LL_Transmit &rArr; HAL_PCD_EP_Transmit &rArr; USB_EPStartXfer &rArr; USB_WritePacket
</UL>
<BR>[Calls]<UL><LI><a href="#[cb]">&gt;&gt;</a>&nbsp;&nbsp;&nbsp;USBD_CDC_TransmitPacket
<LI><a href="#[c5]">&gt;&gt;</a>&nbsp;&nbsp;&nbsp;USBD_CDC_SetTxBuffer
</UL>
<BR>[Called By]<UL><LI><a href="#[1c4]">&gt;&gt;</a>&nbsp;&nbsp;&nbsp;NUC_SendConfig
</UL>

<P><STRONG><a name="[1c7]"></a>ChassisBoard_SendDBUS</STRONG> (Thumb, 2 bytes, Stack size 0 bytes, chassis.o(i.ChassisBoard_SendDBUS))
<BR><BR>[Called By]<UL><LI><a href="#[192]">&gt;&gt;</a>&nbsp;&nbsp;&nbsp;RC_DBUS_RxCallback
</UL>

<P><STRONG><a name="[ea]"></a>ChassisBoard_SendFusionInsSpeed</STRONG> (Thumb, 2 bytes, Stack size 0 bytes, chassis.o(i.ChassisBoard_SendFusionInsSpeed))
<BR><BR>[Called By]<UL><LI><a href="#[91]">&gt;&gt;</a>&nbsp;&nbsp;&nbsp;FusionInsTask
</UL>

<P><STRONG><a name="[1c2]"></a>ChassisBoard_SendRcVision</STRONG> (Thumb, 2 bytes, Stack size 0 bytes, chassis.o(i.ChassisBoard_SendRcVision))
<BR><BR>[Called By]<UL><LI><a href="#[1c1]">&gt;&gt;</a>&nbsp;&nbsp;&nbsp;NUC_RC_RxCallback
</UL>

<P><STRONG><a name="[ce]"></a>ChassisBoard_SendYawOutput</STRONG> (Thumb, 82 bytes, Stack size 48 bytes, chassis.o(i.ChassisBoard_SendYawOutput))
<BR><BR>[Stack]<UL><LI>Max Depth = 68<LI>Call Chain = ChassisBoard_SendYawOutput &rArr; HAL_CAN_AddTxMessage
</UL>
<BR>[Calls]<UL><LI><a href="#[be]">&gt;&gt;</a>&nbsp;&nbsp;&nbsp;HAL_CAN_AddTxMessage
<LI><a href="#[a9]">&gt;&gt;</a>&nbsp;&nbsp;&nbsp;__aeabi_memclr4
</UL>
<BR>[Called By]<UL><LI><a href="#[f6]">&gt;&gt;</a>&nbsp;&nbsp;&nbsp;Gimbal_Disable
<LI><a href="#[8a]">&gt;&gt;</a>&nbsp;&nbsp;&nbsp;GimbalTask
</UL>

<P><STRONG><a name="[1a3]"></a>Constrain</STRONG> (Thumb, 16 bytes, Stack size 0 bytes, universal.o(i.Constrain))
<BR><BR>[Called By]<UL><LI><a href="#[1a1]">&gt;&gt;</a>&nbsp;&nbsp;&nbsp;Inertial_ImuInit
<LI><a href="#[8d]">&gt;&gt;</a>&nbsp;&nbsp;&nbsp;InertialTask
</UL>

<P><STRONG><a name="[1c6]"></a>ConstrainF</STRONG> (Thumb, 32 bytes, Stack size 0 bytes, universal.o(i.ConstrainF))
<BR><BR>[Called By]<UL><LI><a href="#[f9]">&gt;&gt;</a>&nbsp;&nbsp;&nbsp;PID_Calc
<LI><a href="#[f8]">&gt;&gt;</a>&nbsp;&nbsp;&nbsp;PID_AngleCalc
</UL>

<P><STRONG><a name="[8f]"></a>ControllerTask</STRONG> (Thumb, 208 bytes, Stack size 16 bytes, controllertask.o(i.ControllerTask))
<BR><BR>[Stack]<UL><LI>Max Depth = 96<LI>Call Chain = ControllerTask &rArr; osDelayUntil &rArr; vTaskDelayUntil &rArr; xTaskResumeAll &rArr; xTaskIncrementTick
</UL>
<BR>[Calls]<UL><LI><a href="#[d2]">&gt;&gt;</a>&nbsp;&nbsp;&nbsp;RC_VTM_Init
<LI><a href="#[d1]">&gt;&gt;</a>&nbsp;&nbsp;&nbsp;RC_DBUS_Init
<LI><a href="#[cf]">&gt;&gt;</a>&nbsp;&nbsp;&nbsp;Mouse_Init
<LI><a href="#[d0]">&gt;&gt;</a>&nbsp;&nbsp;&nbsp;Keyboard_Init
<LI><a href="#[d3]">&gt;&gt;</a>&nbsp;&nbsp;&nbsp;Key_Init
<LI><a href="#[d4]">&gt;&gt;</a>&nbsp;&nbsp;&nbsp;Controller_Pad
<LI><a href="#[d5]">&gt;&gt;</a>&nbsp;&nbsp;&nbsp;Controller_MouseKeyboard
<LI><a href="#[bc]">&gt;&gt;</a>&nbsp;&nbsp;&nbsp;osKernelSysTick
<LI><a href="#[bd]">&gt;&gt;</a>&nbsp;&nbsp;&nbsp;osDelayUntil
<LI><a href="#[cc]">&gt;&gt;</a>&nbsp;&nbsp;&nbsp;HAL_GetTick
</UL>
<BR>[Address Reference Count : 1]<UL><LI> freertos.o(.constdata)
</UL>
<P><STRONG><a name="[d5]"></a>Controller_MouseKeyboard</STRONG> (Thumb, 408 bytes, Stack size 32 bytes, controllertask.o(i.Controller_MouseKeyboard))
<BR><BR>[Stack]<UL><LI>Max Depth = 40<LI>Call Chain = Controller_MouseKeyboard &rArr; Key_Update
</UL>
<BR>[Calls]<UL><LI><a href="#[d6]">&gt;&gt;</a>&nbsp;&nbsp;&nbsp;Key_Update
</UL>
<BR>[Called By]<UL><LI><a href="#[8f]">&gt;&gt;</a>&nbsp;&nbsp;&nbsp;ControllerTask
</UL>

<P><STRONG><a name="[d4]"></a>Controller_Pad</STRONG> (Thumb, 348 bytes, Stack size 24 bytes, controllertask.o(i.Controller_Pad))
<BR><BR>[Stack]<UL><LI>Max Depth = 32<LI>Call Chain = Controller_Pad &rArr; Key_Update
</UL>
<BR>[Calls]<UL><LI><a href="#[d6]">&gt;&gt;</a>&nbsp;&nbsp;&nbsp;Key_Update
</UL>
<BR>[Called By]<UL><LI><a href="#[8f]">&gt;&gt;</a>&nbsp;&nbsp;&nbsp;ControllerTask
</UL>

<P><STRONG><a name="[d7]"></a>DM4310_TryUpdate</STRONG> (Thumb, 52 bytes, Stack size 8 bytes, dm4310.o(i.DM4310_TryUpdate))
<BR><BR>[Stack]<UL><LI>Max Depth = 16<LI>Call Chain = DM4310_TryUpdate &rArr; DM4310_Update
</UL>
<BR>[Calls]<UL><LI><a href="#[d8]">&gt;&gt;</a>&nbsp;&nbsp;&nbsp;DM4310_Update
</UL>
<BR>[Called By]<UL><LI><a href="#[101]">&gt;&gt;</a>&nbsp;&nbsp;&nbsp;HAL_CAN_RxFifo0MsgPendingCallback
</UL>

<P><STRONG><a name="[d8]"></a>DM4310_Update</STRONG> (Thumb, 108 bytes, Stack size 8 bytes, dm4310.o(i.DM4310_Update))
<BR><BR>[Stack]<UL><LI>Max Depth = 8<LI>Call Chain = DM4310_Update
</UL>
<BR>[Calls]<UL><LI><a href="#[cc]">&gt;&gt;</a>&nbsp;&nbsp;&nbsp;HAL_GetTick
</UL>
<BR>[Called By]<UL><LI><a href="#[d7]">&gt;&gt;</a>&nbsp;&nbsp;&nbsp;DM4310_TryUpdate
</UL>

<P><STRONG><a name="[2c]"></a>DMA1_Stream1_IRQHandler</STRONG> (Thumb, 6 bytes, Stack size 0 bytes, stm32f4xx_it.o(i.DMA1_Stream1_IRQHandler))
<BR><BR>[Stack]<UL><LI>Max Depth = 32<LI>Call Chain = DMA1_Stream1_IRQHandler &rArr; HAL_DMA_IRQHandler
</UL>
<BR>[Calls]<UL><LI><a href="#[d9]">&gt;&gt;</a>&nbsp;&nbsp;&nbsp;HAL_DMA_IRQHandler
</UL>
<BR>[Address Reference Count : 1]<UL><LI> startup_stm32f407xx.o(RESET)
</UL>
<P><STRONG><a name="[58]"></a>DMA2_Stream0_IRQHandler</STRONG> (Thumb, 6 bytes, Stack size 0 bytes, stm32f4xx_it.o(i.DMA2_Stream0_IRQHandler))
<BR><BR>[Stack]<UL><LI>Max Depth = 32<LI>Call Chain = DMA2_Stream0_IRQHandler &rArr; HAL_DMA_IRQHandler
</UL>
<BR>[Calls]<UL><LI><a href="#[d9]">&gt;&gt;</a>&nbsp;&nbsp;&nbsp;HAL_DMA_IRQHandler
</UL>
<BR>[Address Reference Count : 1]<UL><LI> startup_stm32f407xx.o(RESET)
</UL>
<P><STRONG><a name="[59]"></a>DMA2_Stream1_IRQHandler</STRONG> (Thumb, 6 bytes, Stack size 0 bytes, stm32f4xx_it.o(i.DMA2_Stream1_IRQHandler))
<BR><BR>[Stack]<UL><LI>Max Depth = 32<LI>Call Chain = DMA2_Stream1_IRQHandler &rArr; HAL_DMA_IRQHandler
</UL>
<BR>[Calls]<UL><LI><a href="#[d9]">&gt;&gt;</a>&nbsp;&nbsp;&nbsp;HAL_DMA_IRQHandler
</UL>
<BR>[Address Reference Count : 1]<UL><LI> startup_stm32f407xx.o(RESET)
</UL>
<P><STRONG><a name="[5a]"></a>DMA2_Stream2_IRQHandler</STRONG> (Thumb, 6 bytes, Stack size 0 bytes, stm32f4xx_it.o(i.DMA2_Stream2_IRQHandler))
<BR><BR>[Stack]<UL><LI>Max Depth = 32<LI>Call Chain = DMA2_Stream2_IRQHandler &rArr; HAL_DMA_IRQHandler
</UL>
<BR>[Calls]<UL><LI><a href="#[d9]">&gt;&gt;</a>&nbsp;&nbsp;&nbsp;HAL_DMA_IRQHandler
</UL>
<BR>[Address Reference Count : 1]<UL><LI> startup_stm32f407xx.o(RESET)
</UL>
<P><STRONG><a name="[5b]"></a>DMA2_Stream3_IRQHandler</STRONG> (Thumb, 6 bytes, Stack size 0 bytes, stm32f4xx_it.o(i.DMA2_Stream3_IRQHandler))
<BR><BR>[Stack]<UL><LI>Max Depth = 32<LI>Call Chain = DMA2_Stream3_IRQHandler &rArr; HAL_DMA_IRQHandler
</UL>
<BR>[Calls]<UL><LI><a href="#[d9]">&gt;&gt;</a>&nbsp;&nbsp;&nbsp;HAL_DMA_IRQHandler
</UL>
<BR>[Address Reference Count : 1]<UL><LI> startup_stm32f407xx.o(RESET)
</UL>
<P><STRONG><a name="[65]"></a>DMA2_Stream6_IRQHandler</STRONG> (Thumb, 6 bytes, Stack size 0 bytes, stm32f4xx_it.o(i.DMA2_Stream6_IRQHandler))
<BR><BR>[Stack]<UL><LI>Max Depth = 32<LI>Call Chain = DMA2_Stream6_IRQHandler &rArr; HAL_DMA_IRQHandler
</UL>
<BR>[Calls]<UL><LI><a href="#[d9]">&gt;&gt;</a>&nbsp;&nbsp;&nbsp;HAL_DMA_IRQHandler
</UL>
<BR>[Address Reference Count : 1]<UL><LI> startup_stm32f407xx.o(RESET)
</UL>
<P><STRONG><a name="[89]"></a>DaemonTask</STRONG> (Thumb, 180 bytes, Stack size 48 bytes, daemontask.o(i.DaemonTask))
<BR><BR>[Stack]<UL><LI>Max Depth = 216<LI>Call Chain = DaemonTask &rArr; osThreadCreate &rArr; xTaskCreate &rArr; pvPortMalloc &rArr; xTaskResumeAll &rArr; xTaskIncrementTick
</UL>
<BR>[Calls]<UL><LI><a href="#[dd]">&gt;&gt;</a>&nbsp;&nbsp;&nbsp;osThreadCreate
<LI><a href="#[da]">&gt;&gt;</a>&nbsp;&nbsp;&nbsp;MX_USB_DEVICE_Init
<LI><a href="#[bc]">&gt;&gt;</a>&nbsp;&nbsp;&nbsp;osKernelSysTick
<LI><a href="#[bd]">&gt;&gt;</a>&nbsp;&nbsp;&nbsp;osDelayUntil
<LI><a href="#[db]">&gt;&gt;</a>&nbsp;&nbsp;&nbsp;Misc_Laser_Off
<LI><a href="#[de]">&gt;&gt;</a>&nbsp;&nbsp;&nbsp;HAL_NVIC_SystemReset
<LI><a href="#[cc]">&gt;&gt;</a>&nbsp;&nbsp;&nbsp;HAL_GetTick
<LI><a href="#[dc]">&gt;&gt;</a>&nbsp;&nbsp;&nbsp;__aeabi_memcpy4
</UL>
<BR>[Address Reference Count : 1]<UL><LI> freertos.o(.constdata)
</UL>
<P><STRONG><a name="[1d]"></a>DebugMon_Handler</STRONG> (Thumb, 2 bytes, Stack size 0 bytes, stm32f4xx_it.o(i.DebugMon_Handler))
<BR>[Address Reference Count : 1]<UL><LI> startup_stm32f407xx.o(RESET)
</UL>
<P><STRONG><a name="[8e]"></a>DebugTask</STRONG> (Thumb, 82 bytes, Stack size 16 bytes, debugtask.o(i.DebugTask))
<BR><BR>[Stack]<UL><LI>Max Depth = 96<LI>Call Chain = DebugTask &rArr; osDelayUntil &rArr; vTaskDelayUntil &rArr; xTaskResumeAll &rArr; xTaskIncrementTick
</UL>
<BR>[Calls]<UL><LI><a href="#[df]">&gt;&gt;</a>&nbsp;&nbsp;&nbsp;HAL_UART_Transmit_DMA
<LI><a href="#[bc]">&gt;&gt;</a>&nbsp;&nbsp;&nbsp;osKernelSysTick
<LI><a href="#[bd]">&gt;&gt;</a>&nbsp;&nbsp;&nbsp;osDelayUntil
</UL>
<BR>[Address Reference Count : 1]<UL><LI> freertos.o(.constdata)
</UL>
<P><STRONG><a name="[e0]"></a>DjiMotor_CanID_0x1FF_Output</STRONG> (Thumb, 80 bytes, Stack size 48 bytes, djimotor.o(i.DjiMotor_CanID_0x1FF_Output))
<BR><BR>[Stack]<UL><LI>Max Depth = 68<LI>Call Chain = DjiMotor_CanID_0x1FF_Output &rArr; HAL_CAN_AddTxMessage
</UL>
<BR>[Calls]<UL><LI><a href="#[be]">&gt;&gt;</a>&nbsp;&nbsp;&nbsp;HAL_CAN_AddTxMessage
<LI><a href="#[a9]">&gt;&gt;</a>&nbsp;&nbsp;&nbsp;__aeabi_memclr4
</UL>
<BR>[Called By]<UL><LI><a href="#[f6]">&gt;&gt;</a>&nbsp;&nbsp;&nbsp;Gimbal_Disable
<LI><a href="#[8a]">&gt;&gt;</a>&nbsp;&nbsp;&nbsp;GimbalTask
</UL>

<P><STRONG><a name="[e1]"></a>DjiMotor_CanID_0x200_Output</STRONG> (Thumb, 80 bytes, Stack size 48 bytes, djimotor.o(i.DjiMotor_CanID_0x200_Output))
<BR><BR>[Stack]<UL><LI>Max Depth = 68<LI>Call Chain = DjiMotor_CanID_0x200_Output &rArr; HAL_CAN_AddTxMessage
</UL>
<BR>[Calls]<UL><LI><a href="#[be]">&gt;&gt;</a>&nbsp;&nbsp;&nbsp;HAL_CAN_AddTxMessage
<LI><a href="#[a9]">&gt;&gt;</a>&nbsp;&nbsp;&nbsp;__aeabi_memclr4
</UL>
<BR>[Called By]<UL><LI><a href="#[1ce]">&gt;&gt;</a>&nbsp;&nbsp;&nbsp;Shooting_Disable
<LI><a href="#[8b]">&gt;&gt;</a>&nbsp;&nbsp;&nbsp;ShootingTask
</UL>

<P><STRONG><a name="[e2]"></a>DjiMotor_Update</STRONG> (Thumb, 46 bytes, Stack size 8 bytes, djimotor.o(i.DjiMotor_Update))
<BR><BR>[Stack]<UL><LI>Max Depth = 8<LI>Call Chain = DjiMotor_Update
</UL>
<BR>[Calls]<UL><LI><a href="#[cc]">&gt;&gt;</a>&nbsp;&nbsp;&nbsp;HAL_GetTick
</UL>
<BR>[Called By]<UL><LI><a href="#[103]">&gt;&gt;</a>&nbsp;&nbsp;&nbsp;HAL_CAN_RxFifo1MsgPendingCallback
<LI><a href="#[101]">&gt;&gt;</a>&nbsp;&nbsp;&nbsp;HAL_CAN_RxFifo0MsgPendingCallback
</UL>

<P><STRONG><a name="[2a]"></a>EXTI4_IRQHandler</STRONG> (Thumb, 6 bytes, Stack size 0 bytes, stm32f4xx_it.o(i.EXTI4_IRQHandler))
<BR><BR>[Stack]<UL><LI>Max Depth = 8<LI>Call Chain = EXTI4_IRQHandler &rArr; HAL_GPIO_EXTI_IRQHandler
</UL>
<BR>[Calls]<UL><LI><a href="#[e3]">&gt;&gt;</a>&nbsp;&nbsp;&nbsp;HAL_GPIO_EXTI_IRQHandler
</UL>
<BR>[Address Reference Count : 1]<UL><LI> startup_stm32f407xx.o(RESET)
</UL>
<P><STRONG><a name="[37]"></a>EXTI9_5_IRQHandler</STRONG> (Thumb, 6 bytes, Stack size 0 bytes, stm32f4xx_it.o(i.EXTI9_5_IRQHandler))
<BR><BR>[Stack]<UL><LI>Max Depth = 8<LI>Call Chain = EXTI9_5_IRQHandler &rArr; HAL_GPIO_EXTI_IRQHandler
</UL>
<BR>[Calls]<UL><LI><a href="#[e3]">&gt;&gt;</a>&nbsp;&nbsp;&nbsp;HAL_GPIO_EXTI_IRQHandler
</UL>
<BR>[Address Reference Count : 1]<UL><LI> startup_stm32f407xx.o(RESET)
</UL>
<P><STRONG><a name="[1a5]"></a>EarthFrameToBodyFrame</STRONG> (Thumb, 234 bytes, Stack size 0 bytes, inertialtask.o(i.EarthFrameToBodyFrame))
<BR><BR>[Called By]<UL><LI><a href="#[8d]">&gt;&gt;</a>&nbsp;&nbsp;&nbsp;InertialTask
</UL>

<P><STRONG><a name="[15c]"></a>Error_Handler</STRONG> (Thumb, 4 bytes, Stack size 0 bytes, main.o(i.Error_Handler))
<BR><BR>[Called By]<UL><LI><a href="#[da]">&gt;&gt;</a>&nbsp;&nbsp;&nbsp;MX_USB_DEVICE_Init
<LI><a href="#[1bb]">&gt;&gt;</a>&nbsp;&nbsp;&nbsp;MX_USART6_UART_Init
<LI><a href="#[1ba]">&gt;&gt;</a>&nbsp;&nbsp;&nbsp;MX_USART3_UART_Init
<LI><a href="#[1b9]">&gt;&gt;</a>&nbsp;&nbsp;&nbsp;MX_USART1_UART_Init
<LI><a href="#[1b7]">&gt;&gt;</a>&nbsp;&nbsp;&nbsp;MX_TIM8_Init
<LI><a href="#[1b6]">&gt;&gt;</a>&nbsp;&nbsp;&nbsp;MX_TIM7_Init
<LI><a href="#[1b4]">&gt;&gt;</a>&nbsp;&nbsp;&nbsp;MX_TIM4_Init
<LI><a href="#[1b3]">&gt;&gt;</a>&nbsp;&nbsp;&nbsp;MX_TIM10_Init
<LI><a href="#[1b2]">&gt;&gt;</a>&nbsp;&nbsp;&nbsp;MX_SPI1_Init
<LI><a href="#[1ae]">&gt;&gt;</a>&nbsp;&nbsp;&nbsp;MX_CAN2_Init
<LI><a href="#[1ad]">&gt;&gt;</a>&nbsp;&nbsp;&nbsp;MX_CAN1_Init
<LI><a href="#[18d]">&gt;&gt;</a>&nbsp;&nbsp;&nbsp;HAL_UART_MspInit
<LI><a href="#[16f]">&gt;&gt;</a>&nbsp;&nbsp;&nbsp;HAL_SPI_MspInit
<LI><a href="#[1e9]">&gt;&gt;</a>&nbsp;&nbsp;&nbsp;USBD_LL_Init
<LI><a href="#[151]">&gt;&gt;</a>&nbsp;&nbsp;&nbsp;HAL_PCD_ResetCallback
</UL>

<P><STRONG><a name="[115]"></a>FLASH_Erase_Sector</STRONG> (Thumb, 74 bytes, Stack size 0 bytes, stm32f4xx_hal_flash_ex.o(i.FLASH_Erase_Sector))
<BR><BR>[Called By]<UL><LI><a href="#[113]">&gt;&gt;</a>&nbsp;&nbsp;&nbsp;HAL_FLASHEx_Erase
</UL>

<P><STRONG><a name="[116]"></a>FLASH_FlushCaches</STRONG> (Thumb, 80 bytes, Stack size 0 bytes, stm32f4xx_hal_flash_ex.o(i.FLASH_FlushCaches))
<BR><BR>[Called By]<UL><LI><a href="#[113]">&gt;&gt;</a>&nbsp;&nbsp;&nbsp;HAL_FLASHEx_Erase
</UL>

<P><STRONG><a name="[e4]"></a>FLASH_WaitForLastOperation</STRONG> (Thumb, 72 bytes, Stack size 16 bytes, stm32f4xx_hal_flash.o(i.FLASH_WaitForLastOperation))
<BR><BR>[Stack]<UL><LI>Max Depth = 16<LI>Call Chain = FLASH_WaitForLastOperation
</UL>
<BR>[Calls]<UL><LI><a href="#[cc]">&gt;&gt;</a>&nbsp;&nbsp;&nbsp;HAL_GetTick
<LI><a href="#[e5]">&gt;&gt;</a>&nbsp;&nbsp;&nbsp;FLASH_SetErrorCode
</UL>
<BR>[Called By]<UL><LI><a href="#[117]">&gt;&gt;</a>&nbsp;&nbsp;&nbsp;HAL_FLASH_Program
<LI><a href="#[113]">&gt;&gt;</a>&nbsp;&nbsp;&nbsp;HAL_FLASHEx_Erase
<LI><a href="#[93]">&gt;&gt;</a>&nbsp;&nbsp;&nbsp;InertialCalibrateTask
</UL>

<P><STRONG><a name="[91]"></a>FusionInsTask</STRONG> (Thumb, 398 bytes, Stack size 64 bytes, fusioninstask.o(i.FusionInsTask))
<BR><BR>[Stack]<UL><LI>Max Depth = 192<LI>Call Chain = FusionInsTask &rArr; FusionKF_Update &rArr; arm_mat_inverse_f32
</UL>
<BR>[Calls]<UL><LI><a href="#[bc]">&gt;&gt;</a>&nbsp;&nbsp;&nbsp;osKernelSysTick
<LI><a href="#[bd]">&gt;&gt;</a>&nbsp;&nbsp;&nbsp;osDelayUntil
<LI><a href="#[e7]">&gt;&gt;</a>&nbsp;&nbsp;&nbsp;arm_sin_cos_f32
<LI><a href="#[e9]">&gt;&gt;</a>&nbsp;&nbsp;&nbsp;FusionKF_Update
<LI><a href="#[e6]">&gt;&gt;</a>&nbsp;&nbsp;&nbsp;FusionKF_Init
<LI><a href="#[ea]">&gt;&gt;</a>&nbsp;&nbsp;&nbsp;ChassisBoard_SendFusionInsSpeed
<LI><a href="#[e8]">&gt;&gt;</a>&nbsp;&nbsp;&nbsp;__hardfp_powf
</UL>
<BR>[Address Reference Count : 1]<UL><LI> freertos.o(.constdata)
</UL>
<P><STRONG><a name="[e6]"></a>FusionKF_Init</STRONG> (Thumb, 774 bytes, Stack size 48 bytes, fusionkf.o(i.FusionKF_Init))
<BR><BR>[Stack]<UL><LI>Max Depth = 128<LI>Call Chain = FusionKF_Init &rArr; pvPortMalloc &rArr; xTaskResumeAll &rArr; xTaskIncrementTick
</UL>
<BR>[Calls]<UL><LI><a href="#[eb]">&gt;&gt;</a>&nbsp;&nbsp;&nbsp;pvPortMalloc
<LI><a href="#[ed]">&gt;&gt;</a>&nbsp;&nbsp;&nbsp;arm_mat_trans_f32
<LI><a href="#[ec]">&gt;&gt;</a>&nbsp;&nbsp;&nbsp;arm_mat_init_f32
<LI><a href="#[a9]">&gt;&gt;</a>&nbsp;&nbsp;&nbsp;__aeabi_memclr4
</UL>
<BR>[Called By]<UL><LI><a href="#[91]">&gt;&gt;</a>&nbsp;&nbsp;&nbsp;FusionInsTask
</UL>

<P><STRONG><a name="[e9]"></a>FusionKF_Update</STRONG> (Thumb, 548 bytes, Stack size 48 bytes, fusionkf.o(i.FusionKF_Update))
<BR><BR>[Stack]<UL><LI>Max Depth = 128<LI>Call Chain = FusionKF_Update &rArr; arm_mat_inverse_f32
</UL>
<BR>[Calls]<UL><LI><a href="#[f0]">&gt;&gt;</a>&nbsp;&nbsp;&nbsp;arm_mat_sub_f32
<LI><a href="#[ee]">&gt;&gt;</a>&nbsp;&nbsp;&nbsp;arm_mat_mult_f32
<LI><a href="#[a8]">&gt;&gt;</a>&nbsp;&nbsp;&nbsp;arm_mat_inverse_f32
<LI><a href="#[ef]">&gt;&gt;</a>&nbsp;&nbsp;&nbsp;arm_mat_add_f32
<LI><a href="#[dc]">&gt;&gt;</a>&nbsp;&nbsp;&nbsp;__aeabi_memcpy4
</UL>
<BR>[Called By]<UL><LI><a href="#[91]">&gt;&gt;</a>&nbsp;&nbsp;&nbsp;FusionInsTask
</UL>

<P><STRONG><a name="[f1]"></a>GM6020_Init</STRONG> (Thumb, 80 bytes, Stack size 0 bytes, djimotor.o(i.GM6020_Init))
<BR><BR>[Called By]<UL><LI><a href="#[8a]">&gt;&gt;</a>&nbsp;&nbsp;&nbsp;GimbalTask
</UL>

<P><STRONG><a name="[8a]"></a>GimbalTask</STRONG> (Thumb, 330 bytes, Stack size 72 bytes, gimbaltask.o(i.GimbalTask))
<BR><BR>[Stack]<UL><LI>Max Depth = 188<LI>Call Chain = GimbalTask &rArr; Gimbal_PitchPID_CalcWithConstrain &rArr; PID_AngleCalc &rArr; AngleDiffF &rArr; AngleWrapF &rArr; __hardfp_fmodf &rArr; _frem &rArr; _float_epilogue
</UL>
<BR>[Calls]<UL><LI><a href="#[f3]">&gt;&gt;</a>&nbsp;&nbsp;&nbsp;osDelay
<LI><a href="#[f2]">&gt;&gt;</a>&nbsp;&nbsp;&nbsp;PID_Init
<LI><a href="#[bc]">&gt;&gt;</a>&nbsp;&nbsp;&nbsp;osKernelSysTick
<LI><a href="#[bd]">&gt;&gt;</a>&nbsp;&nbsp;&nbsp;osDelayUntil
<LI><a href="#[f1]">&gt;&gt;</a>&nbsp;&nbsp;&nbsp;GM6020_Init
<LI><a href="#[e0]">&gt;&gt;</a>&nbsp;&nbsp;&nbsp;DjiMotor_CanID_0x1FF_Output
<LI><a href="#[ce]">&gt;&gt;</a>&nbsp;&nbsp;&nbsp;ChassisBoard_SendYawOutput
<LI><a href="#[f4]">&gt;&gt;</a>&nbsp;&nbsp;&nbsp;Gimbal_YawPID_Calc
<LI><a href="#[f5]">&gt;&gt;</a>&nbsp;&nbsp;&nbsp;Gimbal_PitchPID_CalcWithConstrain
<LI><a href="#[f6]">&gt;&gt;</a>&nbsp;&nbsp;&nbsp;Gimbal_Disable
<LI><a href="#[a9]">&gt;&gt;</a>&nbsp;&nbsp;&nbsp;__aeabi_memclr4
</UL>
<BR>[Address Reference Count : 1]<UL><LI> freertos.o(.constdata)
</UL>
<P><STRONG><a name="[f6]"></a>Gimbal_Disable</STRONG> (Thumb, 54 bytes, Stack size 8 bytes, gimbaltask.o(i.Gimbal_Disable))
<BR><BR>[Stack]<UL><LI>Max Depth = 76<LI>Call Chain = Gimbal_Disable &rArr; DjiMotor_CanID_0x1FF_Output &rArr; HAL_CAN_AddTxMessage
</UL>
<BR>[Calls]<UL><LI><a href="#[f7]">&gt;&gt;</a>&nbsp;&nbsp;&nbsp;PID_Clear
<LI><a href="#[e0]">&gt;&gt;</a>&nbsp;&nbsp;&nbsp;DjiMotor_CanID_0x1FF_Output
<LI><a href="#[ce]">&gt;&gt;</a>&nbsp;&nbsp;&nbsp;ChassisBoard_SendYawOutput
</UL>
<BR>[Called By]<UL><LI><a href="#[8a]">&gt;&gt;</a>&nbsp;&nbsp;&nbsp;GimbalTask
</UL>

<P><STRONG><a name="[f5]"></a>Gimbal_PitchPID_CalcWithConstrain</STRONG> (Thumb, 298 bytes, Stack size 32 bytes, gimbaltask.o(i.Gimbal_PitchPID_CalcWithConstrain))
<BR><BR>[Stack]<UL><LI>Max Depth = 116<LI>Call Chain = Gimbal_PitchPID_CalcWithConstrain &rArr; PID_AngleCalc &rArr; AngleDiffF &rArr; AngleWrapF &rArr; __hardfp_fmodf &rArr; _frem &rArr; _float_epilogue
</UL>
<BR>[Calls]<UL><LI><a href="#[f9]">&gt;&gt;</a>&nbsp;&nbsp;&nbsp;PID_Calc
<LI><a href="#[f8]">&gt;&gt;</a>&nbsp;&nbsp;&nbsp;PID_AngleCalc
<LI><a href="#[aa]">&gt;&gt;</a>&nbsp;&nbsp;&nbsp;AngleDiffF
</UL>
<BR>[Called By]<UL><LI><a href="#[8a]">&gt;&gt;</a>&nbsp;&nbsp;&nbsp;GimbalTask
</UL>

[...]
<BR><BR>[Stack]<UL><LI>Max Depth = 144<LI>Call Chain = BMI088_read_muli_reg &rArr; BMI088_read_write_byte &rArr; HAL_SPI_TransmitReceive &rArr; SPI_EndRxTxTransaction &rArr; SPI_WaitFlagStateUntilTimeout
</UL>
<BR>[Calls]<UL><LI><a href="#[b3]">&gt;&gt;</a>&nbsp;&nbsp;&nbsp;BMI088_read_write_byte
</UL>
<BR>[Called By]<UL><LI><a href="#[b8]">&gt;&gt;</a>&nbsp;&nbsp;&nbsp;Calibrate_MPU_Offset
<LI><a href="#[b2]">&gt;&gt;</a>&nbsp;&nbsp;&nbsp;BMI088_Read
</UL>

<P><STRONG><a name="[b9]"></a>BMI088_read_single_reg</STRONG> (Thumb, 22 bytes, Stack size 8 bytes, bmi088driver.o(i.BMI088_read_single_reg))
<BR><BR>[Stack]<UL><LI>Max Depth = 136<LI>Call Chain = BMI088_read_single_reg &rArr; BMI088_read_write_byte &rArr; HAL_SPI_TransmitReceive &rArr; SPI_EndRxTxTransaction &rArr; SPI_WaitFlagStateUntilTimeout
</UL>
<BR>[Calls]<UL><LI><a href="#[b3]">&gt;&gt;</a>&nbsp;&nbsp;&nbsp;BMI088_read_write_byte
</UL>
<BR>[Called By]<UL><LI><a href="#[b7]">&gt;&gt;</a>&nbsp;&nbsp;&nbsp;bmi088_gyro_init
</UL>

<P><STRONG><a name="[bb]"></a>BMI088_write_single_reg</STRONG> (Thumb, 18 bytes, Stack size 8 bytes, bmi088driver.o(i.BMI088_write_single_reg))
<BR><BR>[Stack]<UL><LI>Max Depth = 136<LI>Call Chain = BMI088_write_single_reg &rArr; BMI088_read_write_byte &rArr; HAL_SPI_TransmitReceive &rArr; SPI_EndRxTxTransaction &rArr; SPI_WaitFlagStateUntilTimeout
</UL>
<BR>[Calls]<UL><LI><a href="#[b3]">&gt;&gt;</a>&nbsp;&nbsp;&nbsp;BMI088_read_write_byte
</UL>
<BR>[Called By]<UL><LI><a href="#[b7]">&gt;&gt;</a>&nbsp;&nbsp;&nbsp;bmi088_gyro_init
<LI><a href="#[b6]">&gt;&gt;</a>&nbsp;&nbsp;&nbsp;bmi088_accel_init
</UL>

<P><STRONG><a name="[b8]"></a>Calibrate_MPU_Offset</STRONG> (Thumb, 958 bytes, Stack size 88 bytes, bmi088driver.o(i.Calibrate_MPU_Offset))
<BR><BR>[Stack]<UL><LI>Max Depth = 232<LI>Call Chain = Calibrate_MPU_Offset &rArr; BMI088_read_muli_reg &rArr; BMI088_read_write_byte &rArr; HAL_SPI_TransmitReceive &rArr; SPI_EndRxTxTransaction &rArr; SPI_WaitFlagStateUntilTimeout
</UL>
<BR>[Calls]<UL><LI><a href="#[cd]">&gt;&gt;</a>&nbsp;&nbsp;&nbsp;HAL_Delay
<LI><a href="#[b3]">&gt;&gt;</a>&nbsp;&nbsp;&nbsp;BMI088_read_write_byte
<LI><a href="#[b1]">&gt;&gt;</a>&nbsp;&nbsp;&nbsp;BMI088_GYRO_NS_L
<LI><a href="#[b0]">&gt;&gt;</a>&nbsp;&nbsp;&nbsp;BMI088_GYRO_NS_H
<LI><a href="#[af]">&gt;&gt;</a>&nbsp;&nbsp;&nbsp;BMI088_ACCEL_NS_L
<LI><a href="#[ad]">&gt;&gt;</a>&nbsp;&nbsp;&nbsp;BMI088_ACCEL_NS_H
<LI><a href="#[b4]">&gt;&gt;</a>&nbsp;&nbsp;&nbsp;BMI088_read_muli_reg
<LI><a href="#[cc]">&gt;&gt;</a>&nbsp;&nbsp;&nbsp;HAL_GetTick
<LI><a href="#[a7]">&gt;&gt;</a>&nbsp;&nbsp;&nbsp;__hardfp_sqrtf
</UL>
<BR>[Called By]<UL><LI><a href="#[b5]">&gt;&gt;</a>&nbsp;&nbsp;&nbsp;BMI088_init
</UL>

<P><STRONG><a name="[226]"></a>prvAddCurrentTaskToDelayedList</STRONG> (Thumb, 102 bytes, Stack size 24 bytes, tasks.o(i.prvAddCurrentTaskToDelayedList))
<BR><BR>[Stack]<UL><LI>Max Depth = 36<LI>Call Chain = prvAddCurrentTaskToDelayedList &rArr; vListInsert
</UL>
<BR>[Calls]<UL><LI><a href="#[228]">&gt;&gt;</a>&nbsp;&nbsp;&nbsp;vListInsertEnd
<LI><a href="#[229]">&gt;&gt;</a>&nbsp;&nbsp;&nbsp;vListInsert
<LI><a href="#[227]">&gt;&gt;</a>&nbsp;&nbsp;&nbsp;uxListRemove
</UL>
<BR>[Called By]<UL><LI><a href="#[219]">&gt;&gt;</a>&nbsp;&nbsp;&nbsp;vTaskDelayUntil
<LI><a href="#[218]">&gt;&gt;</a>&nbsp;&nbsp;&nbsp;vTaskDelay
</UL>

<P><STRONG><a name="[22a]"></a>prvAddNewTaskToReadyList</STRONG> (Thumb, 194 bytes, Stack size 24 bytes, tasks.o(i.prvAddNewTaskToReadyList))
<BR><BR>[Stack]<UL><LI>Max Depth = 24<LI>Call Chain = prvAddNewTaskToReadyList
</UL>
<BR>[Calls]<UL><LI><a href="#[228]">&gt;&gt;</a>&nbsp;&nbsp;&nbsp;vListInsertEnd
<LI><a href="#[22d]">&gt;&gt;</a>&nbsp;&nbsp;&nbsp;vPortExitCritical
<LI><a href="#[22b]">&gt;&gt;</a>&nbsp;&nbsp;&nbsp;vPortEnterCritical
<LI><a href="#[22c]">&gt;&gt;</a>&nbsp;&nbsp;&nbsp;vListInitialise
</UL>
<BR>[Called By]<UL><LI><a href="#[21f]">&gt;&gt;</a>&nbsp;&nbsp;&nbsp;xTaskCreateStatic
<LI><a href="#[220]">&gt;&gt;</a>&nbsp;&nbsp;&nbsp;xTaskCreate
</UL>

<P><STRONG><a name="[22e]"></a>prvDeleteTCB</STRONG> (Thumb, 52 bytes, Stack size 8 bytes, tasks.o(i.prvDeleteTCB))
<BR><BR>[Stack]<UL><LI>Max Depth = 80<LI>Call Chain = prvDeleteTCB &rArr; vPortFree &rArr; xTaskResumeAll &rArr; xTaskIncrementTick
</UL>
<BR>[Calls]<UL><LI><a href="#[22f]">&gt;&gt;</a>&nbsp;&nbsp;&nbsp;vPortFree
</UL>
<BR>[Called By]<UL><LI><a href="#[225]">&gt;&gt;</a>&nbsp;&nbsp;&nbsp;vTaskDelete
<LI><a href="#[88]">&gt;&gt;</a>&nbsp;&nbsp;&nbsp;prvIdleTask
</UL>

<P><STRONG><a name="[88]"></a>prvIdleTask</STRONG> (Thumb, 82 bytes, Stack size 0 bytes, tasks.o(i.prvIdleTask))
<BR><BR>[Stack]<UL><LI>Max Depth = 80<LI>Call Chain = prvIdleTask &rArr; prvDeleteTCB &rArr; vPortFree &rArr; xTaskResumeAll &rArr; xTaskIncrementTick
</UL>
<BR>[Calls]<UL><LI><a href="#[22e]">&gt;&gt;</a>&nbsp;&nbsp;&nbsp;prvDeleteTCB
<LI><a href="#[227]">&gt;&gt;</a>&nbsp;&nbsp;&nbsp;uxListRemove
<LI><a href="#[22d]">&gt;&gt;</a>&nbsp;&nbsp;&nbsp;vPortExitCritical
<LI><a href="#[22b]">&gt;&gt;</a>&nbsp;&nbsp;&nbsp;vPortEnterCritical
</UL>
<BR>[Address Reference Count : 1]<UL><LI> tasks.o(i.vTaskStartScheduler)
</UL>
<P><STRONG><a name="[230]"></a>prvInitialiseNewTask</STRONG> (Thumb, 152 bytes, Stack size 32 bytes, tasks.o(i.prvInitialiseNewTask))
<BR><BR>[Stack]<UL><LI>Max Depth = 40<LI>Call Chain = prvInitialiseNewTask &rArr; pxPortInitialiseStack
</UL>
<BR>[Calls]<UL><LI><a href="#[232]">&gt;&gt;</a>&nbsp;&nbsp;&nbsp;pxPortInitialiseStack
<LI><a href="#[231]">&gt;&gt;</a>&nbsp;&nbsp;&nbsp;vListInitialiseItem
</UL>
<BR>[Called By]<UL><LI><a href="#[21f]">&gt;&gt;</a>&nbsp;&nbsp;&nbsp;xTaskCreateStatic
<LI><a href="#[220]">&gt;&gt;</a>&nbsp;&nbsp;&nbsp;xTaskCreate
</UL>

<P><STRONG><a name="[239]"></a>prvResetNextTaskUnblockTime</STRONG> (Thumb, 26 bytes, Stack size 0 bytes, tasks.o(i.prvResetNextTaskUnblockTime))
<BR><BR>[Called By]<UL><LI><a href="#[1cf]">&gt;&gt;</a>&nbsp;&nbsp;&nbsp;xTaskIncrementTick
<LI><a href="#[224]">&gt;&gt;</a>&nbsp;&nbsp;&nbsp;vTaskSuspend
<LI><a href="#[225]">&gt;&gt;</a>&nbsp;&nbsp;&nbsp;vTaskDelete
<LI><a href="#[236]">&gt;&gt;</a>&nbsp;&nbsp;&nbsp;xTaskResumeAll
</UL>

<P><STRONG><a name="[23a]"></a>prvTaskIsTaskSuspended</STRONG> (Thumb, 48 bytes, Stack size 0 bytes, tasks.o(i.prvTaskIsTaskSuspended))
<BR><BR>[Called By]<UL><LI><a href="#[222]">&gt;&gt;</a>&nbsp;&nbsp;&nbsp;xTaskResumeFromISR
<LI><a href="#[223]">&gt;&gt;</a>&nbsp;&nbsp;&nbsp;vTaskResume
</UL>

<P><STRONG><a name="[21b]"></a>inHandlerMode</STRONG> (Thumb, 12 bytes, Stack size 0 bytes, cmsis_os.o(i.inHandlerMode))
<BR><BR>[Called By]<UL><LI><a href="#[1c3]">&gt;&gt;</a>&nbsp;&nbsp;&nbsp;osThreadResume
<LI><a href="#[bc]">&gt;&gt;</a>&nbsp;&nbsp;&nbsp;osKernelSysTick
</UL>

<P><STRONG><a name="[21e]"></a>makeFreeRtosPriority</STRONG> (Thumb, 12 bytes, Stack size 0 bytes, cmsis_os.o(i.makeFreeRtosPriority))
<BR><BR>[Called By]<UL><LI><a href="#[dd]">&gt;&gt;</a>&nbsp;&nbsp;&nbsp;osThreadCreate
</UL>

<P><STRONG><a name="[234]"></a>prvHeapInit</STRONG> (Thumb, 66 bytes, Stack size 0 bytes, heap_4.o(i.prvHeapInit))
<BR><BR>[Called By]<UL><LI><a href="#[eb]">&gt;&gt;</a>&nbsp;&nbsp;&nbsp;pvPortMalloc
</UL>

<P><STRONG><a name="[235]"></a>prvInsertBlockIntoFreeList</STRONG> (Thumb, 72 bytes, Stack size 12 bytes, heap_4.o(i.prvInsertBlockIntoFreeList))
<BR><BR>[Stack]<UL><LI>Max Depth = 12<LI>Call Chain = prvInsertBlockIntoFreeList
</UL>
<BR>[Called By]<UL><LI><a href="#[22f]">&gt;&gt;</a>&nbsp;&nbsp;&nbsp;vPortFree
<LI><a href="#[eb]">&gt;&gt;</a>&nbsp;&nbsp;&nbsp;pvPortMalloc
</UL>

<P><STRONG><a name="[87]"></a>prvTaskExitError</STRONG> (Thumb, 36 bytes, Stack size 0 bytes, port.o(i.prvTaskExitError))
<BR>[Address Reference Count : 1]<UL><LI> port.o(i.pxPortInitialiseStack)
</UL>
<P><STRONG><a name="[1f5]"></a>SWAPBYTE</STRONG> (Thumb, 10 bytes, Stack size 0 bytes, usbd_ctlreq.o(i.SWAPBYTE))
<BR><BR>[Called By]<UL><LI><a href="#[1f0]">&gt;&gt;</a>&nbsp;&nbsp;&nbsp;USBD_ParseSetupRequest
</UL>

<P><STRONG><a name="[1e7]"></a>USBD_GetDescriptor</STRONG> (Thumb, 230 bytes, Stack size 24 bytes, usbd_ctlreq.o(i.USBD_GetDescriptor))
<BR><BR>[Stack]<UL><LI>Max Depth = 80<LI>Call Chain = USBD_GetDescriptor &rArr; USBD_CtlSendData &rArr; USBD_LL_Transmit &rArr; HAL_PCD_EP_Transmit &rArr; USB_EPStartXfer &rArr; USB_WritePacket
</UL>
<BR>[Calls]<UL><LI><a href="#[1de]">&gt;&gt;</a>&nbsp;&nbsp;&nbsp;USBD_CtlSendData
<LI><a href="#[1df]">&gt;&gt;</a>&nbsp;&nbsp;&nbsp;USBD_CtlError
<LI><a href="#[1e4]">&gt;&gt;</a>&nbsp;&nbsp;&nbsp;USBD_CtlSendStatus
</UL>
<BR>[Called By]<UL><LI><a href="#[1f1]">&gt;&gt;</a>&nbsp;&nbsp;&nbsp;USBD_StdDevReq
</UL>

<P><STRONG><a name="[1f6]"></a>USBD_SetConfig</STRONG> (Thumb, 180 bytes, Stack size 24 bytes, usbd_ctlreq.o(i.USBD_SetConfig))
<BR><BR>[Stack]<UL><LI>Max Depth = 80<LI>Call Chain = USBD_SetConfig &rArr; USBD_CtlSendStatus &rArr; USBD_LL_Transmit &rArr; HAL_PCD_EP_Transmit &rArr; USB_EPStartXfer &rArr; USB_WritePacket
</UL>
<BR>[Calls]<UL><LI><a href="#[1df]">&gt;&gt;</a>&nbsp;&nbsp;&nbsp;USBD_CtlError
<LI><a href="#[1e4]">&gt;&gt;</a>&nbsp;&nbsp;&nbsp;USBD_CtlSendStatus
<LI><a href="#[1f8]">&gt;&gt;</a>&nbsp;&nbsp;&nbsp;USBD_SetClassConfig
<LI><a href="#[1f7]">&gt;&gt;</a>&nbsp;&nbsp;&nbsp;USBD_ClrClassConfig
</UL>
<BR>[Called By]<UL><LI><a href="#[1f1]">&gt;&gt;</a>&nbsp;&nbsp;&nbsp;USBD_StdDevReq
</UL>

<P><STRONG><a name="[10]"></a>USBD_CDC_DataIn</STRONG> (Thumb, 118 bytes, Stack size 24 bytes, usbd_cdc.o(i.USBD_CDC_DataIn))
<BR><BR>[Stack]<UL><LI>Max Depth = 72<LI>Call Chain = USBD_CDC_DataIn &rArr; USBD_LL_Transmit &rArr; HAL_PCD_EP_Transmit &rArr; USB_EPStartXfer &rArr; USB_WritePacket
</UL>
<BR>[Calls]<UL><LI><a href="#[1d5]">&gt;&gt;</a>&nbsp;&nbsp;&nbsp;USBD_LL_Transmit
</UL>
<BR>[Address Reference Count : 1]<UL><LI> usbd_cdc.o(.data)
</UL>
<P><STRONG><a name="[11]"></a>USBD_CDC_DataOut</STRONG> (Thumb, 60 bytes, Stack size 16 bytes, usbd_cdc.o(i.USBD_CDC_DataOut))
<BR><BR>[Stack]<UL><LI>Max Depth = 16<LI>Call Chain = USBD_CDC_DataOut
</UL>
<BR>[Calls]<UL><LI><a href="#[1d6]">&gt;&gt;</a>&nbsp;&nbsp;&nbsp;USBD_LL_GetRxDataSize
</UL>
<BR>[Address Reference Count : 1]<UL><LI> usbd_cdc.o(.data)
</UL>
<P><STRONG><a name="[d]"></a>USBD_CDC_DeInit</STRONG> (Thumb, 140 bytes, Stack size 16 bytes, usbd_cdc.o(i.USBD_CDC_DeInit))
<BR><BR>[Stack]<UL><LI>Max Depth = 52<LI>Call Chain = USBD_CDC_DeInit &rArr; USBD_LL_CloseEP &rArr; HAL_PCD_EP_Close &rArr; USB_DeactivateEndpoint
</UL>
<BR>[Calls]<UL><LI><a href="#[1d8]">&gt;&gt;</a>&nbsp;&nbsp;&nbsp;USBD_static_free
<LI><a href="#[1d7]">&gt;&gt;</a>&nbsp;&nbsp;&nbsp;USBD_LL_CloseEP
</UL>
<BR>[Address Reference Count : 1]<UL><LI> usbd_cdc.o(.data)
</UL>
<P><STRONG><a name="[f]"></a>USBD_CDC_EP0_RxReady</STRONG> (Thumb, 54 bytes, Stack size 8 bytes, usbd_cdc.o(i.USBD_CDC_EP0_RxReady))
<BR><BR>[Stack]<UL><LI>Max Depth = 8<LI>Call Chain = USBD_CDC_EP0_RxReady
</UL>
<BR>[Address Reference Count : 1]<UL><LI> usbd_cdc.o(.data)
</UL>
<P><STRONG><a name="[13]"></a>USBD_CDC_GetFSCfgDesc</STRONG> (Thumb, 56 bytes, Stack size 16 bytes, usbd_cdc.o(i.USBD_CDC_GetFSCfgDesc))
<BR><BR>[Stack]<UL><LI>Max Depth = 36<LI>Call Chain = USBD_CDC_GetFSCfgDesc &rArr; USBD_GetEpDesc
</UL>
<BR>[Calls]<UL><LI><a href="#[1d9]">&gt;&gt;</a>&nbsp;&nbsp;&nbsp;USBD_GetEpDesc
</UL>
<BR>[Address Reference Count : 1]<UL><LI> usbd_cdc.o(.data)
</UL>
<P><STRONG><a name="[12]"></a>USBD_CDC_GetHSCfgDesc</STRONG> (Thumb, 58 bytes, Stack size 16 bytes, usbd_cdc.o(i.USBD_CDC_GetHSCfgDesc))
<BR><BR>[Stack]<UL><LI>Max Depth = 36<LI>Call Chain = USBD_CDC_GetHSCfgDesc &rArr; USBD_GetEpDesc
</UL>
<BR>[Calls]<UL><LI><a href="#[1d9]">&gt;&gt;</a>&nbsp;&nbsp;&nbsp;USBD_GetEpDesc
</UL>
<BR>[Address Reference Count : 1]<UL><LI> usbd_cdc.o(.data)
</UL>
<P><STRONG><a name="[14]"></a>USBD_CDC_GetOtherSpeedCfgDesc</STRONG> (Thumb, 56 bytes, Stack size 16 bytes, usbd_cdc.o(i.USBD_CDC_GetOtherSpeedCfgDesc))
<BR><BR>[Stack]<UL><LI>Max Depth = 36<LI>Call Chain = USBD_CDC_GetOtherSpeedCfgDesc &rArr; USBD_GetEpDesc
</UL>
<BR>[Calls]<UL><LI><a href="#[1d9]">&gt;&gt;</a>&nbsp;&nbsp;&nbsp;USBD_GetEpDesc
</UL>
<BR>[Address Reference Count : 1]<UL><LI> usbd_cdc.o(.data)
</UL>
<P><STRONG><a name="[c]"></a>USBD_CDC_Init</STRONG> (Thumb, 276 bytes, Stack size 32 bytes, usbd_cdc.o(i.USBD_CDC_Init))
<BR><BR>[Stack]<UL><LI>Max Depth = 80<LI>Call Chain = USBD_CDC_Init &rArr; USBD_LL_PrepareReceive &rArr; HAL_PCD_EP_Receive &rArr; USB_EPStartXfer &rArr; USB_WritePacket
</UL>
<BR>[Calls]<UL><LI><a href="#[1da]">&gt;&gt;</a>&nbsp;&nbsp;&nbsp;USBD_static_malloc
<LI><a href="#[1dc]">&gt;&gt;</a>&nbsp;&nbsp;&nbsp;USBD_LL_PrepareReceive
<LI><a href="#[1db]">&gt;&gt;</a>&nbsp;&nbsp;&nbsp;USBD_LL_OpenEP
<LI><a href="#[a9]">&gt;&gt;</a>&nbsp;&nbsp;&nbsp;__aeabi_memclr4
</UL>
<BR>[Address Reference Count : 1]<UL><LI> usbd_cdc.o(.data)
</UL>
<P><STRONG><a name="[e]"></a>USBD_CDC_Setup</STRONG> (Thumb, 212 bytes, Stack size 32 bytes, usbd_cdc.o(i.USBD_CDC_Setup))
<BR><BR>[Stack]<UL><LI>Max Depth = 88<LI>Call Chain = USBD_CDC_Setup &rArr; USBD_CtlPrepareRx &rArr; USBD_LL_PrepareReceive &rArr; HAL_PCD_EP_Receive &rArr; USB_EPStartXfer &rArr; USB_WritePacket
</UL>
<BR>[Calls]<UL><LI><a href="#[1dd]">&gt;&gt;</a>&nbsp;&nbsp;&nbsp;USBD_CtlPrepareRx
<LI><a href="#[1de]">&gt;&gt;</a>&nbsp;&nbsp;&nbsp;USBD_CtlSendData
<LI><a href="#[1df]">&gt;&gt;</a>&nbsp;&nbsp;&nbsp;USBD_CtlError
</UL>
<BR>[Address Reference Count : 1]<UL><LI> usbd_cdc.o(.data)
</UL>
<P><STRONG><a name="[193]"></a>H_K_R_Adjustment</STRONG> (Thumb, 248 bytes, Stack size 16 bytes, kalmanfilterinertial.o(i.H_K_R_Adjustment))
<BR><BR>[Stack]<UL><LI>Max Depth = 16<LI>Call Chain = H_K_R_Adjustment
</UL>
<BR>[Calls]<UL><LI><a href="#[a9]">&gt;&gt;</a>&nbsp;&nbsp;&nbsp;__aeabi_memclr4
<LI><a href="#[dc]">&gt;&gt;</a>&nbsp;&nbsp;&nbsp;__aeabi_memcpy4
</UL>
<BR>[Called By]<UL><LI><a href="#[1a7]">&gt;&gt;</a>&nbsp;&nbsp;&nbsp;Kalman_Filter_Inertial_Measure
</UL>

<P><STRONG><a name="[7a]"></a>IMU_QuaternionEKF_F_Linearization_P_Fading</STRONG> (Thumb, 332 bytes, Stack size 24 bytes, quaternionekf.o(i.IMU_QuaternionEKF_F_Linearization_P_Fading))
<BR><BR>[Stack]<UL><LI>Max Depth = 24<LI>Call Chain = IMU_QuaternionEKF_F_Linearization_P_Fading
</UL>
<BR>[Calls]<UL><LI><a href="#[194]">&gt;&gt;</a>&nbsp;&nbsp;&nbsp;invSqrt
</UL>
<BR>[Address Reference Count : 1]<UL><LI> quaternionekf.o(i.IMU_QuaternionEKF_Init)
</UL>
<P><STRONG><a name="[79]"></a>IMU_QuaternionEKF_Observe</STRONG> (Thumb, 42 bytes, Stack size 8 bytes, quaternionekf.o(i.IMU_QuaternionEKF_Observe))
<BR><BR>[Stack]<UL><LI>Max Depth = 8<LI>Call Chain = IMU_QuaternionEKF_Observe
</UL>
<BR>[Calls]<UL><LI><a href="#[dc]">&gt;&gt;</a>&nbsp;&nbsp;&nbsp;__aeabi_memcpy4
</UL>
<BR>[Address Reference Count : 1]<UL><LI> quaternionekf.o(i.IMU_QuaternionEKF_Init)
</UL>
<P><STRONG><a name="[7b]"></a>IMU_QuaternionEKF_SetH</STRONG> (Thumb, 188 bytes, Stack size 16 bytes, quaternionekf.o(i.IMU_QuaternionEKF_SetH))
<BR><BR>[Stack]<UL><LI>Max Depth = 16<LI>Call Chain = IMU_QuaternionEKF_SetH
</UL>
<BR>[Calls]<UL><LI><a href="#[a9]">&gt;&gt;</a>&nbsp;&nbsp;&nbsp;__aeabi_memclr4
</UL>
<BR>[Address Reference Count : 1]<UL><LI> quaternionekf.o(i.IMU_QuaternionEKF_Init)
</UL>
<P><STRONG><a name="[7c]"></a>IMU_QuaternionEKF_xhatUpdate</STRONG> (Thumb, 912 bytes, Stack size 40 bytes, quaternionekf.o(i.IMU_QuaternionEKF_xhatUpdate))
<BR><BR>[Stack]<UL><LI>Max Depth = 120<LI>Call Chain = IMU_QuaternionEKF_xhatUpdate &rArr; arm_mat_inverse_f32
</UL>
<BR>[Calls]<UL><LI><a href="#[ed]">&gt;&gt;</a>&nbsp;&nbsp;&nbsp;arm_mat_trans_f32
<LI><a href="#[f0]">&gt;&gt;</a>&nbsp;&nbsp;&nbsp;arm_mat_sub_f32
<LI><a href="#[ee]">&gt;&gt;</a>&nbsp;&nbsp;&nbsp;arm_mat_mult_f32
<LI><a href="#[a8]">&gt;&gt;</a>&nbsp;&nbsp;&nbsp;arm_mat_inverse_f32
<LI><a href="#[ef]">&gt;&gt;</a>&nbsp;&nbsp;&nbsp;arm_mat_add_f32
<LI><a href="#[dc]">&gt;&gt;</a>&nbsp;&nbsp;&nbsp;__aeabi_memcpy4
<LI><a href="#[19b]">&gt;&gt;</a>&nbsp;&nbsp;&nbsp;__hardfp_acosf
</UL>
<BR>[Address Reference Count : 1]<UL><LI> quaternionekf.o(i.IMU_QuaternionEKF_Init)
</UL>
<P><STRONG><a name="[194]"></a>invSqrt</STRONG> (Thumb, 40 bytes, Stack size 0 bytes, quaternionekf.o(i.invSqrt))
<BR><BR>[Called By]<UL><LI><a href="#[197]">&gt;&gt;</a>&nbsp;&nbsp;&nbsp;IMU_QuaternionEKF_Update
<LI><a href="#[7a]">&gt;&gt;</a>&nbsp;&nbsp;&nbsp;IMU_QuaternionEKF_F_Linearization_P_Fading
</UL>

<P><STRONG><a name="[81]"></a>arm_rfft_1024_fast_init_f32</STRONG> (Thumb, 38 bytes, Stack size 8 bytes, arm_rfft_fast_init_f32.o(i.arm_rfft_1024_fast_init_f32))
<BR><BR>[Stack]<UL><LI>Max Depth = 8<LI>Call Chain = arm_rfft_1024_fast_init_f32
</UL>
<BR>[Calls]<UL><LI><a href="#[214]">&gt;&gt;</a>&nbsp;&nbsp;&nbsp;arm_cfft_init_f32
</UL>
<BR>[Address Reference Count : 1]<UL><LI> arm_rfft_fast_init_f32.o(i.arm_rfft_fast_init_f32)
</UL>
<P><STRONG><a name="[84]"></a>arm_rfft_128_fast_init_f32</STRONG> (Thumb, 34 bytes, Stack size 8 bytes, arm_rfft_fast_init_f32.o(i.arm_rfft_128_fast_init_f32))
<BR><BR>[Stack]<UL><LI>Max Depth = 8<LI>Call Chain = arm_rfft_128_fast_init_f32
</UL>
<BR>[Calls]<UL><LI><a href="#[214]">&gt;&gt;</a>&nbsp;&nbsp;&nbsp;arm_cfft_init_f32
</UL>
<BR>[Address Reference Count : 1]<UL><LI> arm_rfft_fast_init_f32.o(i.arm_rfft_fast_init_f32)
</UL>
<P><STRONG><a name="[80]"></a>arm_rfft_2048_fast_init_f32</STRONG> (Thumb, 38 bytes, Stack size 8 bytes, arm_rfft_fast_init_f32.o(i.arm_rfft_2048_fast_init_f32))
<BR><BR>[Stack]<UL><LI>Max Depth = 8<LI>Call Chain = arm_rfft_2048_fast_init_f32
</UL>
<BR>[Calls]<UL><LI><a href="#[214]">&gt;&gt;</a>&nbsp;&nbsp;&nbsp;arm_cfft_init_f32
</UL>
<BR>[Address Reference Count : 1]<UL><LI> arm_rfft_fast_init_f32.o(i.arm_rfft_fast_init_f32)
</UL>
<P><STRONG><a name="[83]"></a>arm_rfft_256_fast_init_f32</STRONG> (Thumb, 36 bytes, Stack size 8 bytes, arm_rfft_fast_init_f32.o(i.arm_rfft_256_fast_init_f32))
<BR><BR>[Stack]<UL><LI>Max Depth = 8<LI>Call Chain = arm_rfft_256_fast_init_f32
</UL>
<BR>[Calls]<UL><LI><a href="#[214]">&gt;&gt;</a>&nbsp;&nbsp;&nbsp;arm_cfft_init_f32
</UL>
<BR>[Address Reference Count : 1]<UL><LI> arm_rfft_fast_init_f32.o(i.arm_rfft_fast_init_f32)
</UL>
<P><STRONG><a name="[86]"></a>arm_rfft_32_fast_init_f32</STRONG> (Thumb, 34 bytes, Stack size 8 bytes, arm_rfft_fast_init_f32.o(i.arm_rfft_32_fast_init_f32))
<BR><BR>[Stack]<UL><LI>Max Depth = 8<LI>Call Chain = arm_rfft_32_fast_init_f32
</UL>
<BR>[Calls]<UL><LI><a href="#[214]">&gt;&gt;</a>&nbsp;&nbsp;&nbsp;arm_cfft_init_f32
</UL>
<BR>[Address Reference Count : 1]<UL><LI> arm_rfft_fast_init_f32.o(i.arm_rfft_fast_init_f32)
</UL>
<P><STRONG><a name="[7f]"></a>arm_rfft_4096_fast_init_f32</STRONG> (Thumb, 38 bytes, Stack size 8 bytes, arm_rfft_fast_init_f32.o(i.arm_rfft_4096_fast_init_f32))
<BR><BR>[Stack]<UL><LI>Max Depth = 8<LI>Call Chain = arm_rfft_4096_fast_init_f32
</UL>
<BR>[Calls]<UL><LI><a href="#[214]">&gt;&gt;</a>&nbsp;&nbsp;&nbsp;arm_cfft_init_f32
</UL>
<BR>[Address Reference Count : 1]<UL><LI> arm_rfft_fast_init_f32.o(i.arm_rfft_fast_init_f32)
</UL>
<P><STRONG><a name="[82]"></a>arm_rfft_512_fast_init_f32</STRONG> (Thumb, 38 bytes, Stack size 8 bytes, arm_rfft_fast_init_f32.o(i.arm_rfft_512_fast_init_f32))
<BR><BR>[Stack]<UL><LI>Max Depth = 8<LI>Call Chain = arm_rfft_512_fast_init_f32
</UL>
<BR>[Calls]<UL><LI><a href="#[214]">&gt;&gt;</a>&nbsp;&nbsp;&nbsp;arm_cfft_init_f32
</UL>
<BR>[Address Reference Count : 1]<UL><LI> arm_rfft_fast_init_f32.o(i.arm_rfft_fast_init_f32)
</UL>
<P><STRONG><a name="[85]"></a>arm_rfft_64_fast_init_f32</STRONG> (Thumb, 34 bytes, Stack size 8 bytes, arm_rfft_fast_init_f32.o(i.arm_rfft_64_fast_init_f32))
<BR><BR>[Stack]<UL><LI>Max Depth = 8<LI>Call Chain = arm_rfft_64_fast_init_f32
</UL>
<BR>[Calls]<UL><LI><a href="#[214]">&gt;&gt;</a>&nbsp;&nbsp;&nbsp;arm_cfft_init_f32
</UL>
<BR>[Address Reference Count : 1]<UL><LI> arm_rfft_fast_init_f32.o(i.arm_rfft_fast_init_f32)
</UL><P>
<H3>
Undefined Global Symbols
</H3><HR></body></html>
