Component: ARM Compiler 5.06 update 6 (build 750) Tool: armlink [4d35ed]

==============================================================================

Section Cross References

    startup_stm32f407xx.o(RESET) refers to startup_stm32f407xx.o(STACK) for __initial_sp
    startup_stm32f407xx.o(RESET) refers to startup_stm32f407xx.o(.text) for Reset_Handler
    startup_stm32f407xx.o(RESET) refers to stm32f4xx_it.o(i.NMI_Handler) for NMI_Handler
    startup_stm32f407xx.o(RESET) refers to stm32f4xx_it.o(i.HardFault_Handler) for HardFault_Handler
    startup_stm32f407xx.o(RESET) refers to stm32f4xx_it.o(i.MemManage_Handler) for MemManage_Handler
    startup_stm32f407xx.o(RESET) refers to stm32f4xx_it.o(i.BusFault_Handler) for BusFault_Handler
    startup_stm32f407xx.o(RESET) refers to stm32f4xx_it.o(i.UsageFault_Handler) for UsageFault_Handler
    startup_stm32f407xx.o(RESET) refers to port.o(.emb_text) for SVC_Handler
    startup_stm32f407xx.o(RESET) refers to stm32f4xx_it.o(i.DebugMon_Handler) for DebugMon_Handler
    startup_stm32f407xx.o(RESET) refers to port.o(i.SysTick_Handler) for SysTick_Handler
    startup_stm32f407xx.o(RESET) refers to stm32f4xx_it.o(i.EXTI4_IRQHandler) for EXTI4_IRQHandler
    startup_stm32f407xx.o(RESET) refers to stm32f4xx_it.o(i.DMA1_Stream1_IRQHandler) for DMA1_Stream1_IRQHandler
    startup_stm32f407xx.o(RESET) refers to stm32f4xx_it.o(i.CAN1_RX0_IRQHandler) for CAN1_RX0_IRQHandler
    startup_stm32f407xx.o(RESET) refers to stm32f4xx_it.o(i.EXTI9_5_IRQHandler) for EXTI9_5_IRQHandler
    startup_stm32f407xx.o(RESET) refers to stm32f4xx_it.o(i.SPI1_IRQHandler) for SPI1_IRQHandler
    startup_stm32f407xx.o(RESET) refers to stm32f4xx_it.o(i.USART1_IRQHandler) for USART1_IRQHandler
    startup_stm32f407xx.o(RESET) refers to stm32f4xx_it.o(i.TIM6_DAC_IRQHandler) for TIM6_DAC_IRQHandler
    startup_stm32f407xx.o(RESET) refers to stm32f4xx_it.o(i.DMA2_Stream0_IRQHandler) for DMA2_Stream0_IRQHandler
    startup_stm32f407xx.o(RESET) refers to stm32f4xx_it.o(i.DMA2_Stream1_IRQHandler) for DMA2_Stream1_IRQHandler
    startup_stm32f407xx.o(RESET) refers to stm32f4xx_it.o(i.DMA2_Stream2_IRQHandler) for DMA2_Stream2_IRQHandler
    startup_stm32f407xx.o(RESET) refers to stm32f4xx_it.o(i.DMA2_Stream3_IRQHandler) for DMA2_Stream3_IRQHandler
    startup_stm32f407xx.o(RESET) refers to stm32f4xx_it.o(i.CAN2_TX_IRQHandler) for CAN2_TX_IRQHandler
    startup_stm32f407xx.o(RESET) refers to stm32f4xx_it.o(i.CAN2_RX1_IRQHandler) for CAN2_RX1_IRQHandler
    startup_stm32f407xx.o(RESET) refers to stm32f4xx_it.o(i.OTG_FS_IRQHandler) for OTG_FS_IRQHandler
    startup_stm32f407xx.o(RESET) refers to stm32f4xx_it.o(i.DMA2_Stream6_IRQHandler) for DMA2_Stream6_IRQHandler
    startup_stm32f407xx.o(RESET) refers to stm32f4xx_it.o(i.USART6_IRQHandler) for USART6_IRQHandler
    startup_stm32f407xx.o(.text) refers to system_stm32f4xx.o(i.SystemInit) for SystemInit
    startup_stm32f407xx.o(.text) refers to entry.o(.ARM.Collect$$$$00000000) for __main
    main.o(i.HAL_TIM_PeriodElapsedCallback) refers to stm32f4xx_hal.o(i.HAL_IncTick) for HAL_IncTick
    main.o(i.SystemClock_Config) refers to memseta.o(.text) for __aeabi_memclr4
    main.o(i.SystemClock_Config) refers to stm32f4xx_hal_rcc.o(i.HAL_RCC_OscConfig) for HAL_RCC_OscConfig
    main.o(i.SystemClock_Config) refers to stm32f4xx_hal_rcc.o(i.HAL_RCC_ClockConfig) for HAL_RCC_ClockConfig
    main.o(i.main) refers to stm32f4xx_hal.o(i.HAL_Init) for HAL_Init
    main.o(i.main) refers to main.o(i.SystemClock_Config) for SystemClock_Config
    main.o(i.main) refers to gpio.o(i.MX_GPIO_Init) for MX_GPIO_Init
    main.o(i.main) refers to dma.o(i.MX_DMA_Init) for MX_DMA_Init
    main.o(i.main) refers to can.o(i.MX_CAN1_Init) for MX_CAN1_Init
    main.o(i.main) refers to can.o(i.MX_CAN2_Init) for MX_CAN2_Init
    main.o(i.main) refers to spi.o(i.MX_SPI1_Init) for MX_SPI1_Init
    main.o(i.main) refers to usart.o(i.MX_USART1_UART_Init) for MX_USART1_UART_Init
    main.o(i.main) refers to usart.o(i.MX_USART6_UART_Init) for MX_USART6_UART_Init
    main.o(i.main) refers to tim.o(i.MX_TIM4_Init) for MX_TIM4_Init
    main.o(i.main) refers to tim.o(i.MX_TIM8_Init) for MX_TIM8_Init
    main.o(i.main) refers to tim.o(i.MX_TIM10_Init) for MX_TIM10_Init
    main.o(i.main) refers to usart.o(i.MX_USART3_UART_Init) for MX_USART3_UART_Init
    main.o(i.main) refers to tim.o(i.MX_TIM7_Init) for MX_TIM7_Init
    main.o(i.main) refers to stm32f4xx_hal.o(i.HAL_Delay) for HAL_Delay
    main.o(i.main) refers to can.o(i.CAN1_UniversalInit) for CAN1_UniversalInit
    main.o(i.main) refers to can.o(i.CAN2_UniversalInit) for CAN2_UniversalInit
    main.o(i.main) refers to freertos.o(i.MX_FREERTOS_Init) for MX_FREERTOS_Init
    main.o(i.main) refers to cmsis_os.o(i.osKernelStart) for osKernelStart
    gpio.o(i.MX_GPIO_Init) refers to memseta.o(.text) for __aeabi_memclr4
    gpio.o(i.MX_GPIO_Init) refers to stm32f4xx_hal_gpio.o(i.HAL_GPIO_WritePin) for HAL_GPIO_WritePin
[...]
    IdleCounter                              0x20000028   Data           4  daemontask.o(.data)
    Daemon                                   0x2000002c   Data           8  daemontask.o(.data)
    tempf                                    0x20000038   Data           4  visiontask.o(.data)
    VisionDaemonHandle                       0x2000003c   Data           4  visiontask.o(.data)
    ICR_R                                    0x20000040   Data           4  visiontask.o(.data)
    FS_Desc                                  0x20000044   Data          28  usbd_desc.o(.data)
    USBD_LangIDDesc                          0x20000060   Data           4  usbd_desc.o(.data)
    USBD_FS_DeviceDesc                       0x20000064   Data          18  usbd_desc.o(.data)
    USBD_StringSerial                        0x20000078   Data          26  usbd_desc.o(.data)
    USBD_Interface_fops_FS                   0x20000094   Data          20  usbd_cdc_if.o(.data)
    uwTickFreq                               0x200000a8   Data           1  stm32f4xx_hal.o(.data)
    uwTickPrio                               0x200000ac   Data           4  stm32f4xx_hal.o(.data)
    uwTick                                   0x200000b0   Data           4  stm32f4xx_hal.o(.data)
    SystemCoreClock                          0x200000b4   Data           4  system_stm32f4xx.o(.data)
    tempColor                                0x200000b8   Data           4  nuc.o(.data)
    NucTxBuf                                 0x200000bc   Data           8  nuc.o(.data)
    caliOffset                               0x200000c7   Data           1  bmi088driver.o(.data)
    caliCount                                0x200000c8   Data           2  bmi088driver.o(.data)
    BMI088_ACCEL_SEN                         0x200000d0   Data           4  bmi088driver.o(.data)
    BMI088_GYRO_SEN                          0x200000d4   Data           4  bmi088driver.o(.data)
    gNormDiff                                0x200000dc   Data           4  bmi088driver.o(.data)
    BMI088_SPI                               0x2000010c   Data           4  bmi088middleware.o(.data)
    pxCurrentTCB                             0x20000110   Data           4  tasks.o(.data)
    USBD_CDC                                 0x200001d0   Data          56  usbd_cdc.o(.data)
    sizeof_float                             0x20000208   Data           2  kalmanfilterinertial.o(.data)
    sizeof_double                            0x2000020a   Data           2  kalmanfilterinertial.o(.data)
    IMU_QuaternionEKF_P                      0x20000250   Data         144  quaternionekf.o(.data)
    DaemonBuffer                             0x200002e4   Data         512  freertos.o(.bss)
    DaemonControlBlock                       0x200004e4   Data          84  freertos.o(.bss)
    GimbalBuffer                             0x20000538   Data         512  freertos.o(.bss)
    GimbalControlBlock                       0x20000738   Data          84  freertos.o(.bss)
    ShootingBuffer                           0x2000078c   Data         512  freertos.o(.bss)
    ShootingControlBlock                     0x2000098c   Data          84  freertos.o(.bss)
    VisionBuffer                             0x200009e0   Data        4096  freertos.o(.bss)
    VisionControlBlock                       0x200019e0   Data          84  freertos.o(.bss)
    InertialBuffer                           0x20001a34   Data        4096  freertos.o(.bss)
    InertialControlBlock                     0x20002a34   Data          84  freertos.o(.bss)
    DebugTaskBuffer                          0x20002a88   Data         512  freertos.o(.bss)
    DebugTaskControlBlock                    0x20002c88   Data          84  freertos.o(.bss)
    ControllerBuffer                         0x20002cdc   Data         512  freertos.o(.bss)
    ControllerControlBlock                   0x20002edc   Data          84  freertos.o(.bss)
    BoardCommBuffer                          0x20002f30   Data         512  freertos.o(.bss)
    BoardCommControlBlock                    0x20003130   Data          84  freertos.o(.bss)
    INSBuffer                                0x20003184   Data        1024  freertos.o(.bss)
    INSControlBlock                          0x20003584   Data          84  freertos.o(.bss)
    hcan1                                    0x2000382c   Data          40  can.o(.bss)
    hcan2                                    0x20003854   Data          40  can.o(.bss)
    hspi1                                    0x2000387c   Data          88  spi.o(.bss)
    hdma_spi1_rx                             0x200038d4   Data          96  spi.o(.bss)
    hdma_spi1_tx                             0x20003934   Data          96  spi.o(.bss)
    htim4                                    0x20003994   Data          72  tim.o(.bss)
    htim7                                    0x200039dc   Data          72  tim.o(.bss)
    htim8                                    0x20003a24   Data          72  tim.o(.bss)
    htim10                                   0x20003a6c   Data          72  tim.o(.bss)
    huart1                                   0x20003ab4   Data          72  usart.o(.bss)
    huart3                                   0x20003afc   Data          72  usart.o(.bss)
    huart6                                   0x20003b44   Data          72  usart.o(.bss)
    hdma_usart1_rx                           0x20003b8c   Data          96  usart.o(.bss)
    hdma_usart3_rx                           0x20003bec   Data          96  usart.o(.bss)
    hdma_usart6_rx                           0x20003c4c   Data          96  usart.o(.bss)
    hdma_usart6_tx                           0x20003cac   Data          96  usart.o(.bss)
    htim6                                    0x20003d0c   Data          72  stm32f4xx_hal_timebase_tim.o(.bss)
    Controller                               0x20003d54   Data         104  controllertask.o(.bss)
    Inertial                                 0x20003dbc   Data         304  inertialtask.o(.bss)
    gravity_b                                0x20003eec   Data          12  inertialtask.o(.bss)
    DebugData                                0x20003ef8   Data          32  debugtask.o(.bss)
    Gimbal                                   0x20003f18   Data         384  gimbaltask.o(.bss)
    Shooting                                 0x20004098   Data         480  shootingtask.o(.bss)
    Vision                                   0x20004278   Data        1388  visiontask.o(.bss)
    FusionINS                                0x200047e4   Data         168  fusioninstask.o(.bss)
    hUsbDeviceFS                             0x2000488c   Data         732  usb_device.o(.bss)
    USBD_StrDesc                             0x20004b68   Data         512  usbd_desc.o(.bss)
    UserRxBufferFS                           0x20004d68   Data        2048  usbd_cdc_if.o(.bss)
    UserTxBufferFS                           0x20005568   Data        2048  usbd_cdc_if.o(.bss)
    hpcd_USB_OTG_FS                          0x20005f88   Data        1252  usbd_conf.o(.bss)
    pFlash                                   0x2000646c   Data          32  stm32f4xx_hal_flash.o(.bss)
    RC_DBUS                                  0x2000648c   Data          40  rc_dbus.o(.bss)
    DbusBuf                                  0x200064b4   Data          18  rc_dbus.o(.bss)
    RC_VTM                                   0x200064c8   Data          28  rc_vtm.o(.bss)
    DM4310_List                              0x200064e4   Data          96  dm4310.o(.bss)
    DjiMotor_CanID_0x1FF_List                0x20006544   Data          16  djimotor.o(.bss)
    DjiMotor_CanID_0x200_List                0x20006554   Data          16  djimotor.o(.bss)
    DjiMotor_CanID_0x2FF_List                0x20006564   Data          12  djimotor.o(.bss)
    NucRxBuf                                 0x20006570   Data          32  nuc.o(.bss)
    NUC                                      0x20006590   Data          56  nuc.o(.bss)
    gyroDiff                                 0x200065c8   Data          12  bmi088driver.o(.bss)
    BMI088                                   0x200065d4   Data          52  bmi088driver.o(.bss)
    QEKF_INERTIAL                            0x2000a6f8   Data         480  quaternionekf.o(.bss)
    INERTIAL_QuaternionEKF_K                 0x2000a8d8   Data          72  quaternionekf.o(.bss)
    INERTIAL_QuaternionEKF_H                 0x2000a920   Data          72  quaternionekf.o(.bss)
    Mouse                                    0x2000a968   Data          52  mousekeyboard.o(.bss)
    Keyboard                                 0x2000a99c   Data         320  mousekeyboard.o(.bss)
    __initial_sp                             0x2000aee0   Data           0  startup_stm32f407xx.o(STACK)



==============================================================================

Memory Map of the image

  Image Entry point : 0x08000189

  Load Region LR_IROM1 (Base: 0x08000000, Size: 0x0002ce6c, Max: 0x00100000, ABSOLUTE, COMPRESSED[0x0002cc9c])

    Execution Region ER_IROM1 (Exec base: 0x08000000, Load base: 0x08000000, Size: 0x0002cb88, Max: 0x00100000, ABSOLUTE)

    Exec Addr    Load Addr    Size         Type   Attr      Idx    E Section Name        Object

    0x08000000   0x08000000   0x00000188   Data   RO            3    RESET               startup_stm32f407xx.o
    0x08000188   0x08000188   0x00000000   Code   RO         8652  * .ARM.Collect$$$$00000000  mc_w.l(entry.o)
    0x08000188   0x08000188   0x00000004   Code   RO         8684    .ARM.Collect$$$$00000001  mc_w.l(entry2.o)
    0x0800018c   0x0800018c   0x00000004   Code   RO         8687    .ARM.Collect$$$$00000004  mc_w.l(entry5.o)
    0x08000190   0x08000190   0x00000000   Code   RO         8689    .ARM.Collect$$$$00000008  mc_w.l(entry7b.o)
    0x08000190   0x08000190   0x00000000   Code   RO         8691    .ARM.Collect$$$$0000000A  mc_w.l(entry8b.o)
    0x08000190   0x08000190   0x00000008   Code   RO         8692    .ARM.Collect$$$$0000000B  mc_w.l(entry9a.o)
    0x08000198   0x08000198   0x00000000   Code   RO         8694    .ARM.Collect$$$$0000000D  mc_w.l(entry10a.o)
    0x08000198   0x08000198   0x00000000   Code   RO         8696    .ARM.Collect$$$$0000000F  mc_w.l(entry11a.o)
    0x08000198   0x08000198   0x00000004   Code   RO         8685    .ARM.Collect$$$$00002712  mc_w.l(entry2.o)
    0x0800019c   0x0800019c   0x000000be   Code   RO         7230    .emb_text           port.o
    0x0800025a   0x0800025a   0x00000002   PAD
    0x0800025c   0x0800025c   0x00000024   Code   RO            4    .text               startup_stm32f407xx.o
    0x08000280   0x08000280   0x00000062   Code   RO         8655    .text               mc_w.l(uldiv.o)
    0x080002e2   0x080002e2   0x00000024   Code   RO         8657    .text               mc_w.l(memcpya.o)
    0x08000306   0x08000306   0x00000024   Code   RO         8661    .text               mc_w.l(memseta.o)
    0x0800032a   0x0800032a   0x0000001e   Code   RO         8698    .text               mc_w.l(llshl.o)
    0x08000348   0x08000348   0x00000020   Code   RO         8700    .text               mc_w.l(llushr.o)
    0x08000368   0x08000368   0x00000000   Code   RO         8709    .text               mc_w.l(iusefp.o)
    0x08000368   0x08000368   0x00000052   Code   RO         8710    .text               mf_w.l(frem.o)
    0x080003ba   0x080003ba   0x00000004   Code   RO         8712    .text               mf_w.l(fpstat.o)
    0x080003be   0x080003be   0x00000002   PAD
    0x080003c0   0x080003c0   0x00000024   Code   RO         8714    .text               mc_w.l(init.o)
    0x080003e4   0x080003e4   0x0000006e   Code   RO         8716    .text               mf_w.l(fepilogue.o)
    0x08000452   0x08000452   0x00000056   Code   RO         8726    .text               mc_w.l(__dczerorl2.o)
    0x080004a8   0x080004a8   0x00000040   Code   RO         8530    .text.arm_bitreversal_32  arm_cortexM4lf_math.lib(arm_bitreversal2.o)
    0x080004e8   0x080004e8   0x000000e0   Code   RO         8345    .text.arm_cfft_f32  arm_cortexM4lf_math.lib(arm_cfft_f32.o)
    0x080005c8   0x080005c8   0x0000019c   Code   RO         8341    .text.arm_cfft_radix8by2_f32  arm_cortexM4lf_math.lib(arm_cfft_f32.o)
    0x08000764   0x08000764   0x00000426   Code   RO         8343    .text.arm_cfft_radix8by4_f32  arm_cortexM4lf_math.lib(arm_cfft_f32.o)
    0x08000b8a   0x08000b8a   0x00000002   PAD
    0x08000b8c   0x08000b8c   0x00000140   Code   RO         8271    .text.arm_cmplx_mag_f32  arm_cortexM4lf_math.lib(arm_cmplx_mag_f32.o)
    0x08000ccc   0x08000ccc   0x000000a0   Code   RO         8261    .text.arm_cos_f32   arm_cortexM4lf_math.lib(arm_cos_f32.o)
    0x08000d6c   0x08000d6c   0x000000be   Code   RO         8282    .text.arm_mat_add_f32  arm_cortexM4lf_math.lib(arm_mat_add_f32.o)
    0x08000e2a   0x08000e2a   0x00000008   Code   RO         8292    .text.arm_mat_init_f32  arm_cortexM4lf_math.lib(arm_mat_init_f32.o)
    0x08000e32   0x08000e32   0x00000002   PAD
    0x08000e34   0x08000e34   0x000002d0   Code   RO         8301    .text.arm_mat_inverse_f32  arm_cortexM4lf_math.lib(arm_mat_inverse_f32.o)
    0x08001104   0x08001104   0x0000013c   Code   RO         8311    .text.arm_mat_mult_f32  arm_cortexM4lf_math.lib(arm_mat_mult_f32.o)
    0x08001240   0x08001240   0x000000be   Code   RO         8321    .text.arm_mat_sub_f32  arm_cortexM4lf_math.lib(arm_mat_sub_f32.o)
    0x080012fe   0x080012fe   0x00000002   PAD
    0x08001300   0x08001300   0x000000b2   Code   RO         8331    .text.arm_mat_trans_f32  arm_cortexM4lf_math.lib(arm_mat_trans_f32.o)
    0x080013b2   0x080013b2   0x00000002   PAD
    0x080013b4   0x080013b4   0x000000ce   Code   RO         8366    .text.arm_max_f32   arm_cortexM4lf_math.lib(arm_max_f32.o)
    0x08001482   0x08001482   0x00000002   PAD
    0x08001484   0x08001484   0x00000092   Code   RO         8251    .text.arm_mult_f32  arm_cortexM4lf_math.lib(arm_mult_f32.o)
    0x08001516   0x08001516   0x00000002   PAD
    0x08001518   0x08001518   0x000005a8   Code   RO         8543    .text.arm_radix8_butterfly_f32  arm_cortexM4lf_math.lib(arm_cfft_radix8_f32.o)
    0x08001ac0   0x08001ac0   0x00000120   Code   RO         8356    .text.arm_sin_cos_f32  arm_cortexM4lf_math.lib(arm_sin_cos_f32.o)
    0x08001be0   0x08001be0   0x0000005a   Code   RO         7709    i.AngleDiffF        universal.o
    0x08001c3a   0x08001c3a   0x00000040   Code   RO         7711    i.AngleWrapF        universal.o
    0x08001c7a   0x08001c7a   0x00000002   PAD
    0x08001c7c   0x08001c7c   0x00000010   Code   RO         5953    i.BMI088_ACCEL_NS_H  bmi088middleware.o
    0x08001c8c   0x08001c8c   0x00000010   Code   RO         5954    i.BMI088_ACCEL_NS_L  bmi088middleware.o
    0x08001c9c   0x08001c9c   0x00000010   Code   RO         5955    i.BMI088_GYRO_NS_H  bmi088middleware.o
    0x08001cac   0x08001cac   0x00000010   Code   RO         5956    i.BMI088_GYRO_NS_L  bmi088middleware.o
    0x08001cbc   0x08001cbc   0x000001ac   Code   RO         5871    i.BMI088_Read       bmi088driver.o
    0x08001e68   0x08001e68   0x00000088   Code   RO         5872    i.BMI088_init       bmi088driver.o
    0x08001ef0   0x08001ef0   0x00000024   Code   RO         5873    i.BMI088_read_muli_reg  bmi088driver.o
    0x08001f14   0x08001f14   0x00000016   Code   RO         5874    i.BMI088_read_single_reg  bmi088driver.o
    0x08001f2a   0x08001f2a   0x00000002   PAD
    0x08001f2c   0x08001f2c   0x00000024   Code   RO         5957    i.BMI088_read_write_byte  bmi088middleware.o
    0x08001f50   0x08001f50   0x00000012   Code   RO         5875    i.BMI088_write_single_reg  bmi088driver.o
    0x08001f62   0x08001f62   0x00000002   PAD
    0x08001f64   0x08001f64   0x000000a0   Code   RO         1182    i.BoardCommTask     boardcommtask.o
    0x08002004   0x08002004   0x000000ea   Code   RO         1091    i.BodyFrameToEarthFrame  inertialtask.o
    0x080020ee   0x080020ee   0x00000002   Code   RO          792    i.BusFault_Handler  stm32f4xx_it.o
    0x080020f0   0x080020f0   0x0000000c   Code   RO          793    i.CAN1_RX0_IRQHandler  stm32f4xx_it.o
    0x080020fc   0x080020fc   0x0000003c   Code   RO          390    i.CAN1_UniversalInit  can.o
    0x08002138   0x08002138   0x0000000c   Code   RO          794    i.CAN2_RX1_IRQHandler  stm32f4xx_it.o
    0x08002144   0x08002144   0x0000000c   Code   RO          795    i.CAN2_TX_IRQHandler  stm32f4xx_it.o
    0x08002150   0x08002150   0x00000044   Code   RO          391    i.CAN2_UniversalInit  can.o
    0x08002194   0x08002194   0x00000004   Code   RO         1510    i.CDC_Control_FS    usbd_cdc_if.o
    0x08002198   0x08002198   0x00000004   Code   RO         1511    i.CDC_DeInit_FS     usbd_cdc_if.o
    0x0800219c   0x0800219c   0x00000024   Code   RO         1512    i.CDC_Init_FS       usbd_cdc_if.o
    0x080021c0   0x080021c0   0x00000030   Code   RO         1513    i.CDC_Receive_FS    usbd_cdc_if.o
    0x080021f0   0x080021f0   0x00000004   Code   RO         1514    i.CDC_TransmitCplt_FS  usbd_cdc_if.o
    0x080021f4   0x080021f4   0x0000002c   Code   RO         1515    i.CDC_Transmit_FS   usbd_cdc_if.o
    0x08002220   0x08002220   0x000003f0   Code   RO         5876    i.Calibrate_MPU_Offset  bmi088driver.o
    0x08002610   0x08002610   0x00000002   Code   RO         5514    i.ChassisBoard_SendDBUS  chassis.o
    0x08002612   0x08002612   0x00000002   Code   RO         5516    i.ChassisBoard_SendFusionInsSpeed  chassis.o
    0x08002614   0x08002614   0x00000002   Code   RO         5517    i.ChassisBoard_SendRcVision  chassis.o
    0x08002616   0x08002616   0x00000002   PAD
    0x08002618   0x08002618   0x00000058   Code   RO         5519    i.ChassisBoard_SendYawOutput  chassis.o
    0x08002670   0x08002670   0x00000010   Code   RO         7712    i.Constrain         universal.o
    0x08002680   0x08002680   0x00000020   Code   RO         7713    i.ConstrainF        universal.o
    0x080026a0   0x080026a0   0x000000e4   Code   RO         1047    i.ControllerTask    controllertask.o
    0x08002784   0x08002784   0x000001c4   Code   RO         1048    i.Controller_MouseKeyboard  controllertask.o
    0x08002948   0x08002948   0x00000184   Code   RO         1049    i.Controller_Pad    controllertask.o
    0x08002acc   0x08002acc   0x00000038   Code   RO         5643    i.DM4310_TryUpdate  dm4310.o
    0x08002b04   0x08002b04   0x00000078   Code   RO         5644    i.DM4310_Update     dm4310.o
    0x08002b7c   0x08002b7c   0x0000000c   Code   RO          796    i.DMA1_Stream1_IRQHandler  stm32f4xx_it.o
    0x08002b88   0x08002b88   0x0000000c   Code   RO          797    i.DMA2_Stream0_IRQHandler  stm32f4xx_it.o
    0x08002b94   0x08002b94   0x0000000c   Code   RO          798    i.DMA2_Stream1_IRQHandler  stm32f4xx_it.o
    0x08002ba0   0x08002ba0   0x0000000c   Code   RO          799    i.DMA2_Stream2_IRQHandler  stm32f4xx_it.o
    0x08002bac   0x08002bac   0x0000000c   Code   RO          800    i.DMA2_Stream3_IRQHandler  stm32f4xx_it.o
    0x08002bb8   0x08002bb8   0x0000000c   Code   RO          801    i.DMA2_Stream6_IRQHandler  stm32f4xx_it.o
    0x08002bc4   0x08002bc4   0x00000028   Code   RO         2831    i.DMA_CalcBaseAndBitshift  stm32f4xx_hal_dma.o
    0x08002bec   0x08002bec   0x00000054   Code   RO         2832    i.DMA_CheckFifoParam  stm32f4xx_hal_dma.o
    0x08002c40   0x08002c40   0x00000028   Code   RO         2833    i.DMA_SetConfig     stm32f4xx_hal_dma.o
    0x08002c68   0x08002c68   0x000000d4   Code   RO         1009    i.DaemonTask        daemontask.o
    0x08002d3c   0x08002d3c   0x00000002   Code   RO          802    i.DebugMon_Handler  stm32f4xx_it.o
    0x08002d3e   0x08002d3e   0x00000002   PAD
    0x08002d40   0x08002d40   0x00000068   Code   RO         1155    i.DebugTask         debugtask.o
    0x08002da8   0x08002da8   0x00000058   Code   RO         5702    i.DjiMotor_CanID_0x1FF_Output  djimotor.o
    0x08002e00   0x08002e00   0x00000058   Code   RO         5703    i.DjiMotor_CanID_0x200_Output  djimotor.o
    0x08002e58   0x08002e58   0x0000002e   Code   RO         5705    i.DjiMotor_Update   djimotor.o
    0x08002e86   0x08002e86   0x00000006   Code   RO          803    i.EXTI4_IRQHandler  stm32f4xx_it.o
    0x08002e8c   0x08002e8c   0x00000006   Code   RO          804    i.EXTI9_5_IRQHandler  stm32f4xx_it.o
    0x08002e92   0x08002e92   0x000000ea   Code   RO         1092    i.EarthFrameToBodyFrame  inertialtask.o
    0x08002f7c   0x08002f7c   0x00000004   Code   RO           13    i.Error_Handler     main.o
    0x08002f80   0x08002f80   0x00000050   Code   RO         2646    i.FLASH_Erase_Sector  stm32f4xx_hal_flash_ex.o
    0x08002fd0   0x08002fd0   0x00000054   Code   RO         2647    i.FLASH_FlushCaches  stm32f4xx_hal_flash_ex.o
    0x08003024   0x08003024   0x00000028   Code   RO         2648    i.FLASH_MassErase   stm32f4xx_hal_flash_ex.o
    0x0800304c   0x0800304c   0x00000020   Code   RO         2528    i.FLASH_Program_Byte  stm32f4xx_hal_flash.o
    0x0800306c   0x0800306c   0x0000002c   Code   RO         2529    i.FLASH_Program_DoubleWord  stm32f4xx_hal_flash.o
    0x08003098   0x08003098   0x00000024   Code   RO         2530    i.FLASH_Program_HalfWord  stm32f4xx_hal_flash.o
    0x080030bc   0x080030bc   0x00000024   Code   RO         2531    i.FLASH_Program_Word  stm32f4xx_hal_flash.o
    0x080030e0   0x080030e0   0x00000068   Code   RO         2532    i.FLASH_SetErrorCode  stm32f4xx_hal_flash.o
    0x08003148   0x08003148   0x00000050   Code   RO         2533    i.FLASH_WaitForLastOperation  stm32f4xx_hal_flash.o
    0x08003198   0x08003198   0x000001c0   Code   RO         1363    i.FusionInsTask     fusioninstask.o
    0x08003358   0x08003358   0x0000030c   Code   RO         8052    i.FusionKF_Init     fusionkf.o
    0x08003664   0x08003664   0x00000224   Code   RO         8053    i.FusionKF_Update   fusionkf.o
    0x08003888   0x08003888   0x00000054   Code   RO         5706    i.GM6020_Init       djimotor.o
    0x080038dc   0x080038dc   0x00000190   Code   RO         1206    i.GimbalTask        gimbaltask.o
    0x08003a6c   0x08003a6c   0x00000044   Code   RO         1207    i.Gimbal_Disable    gimbaltask.o
    0x08003ab0   0x08003ab0   0x00000144   Code   RO         1208    i.Gimbal_PitchPID_CalcWithConstrain  gimbaltask.o
    0x08003bf4   0x08003bf4   0x0000003c   Code   RO         1209    i.Gimbal_YawPID_Calc  gimbaltask.o
    0x08003c30   0x08003c30   0x00000024   Code   RO         3511    i.HAL_CAN_ActivateNotification  stm32f4xx_hal_can.o
    0x08003c54   0x08003c54   0x000000bc   Code   RO         3512    i.HAL_CAN_AddTxMessage  stm32f4xx_hal_can.o
    0x08003d10   0x08003d10   0x0000010c   Code   RO         3513    i.HAL_CAN_ConfigFilter  stm32f4xx_hal_can.o
    0x08003e1c   0x08003e1c   0x00000002   Code   RO         3516    i.HAL_CAN_ErrorCallback  stm32f4xx_hal_can.o
    0x08003e1e   0x08003e1e   0x000000f4   Code   RO         3519    i.HAL_CAN_GetRxMessage  stm32f4xx_hal_can.o
    0x08003f12   0x08003f12   0x000001fc   Code   RO         3523    i.HAL_CAN_IRQHandler  stm32f4xx_hal_can.o
    0x0800410e   0x0800410e   0x0000011a   Code   RO         3524    i.HAL_CAN_Init      stm32f4xx_hal_can.o
    0x08004228   0x08004228   0x0000010c   Code   RO          393    i.HAL_CAN_MspInit   can.o
    0x08004334   0x08004334   0x00000002   Code   RO         3531    i.HAL_CAN_RxFifo0FullCallback  stm32f4xx_hal_can.o
    0x08004336   0x08004336   0x00000002   PAD
    0x08004338   0x08004338   0x00000098   Code   RO          394    i.HAL_CAN_RxFifo0MsgPendingCallback  can.o
    0x080043d0   0x080043d0   0x00000002   Code   RO         3533    i.HAL_CAN_RxFifo1FullCallback  stm32f4xx_hal_can.o
    0x080043d2   0x080043d2   0x00000002   PAD
    0x080043d4   0x080043d4   0x0000003c   Code   RO          395    i.HAL_CAN_RxFifo1MsgPendingCallback  can.o
    0x08004410   0x08004410   0x00000002   Code   RO         3535    i.HAL_CAN_SleepCallback  stm32f4xx_hal_can.o
    0x08004412   0x08004412   0x00000002   PAD
    0x08004414   0x08004414   0x00000058   Code   RO         3536    i.HAL_CAN_Start     stm32f4xx_hal_can.o
    0x0800446c   0x0800446c   0x00000002   Code   RO         3538    i.HAL_CAN_TxMailbox0AbortCallback  stm32f4xx_hal_can.o
    0x0800446e   0x0800446e   0x00000002   Code   RO         3539    i.HAL_CAN_TxMailbox0CompleteCallback  stm32f4xx_hal_can.o
    0x08004470   0x08004470   0x00000002   Code   RO         3540    i.HAL_CAN_TxMailbox1AbortCallback  stm32f4xx_hal_can.o
    0x08004472   0x08004472   0x00000002   Code   RO         3541    i.HAL_CAN_TxMailbox1CompleteCallback  stm32f4xx_hal_can.o
    0x08004474   0x08004474   0x00000002   Code   RO         3542    i.HAL_CAN_TxMailbox2AbortCallback  stm32f4xx_hal_can.o
    0x08004476   0x08004476   0x00000002   Code   RO         3543    i.HAL_CAN_TxMailbox2CompleteCallback  stm32f4xx_hal_can.o
    0x08004478   0x08004478   0x00000002   Code   RO         3545    i.HAL_CAN_WakeUpFromRxMsgCallback  stm32f4xx_hal_can.o
    0x0800447a   0x0800447a   0x00000092   Code   RO         2834    i.HAL_DMA_Abort     stm32f4xx_hal_dma.o
    0x0800450c   0x0800450c   0x00000024   Code   RO         2835    i.HAL_DMA_Abort_IT  stm32f4xx_hal_dma.o
    0x08004530   0x08004530   0x000001a0   Code   RO         2839    i.HAL_DMA_IRQHandler  stm32f4xx_hal_dma.o
    0x080046d0   0x080046d0   0x000000d4   Code   RO         2840    i.HAL_DMA_Init      stm32f4xx_hal_dma.o
    0x080047a4   0x080047a4   0x0000006e   Code   RO         2844    i.HAL_DMA_Start_IT  stm32f4xx_hal_dma.o
    0x08004812   0x08004812   0x00000002   PAD
    0x08004814   0x08004814   0x00000024   Code   RO         3259    i.HAL_Delay         stm32f4xx_hal.o
    0x08004838   0x08004838   0x00000098   Code   RO         2649    i.HAL_FLASHEx_Erase  stm32f4xx_hal_flash_ex.o
    0x080048d0   0x080048d0   0x00000014   Code   RO         2537    i.HAL_FLASH_Lock    stm32f4xx_hal_flash.o
    0x080048e4   0x080048e4   0x0000007c   Code   RO         2542    i.HAL_FLASH_Program  stm32f4xx_hal_flash.o
    0x08004960   0x08004960   0x0000002c   Code   RO         2544    i.HAL_FLASH_Unlock  stm32f4xx_hal_flash.o
    0x0800498c   0x0800498c   0x00000002   Code   RO         2725    i.HAL_GPIO_EXTI_Callback  stm32f4xx_hal_gpio.o
    0x0800498e   0x0800498e   0x00000002   PAD
    0x08004990   0x08004990   0x00000018   Code   RO         2726    i.HAL_GPIO_EXTI_IRQHandler  stm32f4xx_hal_gpio.o
    0x080049a8   0x080049a8   0x000001f0   Code   RO         2727    i.HAL_GPIO_Init     stm32f4xx_hal_gpio.o
    0x08004b98   0x08004b98   0x0000000a   Code   RO         2731    i.HAL_GPIO_WritePin  stm32f4xx_hal_gpio.o
    0x08004ba2   0x08004ba2   0x00000002   PAD
    0x08004ba4   0x08004ba4   0x0000000c   Code   RO         3265    i.HAL_GetTick       stm32f4xx_hal.o
    0x08004bb0   0x08004bb0   0x00000010   Code   RO         3271    i.HAL_IncTick       stm32f4xx_hal.o
    0x08004bc0   0x08004bc0   0x00000034   Code   RO         3272    i.HAL_Init          stm32f4xx_hal.o
    0x08004bf4   0x08004bf4   0x00000098   Code   RO          970    i.HAL_InitTick      stm32f4xx_hal_timebase_tim.o
    0x08004c8c   0x08004c8c   0x00000038   Code   RO          946    i.HAL_MspInit       stm32f4xx_hal_msp.o
    0x08004cc4   0x08004cc4   0x0000001a   Code   RO         3117    i.HAL_NVIC_EnableIRQ  stm32f4xx_hal_cortex.o
    0x08004cde   0x08004cde   0x00000002   PAD
    0x08004ce0   0x08004ce0   0x00000040   Code   RO         3123    i.HAL_NVIC_SetPriority  stm32f4xx_hal_cortex.o
    0x08004d20   0x08004d20   0x00000024   Code   RO         3124    i.HAL_NVIC_SetPriorityGrouping  stm32f4xx_hal_cortex.o
    0x08004d44   0x08004d44   0x00000024   Code   RO         3125    i.HAL_NVIC_SystemReset  stm32f4xx_hal_cortex.o
    0x08004d68   0x08004d68   0x00000002   Code   RO         2026    i.HAL_PCDEx_LPM_Callback  stm32f4xx_hal_pcd_ex.o
    0x08004d6a   0x08004d6a   0x00000008   Code   RO         2027    i.HAL_PCDEx_SetRxFiFo  stm32f4xx_hal_pcd_ex.o
    0x08004d72   0x08004d72   0x00000044   Code   RO         2028    i.HAL_PCDEx_SetTxFiFo  stm32f4xx_hal_pcd_ex.o
    0x08004db6   0x08004db6   0x00000008   Code   RO         1580    i.HAL_PCD_ConnectCallback  usbd_conf.o
    0x08004dbe   0x08004dbe   0x00000012   Code   RO         1581    i.HAL_PCD_DataInStageCallback  usbd_conf.o
    0x08004dd0   0x08004dd0   0x00000014   Code   RO         1582    i.HAL_PCD_DataOutStageCallback  usbd_conf.o
    0x08004de4   0x08004de4   0x00000008   Code   RO         1583    i.HAL_PCD_DisconnectCallback  usbd_conf.o
    0x08004dec   0x08004dec   0x0000001e   Code   RO         1796    i.HAL_PCD_EP_Abort  stm32f4xx_hal_pcd.o
    0x08004e0a   0x08004e0a   0x0000004a   Code   RO         1797    i.HAL_PCD_EP_Close  stm32f4xx_hal_pcd.o
    0x08004e54   0x08004e54   0x0000005a   Code   RO         1798    i.HAL_PCD_EP_ClrStall  stm32f4xx_hal_pcd.o
    0x08004eae   0x08004eae   0x00000012   Code   RO         1800    i.HAL_PCD_EP_GetRxCount  stm32f4xx_hal_pcd.o
    0x08004ec0   0x08004ec0   0x0000005e   Code   RO         1801    i.HAL_PCD_EP_Open   stm32f4xx_hal_pcd.o
    0x08004f1e   0x08004f1e   0x00000038   Code   RO         1802    i.HAL_PCD_EP_Receive  stm32f4xx_hal_pcd.o
    0x08004f56   0x08004f56   0x00000072   Code   RO         1803    i.HAL_PCD_EP_SetStall  stm32f4xx_hal_pcd.o
    0x08004fc8   0x08004fc8   0x00000032   Code   RO         1804    i.HAL_PCD_EP_Transmit  stm32f4xx_hal_pcd.o
    0x08004ffa   0x08004ffa   0x00000002   PAD
    0x08004ffc   0x08004ffc   0x0000055c   Code   RO         1806    i.HAL_PCD_IRQHandler  stm32f4xx_hal_pcd.o
    0x08005558   0x08005558   0x00000008   Code   RO         1584    i.HAL_PCD_ISOINIncompleteCallback  usbd_conf.o
    0x08005560   0x08005560   0x00000008   Code   RO         1585    i.HAL_PCD_ISOOUTIncompleteCallback  usbd_conf.o
    0x08005568   0x08005568   0x000000cc   Code   RO         1809    i.HAL_PCD_Init      stm32f4xx_hal_pcd.o
    0x08005634   0x08005634   0x00000084   Code   RO         1587    i.HAL_PCD_MspInit   usbd_conf.o
    0x080056b8   0x080056b8   0x0000002c   Code   RO         1588    i.HAL_PCD_ResetCallback  usbd_conf.o
    0x080056e4   0x080056e4   0x00000008   Code   RO         1589    i.HAL_PCD_ResumeCallback  usbd_conf.o
    0x080056ec   0x080056ec   0x00000008   Code   RO         1590    i.HAL_PCD_SOFCallback  usbd_conf.o
    0x080056f4   0x080056f4   0x00000026   Code   RO         1815    i.HAL_PCD_SetAddress  stm32f4xx_hal_pcd.o
    0x0800571a   0x0800571a   0x0000000e   Code   RO         1591    i.HAL_PCD_SetupStageCallback  usbd_conf.o
    0x08005728   0x08005728   0x00000042   Code   RO         1818    i.HAL_PCD_Start     stm32f4xx_hal_pcd.o
    0x0800576a   0x0800576a   0x00000002   PAD
    0x0800576c   0x0800576c   0x00000030   Code   RO         1592    i.HAL_PCD_SuspendCallback  usbd_conf.o
    0x0800579c   0x0800579c   0x00000134   Code   RO         2373    i.HAL_RCC_ClockConfig  stm32f4xx_hal_rcc.o
    0x080058d0   0x080058d0   0x00000040   Code   RO         2377    i.HAL_RCC_GetClockConfig  stm32f4xx_hal_rcc.o
    0x08005910   0x08005910   0x0000000c   Code   RO         2378    i.HAL_RCC_GetHCLKFreq  stm32f4xx_hal_rcc.o
    0x0800591c   0x0800591c   0x00000020   Code   RO         2380    i.HAL_RCC_GetPCLK1Freq  stm32f4xx_hal_rcc.o
    0x0800593c   0x0800593c   0x00000020   Code   RO         2381    i.HAL_RCC_GetPCLK2Freq  stm32f4xx_hal_rcc.o
    0x0800595c   0x0800595c   0x00000064   Code   RO         2382    i.HAL_RCC_GetSysClockFreq  stm32f4xx_hal_rcc.o
    0x080059c0   0x080059c0   0x0000036c   Code   RO         2385    i.HAL_RCC_OscConfig  stm32f4xx_hal_rcc.o
    0x08005d2c   0x08005d2c   0x00000002   Code   RO         3751    i.HAL_SPI_ErrorCallback  stm32f4xx_hal_spi.o
    0x08005d2e   0x08005d2e   0x00000002   PAD
    0x08005d30   0x08005d30   0x000000fc   Code   RO         3754    i.HAL_SPI_IRQHandler  stm32f4xx_hal_spi.o
    0x08005e2c   0x08005e2c   0x000000bc   Code   RO         3755    i.HAL_SPI_Init      stm32f4xx_hal_spi.o
    0x08005ee8   0x08005ee8   0x00000110   Code   RO          613    i.HAL_SPI_MspInit   spi.o
    0x08005ff8   0x08005ff8   0x000001ee   Code   RO         3764    i.HAL_SPI_TransmitReceive  stm32f4xx_hal_spi.o
    0x080061e6   0x080061e6   0x00000002   Code   RO         4772    i.HAL_TIMEx_BreakCallback  stm32f4xx_hal_tim_ex.o
    0x080061e8   0x080061e8   0x00000002   Code   RO         4773    i.HAL_TIMEx_CommutCallback  stm32f4xx_hal_tim_ex.o
    0x080061ea   0x080061ea   0x00000054   Code   RO         4775    i.HAL_TIMEx_ConfigBreakDeadTime  stm32f4xx_hal_tim_ex.o
    0x0800623e   0x0800623e   0x00000002   PAD
    0x08006240   0x08006240   0x00000090   Code   RO         4791    i.HAL_TIMEx_MasterConfigSynchronization  stm32f4xx_hal_tim_ex.o
    0x080062d0   0x080062d0   0x0000005a   Code   RO         4068    i.HAL_TIM_Base_Init  stm32f4xx_hal_tim.o
    0x0800632a   0x0800632a   0x00000002   PAD
    0x0800632c   0x0800632c   0x00000044   Code   RO          655    i.HAL_TIM_Base_MspInit  tim.o
    0x08006370   0x08006370   0x00000078   Code   RO         4071    i.HAL_TIM_Base_Start  stm32f4xx_hal_tim.o
    0x080063e8   0x080063e8   0x00000080   Code   RO         4073    i.HAL_TIM_Base_Start_IT  stm32f4xx_hal_tim.o
    0x08006468   0x08006468   0x00000002   Code   RO         4102    i.HAL_TIM_IC_CaptureCallback  stm32f4xx_hal_tim.o
    0x0800646a   0x0800646a   0x00000130   Code   RO         4116    i.HAL_TIM_IRQHandler  stm32f4xx_hal_tim.o
    0x0800659a   0x0800659a   0x00000002   PAD
    0x0800659c   0x0800659c   0x000000b4   Code   RO          656    i.HAL_TIM_MspPostInit  tim.o
    0x08006650   0x08006650   0x00000002   Code   RO         4119    i.HAL_TIM_OC_DelayElapsedCallback  stm32f4xx_hal_tim.o
    0x08006652   0x08006652   0x000000cc   Code   RO         4140    i.HAL_TIM_PWM_ConfigChannel  stm32f4xx_hal_tim.o
    0x0800671e   0x0800671e   0x0000005a   Code   RO         4143    i.HAL_TIM_PWM_Init  stm32f4xx_hal_tim.o
    0x08006778   0x08006778   0x00000044   Code   RO          658    i.HAL_TIM_PWM_MspInit  tim.o
    0x080067bc   0x080067bc   0x00000002   Code   RO         4146    i.HAL_TIM_PWM_PulseFinishedCallback  stm32f4xx_hal_tim.o
    0x080067be   0x080067be   0x00000002   PAD
    0x080067c0   0x080067c0   0x000000c8   Code   RO         4148    i.HAL_TIM_PWM_Start  stm32f4xx_hal_tim.o
    0x08006888   0x08006888   0x00000014   Code   RO           14    i.HAL_TIM_PeriodElapsedCallback  main.o
    0x0800689c   0x0800689c   0x00000002   Code   RO         4159    i.HAL_TIM_TriggerCallback  stm32f4xx_hal_tim.o
    0x0800689e   0x0800689e   0x00000002   Code   RO         5051    i.HAL_UARTEx_RxEventCallback  stm32f4xx_hal_uart.o
    0x080068a0   0x080068a0   0x00000002   Code   RO         5065    i.HAL_UART_ErrorCallback  stm32f4xx_hal_uart.o
    0x080068a2   0x080068a2   0x00000002   PAD
    0x080068a4   0x080068a4   0x00000270   Code   RO         5068    i.HAL_UART_IRQHandler  stm32f4xx_hal_uart.o
    0x08006b14   0x08006b14   0x00000064   Code   RO         5069    i.HAL_UART_Init     stm32f4xx_hal_uart.o
    0x08006b78   0x08006b78   0x00000228   Code   RO          733    i.HAL_UART_MspInit  usart.o
    0x08006da0   0x08006da0   0x0000001c   Code   RO         5073    i.HAL_UART_Receive_DMA  stm32f4xx_hal_uart.o
    0x08006dbc   0x08006dbc   0x00000024   Code   RO          734    i.HAL_UART_RxCpltCallback  usart.o
    0x08006de0   0x08006de0   0x00000002   Code   RO         5076    i.HAL_UART_RxHalfCpltCallback  stm32f4xx_hal_uart.o
    0x08006de2   0x08006de2   0x00000002   PAD
    0x08006de4   0x08006de4   0x00000078   Code   RO         5078    i.HAL_UART_Transmit_DMA  stm32f4xx_hal_uart.o
    0x08006e5c   0x08006e5c   0x00000002   Code   RO         5080    i.HAL_UART_TxCpltCallback  stm32f4xx_hal_uart.o
    0x08006e5e   0x08006e5e   0x00000002   Code   RO         5081    i.HAL_UART_TxHalfCpltCallback  stm32f4xx_hal_uart.o
    0x08006e60   0x08006e60   0x000000fc   Code   RO         7852    i.H_K_R_Adjustment  kalmanfilterinertial.o
    0x08006f5c   0x08006f5c   0x0000005c   Code   RO         7714    i.HanningWindow_Init  universal.o
    0x08006fb8   0x08006fb8   0x00000002   Code   RO          805    i.HardFault_Handler  stm32f4xx_it.o
    0x08006fba   0x08006fba   0x00000002   PAD
    0x08006fbc   0x08006fbc   0x00000158   Code   RO         7936    i.IMU_QuaternionEKF_F_Linearization_P_Fading  quaternionekf.o
    0x08007114   0x08007114   0x000000dc   Code   RO         7937    i.IMU_QuaternionEKF_Init  quaternionekf.o
    0x080071f0   0x080071f0   0x00000034   Code   RO         7938    i.IMU_QuaternionEKF_Observe  quaternionekf.o
    0x08007224   0x08007224   0x000000c4   Code   RO         7939    i.IMU_QuaternionEKF_SetH  quaternionekf.o
    0x080072e8   0x080072e8   0x000003c8   Code   RO         7940    i.IMU_QuaternionEKF_Update  quaternionekf.o
    0x080076b0   0x080076b0   0x000003b8   Code   RO         7941    i.IMU_QuaternionEKF_xhatUpdate  quaternionekf.o
    0x08007a68   0x08007a68   0x00000024   Code   RO         1010    i.IdleTask          daemontask.o
    0x08007a8c   0x08007a8c   0x00000164   Code   RO         1093    i.InertialCalibrateTask  inertialtask.o
    0x08007bf0   0x08007bf0   0x000002a8   Code   RO         1094    i.InertialTask      inertialtask.o
    0x08007e98   0x08007e98   0x000000b0   Code   RO         1095    i.Inertial_ImuInit  inertialtask.o
    0x08007f48   0x08007f48   0x00000038   Code   RO         1424    i.IntToUnicode      usbd_desc.o
    0x08007f80   0x08007f80   0x00000020   Code   RO         7810    i.KalmanFilter1st_Init  universalfilter.o
    0x08007fa0   0x08007fa0   0x00000052   Code   RO         7811    i.KalmanFilter1st_Update  universalfilter.o
    0x08007ff2   0x08007ff2   0x00000002   PAD
    0x08007ff4   0x08007ff4   0x000003e8   Code   RO         7853    i.Kalman_Filter_Inertial_Init  kalmanfilterinertial.o
    0x080083dc   0x080083dc   0x00000048   Code   RO         7854    i.Kalman_Filter_Inertial_Measure  kalmanfilterinertial.o
    0x08008424   0x08008424   0x0000006a   Code   RO         7855    i.Kalman_Filter_Inertial_P_Update  kalmanfilterinertial.o
    0x0800848e   0x0800848e   0x0000006c   Code   RO         7856    i.Kalman_Filter_Inertial_PminusUpdate  kalmanfilterinertial.o
    0x080084fa   0x080084fa   0x000000cc   Code   RO         7857    i.Kalman_Filter_Inertial_SetK  kalmanfilterinertial.o
    0x080085c6   0x080085c6   0x00000002   PAD
    0x080085c8   0x080085c8   0x000000e8   Code   RO         7858    i.Kalman_Filter_Inertial_Update  kalmanfilterinertial.o
    0x080086b0   0x080086b0   0x00000074   Code   RO         7859    i.Kalman_Filter_Inertial_xhatMinusUpdate  kalmanfilterinertial.o
    0x08008724   0x08008724   0x00000084   Code   RO         7860    i.Kalman_Filter_Inertial_xhatUpdate  kalmanfilterinertial.o
    0x080087a8   0x080087a8   0x0000000e   Code   RO         8000    i.Key_Init          mousekeyboard.o
    0x080087b6   0x080087b6   0x00000046   Code   RO         8001    i.Key_Update        mousekeyboard.o
    0x080087fc   0x080087fc   0x000000ac   Code   RO         8002    i.Keyboard_Init     mousekeyboard.o
    0x080088a8   0x080088a8   0x00000030   Code   RO         7812    i.LPF_1stOrderIIR_Init  universalfilter.o
    0x080088d8   0x080088d8   0x0000002c   Code   RO         7813    i.LPF_1stOrderIIR_Update  universalfilter.o
    0x08008904   0x08008904   0x00000058   Code   RO         5707    i.M2006_Init        djimotor.o
    0x0800895c   0x0800895c   0x00000058   Code   RO         5709    i.M3508_Init        djimotor.o
    0x080089b4   0x080089b4   0x00000044   Code   RO          396    i.MX_CAN1_Init      can.o
    0x080089f8   0x080089f8   0x00000044   Code   RO          397    i.MX_CAN2_Init      can.o
    0x08008a3c   0x08008a3c   0x0000008c   Code   RO          588    i.MX_DMA_Init       dma.o
    0x08008ac8   0x08008ac8   0x000000d8   Code   RO          281    i.MX_FREERTOS_Init  freertos.o
    0x08008ba0   0x08008ba0   0x00000164   Code   RO          250    i.MX_GPIO_Init      gpio.o
    0x08008d04   0x08008d04   0x00000048   Code   RO          614    i.MX_SPI1_Init      spi.o
    0x08008d4c   0x08008d4c   0x00000068   Code   RO          659    i.MX_TIM10_Init     tim.o
    0x08008db4   0x08008db4   0x00000074   Code   RO          660    i.MX_TIM4_Init      tim.o
    0x08008e28   0x08008e28   0x00000044   Code   RO          661    i.MX_TIM7_Init      tim.o
    0x08008e6c   0x08008e6c   0x000000a4   Code   RO          662    i.MX_TIM8_Init      tim.o
    0x08008f10   0x08008f10   0x00000038   Code   RO          735    i.MX_USART1_UART_Init  usart.o
    0x08008f48   0x08008f48   0x00000040   Code   RO          736    i.MX_USART3_UART_Init  usart.o
    0x08008f88   0x08008f88   0x00000038   Code   RO          737    i.MX_USART6_UART_Init  usart.o
    0x08008fc0   0x08008fc0   0x00000054   Code   RO         1393    i.MX_USB_DEVICE_Init  usb_device.o
    0x08009014   0x08009014   0x00000002   Code   RO          806    i.MemManage_Handler  stm32f4xx_it.o
    0x08009016   0x08009016   0x00000002   PAD
    0x08009018   0x08009018   0x00000010   Code   RO         5840    i.Misc_Laser_Off    misc.o
    0x08009028   0x08009028   0x0000004a   Code   RO         5593    i.Motor_UnwrapedAfterGearPositionPID_Calc  universalmotor.o
    0x08009072   0x08009072   0x00000002   PAD
    0x08009074   0x08009074   0x00000080   Code   RO         5594    i.Motor_UpdateUnwrap  universalmotor.o
    0x080090f4   0x080090f4   0x00000024   Code   RO         8003    i.Mouse_Init        mousekeyboard.o
    0x08009118   0x08009118   0x00000002   Code   RO          807    i.NMI_Handler       stm32f4xx_it.o
    0x0800911a   0x0800911a   0x00000002   PAD
    0x0800911c   0x0800911c   0x00000018   Code   RO         5782    i.NUC_Init          nuc.o
    0x08009134   0x08009134   0x000000f8   Code   RO         5783    i.NUC_RC_RxCallback  nuc.o
    0x0800922c   0x0800922c   0x00000100   Code   RO         5784    i.NUC_RxCallback    nuc.o
    0x0800932c   0x0800932c   0x0000003c   Code   RO         5785    i.NUC_SendConfig    nuc.o
    0x08009368   0x08009368   0x0000000c   Code   RO          808    i.OTG_FS_IRQHandler  stm32f4xx_it.o
    0x08009374   0x08009374   0x000000cc   Code   RO         1822    i.PCD_EP_OutXfrComplete_int  stm32f4xx_hal_pcd.o
    0x08009440   0x08009440   0x000000a2   Code   RO         1823    i.PCD_WriteEmptyTxFifo  stm32f4xx_hal_pcd.o
    0x080094e2   0x080094e2   0x00000002   PAD
    0x080094e4   0x080094e4   0x000000fc   Code   RO         7768    i.PID_AngleCalc     universalpid.o
    0x080095e0   0x080095e0   0x000000f0   Code   RO         7769    i.PID_Calc          universalpid.o
    0x080096d0   0x080096d0   0x0000001c   Code   RO         7770    i.PID_Clear         universalpid.o
    0x080096ec   0x080096ec   0x00000084   Code   RO         7771    i.PID_Init          universalpid.o
    0x08009770   0x08009770   0x00000040   Code   RO         5440    i.RC_DBUS_Init      rc_dbus.o
    0x080097b0   0x080097b0   0x00000154   Code   RO         5441    i.RC_DBUS_RxCallback  rc_dbus.o
    0x08009904   0x08009904   0x00000018   Code   RO         5476    i.RC_VTM_Init       rc_vtm.o
    0x0800991c   0x0800991c   0x0000000c   Code   RO          809    i.SPI1_IRQHandler   stm32f4xx_it.o
    0x08009928   0x08009928   0x00000010   Code   RO         3782    i.SPI_DMAAbortOnError  stm32f4xx_hal_spi.o
    0x08009938   0x08009938   0x0000006c   Code   RO         3793    i.SPI_EndRxTxTransaction  stm32f4xx_hal_spi.o
    0x080099a4   0x080099a4   0x000000b8   Code   RO         3798    i.SPI_WaitFlagStateUntilTimeout  stm32f4xx_hal_spi.o
    0x08009a5c   0x08009a5c   0x0000000a   Code   RO         7469    i.SWAPBYTE          usbd_ctlreq.o
    0x08009a66   0x08009a66   0x00000002   PAD
    0x08009a68   0x08009a68   0x00000200   Code   RO         1254    i.ShootingTask      shootingtask.o
    0x08009c68   0x08009c68   0x00000050   Code   RO         1255    i.Shooting_CheckStuck  shootingtask.o
    0x08009cb8   0x08009cb8   0x00000018   Code   RO         1256    i.Shooting_Disable  shootingtask.o
    0x08009cd0   0x08009cd0   0x0000006c   Code   RO         1257    i.Shooting_FrictionSpeedPID_Calc  shootingtask.o
    0x08009d3c   0x08009d3c   0x0000002c   Code   RO         7231    i.SysTick_Handler   port.o
    0x08009d68   0x08009d68   0x00000094   Code   RO           15    i.SystemClock_Config  main.o
    0x08009dfc   0x08009dfc   0x00000010   Code   RO         5403    i.SystemInit        system_stm32f4xx.o
    0x08009e0c   0x08009e0c   0x0000000c   Code   RO          810    i.TIM6_DAC_IRQHandler  stm32f4xx_it.o
    0x08009e18   0x08009e18   0x000000d8   Code   RO         4161    i.TIM_Base_SetConfig  stm32f4xx_hal_tim.o
    0x08009ef0   0x08009ef0   0x0000001a   Code   RO         4162    i.TIM_CCxChannelCmd  stm32f4xx_hal_tim.o
    0x08009f0a   0x08009f0a   0x00000002   PAD
    0x08009f0c   0x08009f0c   0x00000060   Code   RO         4174    i.TIM_OC1_SetConfig  stm32f4xx_hal_tim.o
    0x08009f6c   0x08009f6c   0x0000006c   Code   RO         4175    i.TIM_OC2_SetConfig  stm32f4xx_hal_tim.o
    0x08009fd8   0x08009fd8   0x00000068   Code   RO         4176    i.TIM_OC3_SetConfig  stm32f4xx_hal_tim.o
    0x0800a040   0x0800a040   0x00000050   Code   RO         4177    i.TIM_OC4_SetConfig  stm32f4xx_hal_tim.o
    0x0800a090   0x0800a090   0x00000010   Code   RO         5082    i.UART_DMAAbortOnError  stm32f4xx_hal_uart.o
    0x0800a0a0   0x0800a0a0   0x0000004a   Code   RO         5083    i.UART_DMAError     stm32f4xx_hal_uart.o
    0x0800a0ea   0x0800a0ea   0x00000086   Code   RO         5084    i.UART_DMAReceiveCplt  stm32f4xx_hal_uart.o
    0x0800a170   0x0800a170   0x0000001e   Code   RO         5086    i.UART_DMARxHalfCplt  stm32f4xx_hal_uart.o
    0x0800a18e   0x0800a18e   0x00000042   Code   RO         5088    i.UART_DMATransmitCplt  stm32f4xx_hal_uart.o
    0x0800a1d0   0x0800a1d0   0x0000000a   Code   RO         5090    i.UART_DMATxHalfCplt  stm32f4xx_hal_uart.o
    0x0800a1da   0x0800a1da   0x0000004e   Code   RO         5092    i.UART_EndRxTransfer  stm32f4xx_hal_uart.o
    0x0800a228   0x0800a228   0x0000001c   Code   RO         5093    i.UART_EndTxTransfer  stm32f4xx_hal_uart.o
    0x0800a244   0x0800a244   0x000000c2   Code   RO         5094    i.UART_Receive_IT   stm32f4xx_hal_uart.o
    0x0800a306   0x0800a306   0x00000002   PAD
    0x0800a308   0x0800a308   0x0000010c   Code   RO         5095    i.UART_SetConfig    stm32f4xx_hal_uart.o
    0x0800a414   0x0800a414   0x00000090   Code   RO         5096    i.UART_Start_Receive_DMA  stm32f4xx_hal_uart.o
    0x0800a4a4   0x0800a4a4   0x0000000c   Code   RO          811    i.USART1_IRQHandler  stm32f4xx_it.o
    0x0800a4b0   0x0800a4b0   0x0000000c   Code   RO          812    i.USART6_IRQHandler  stm32f4xx_it.o
    0x0800a4bc   0x0800a4bc   0x00000076   Code   RO         7602    i.USBD_CDC_DataIn   usbd_cdc.o
    0x0800a532   0x0800a532   0x0000003c   Code   RO         7603    i.USBD_CDC_DataOut  usbd_cdc.o
    0x0800a56e   0x0800a56e   0x00000002   PAD
    0x0800a570   0x0800a570   0x00000090   Code   RO         7604    i.USBD_CDC_DeInit   usbd_cdc.o
    0x0800a600   0x0800a600   0x00000036   Code   RO         7605    i.USBD_CDC_EP0_RxReady  usbd_cdc.o
    0x0800a636   0x0800a636   0x00000002   PAD
    0x0800a638   0x0800a638   0x0000000c   Code   RO         7606    i.USBD_CDC_GetDeviceQualifierDescriptor  usbd_cdc.o
    0x0800a644   0x0800a644   0x0000003c   Code   RO         7607    i.USBD_CDC_GetFSCfgDesc  usbd_cdc.o
    0x0800a680   0x0800a680   0x00000040   Code   RO         7608    i.USBD_CDC_GetHSCfgDesc  usbd_cdc.o
    0x0800a6c0   0x0800a6c0   0x0000003c   Code   RO         7609    i.USBD_CDC_GetOtherSpeedCfgDesc  usbd_cdc.o
    0x0800a6fc   0x0800a6fc   0x00000118   Code   RO         7610    i.USBD_CDC_Init     usbd_cdc.o
    0x0800a814   0x0800a814   0x00000038   Code   RO         7611    i.USBD_CDC_ReceivePacket  usbd_cdc.o
    0x0800a84c   0x0800a84c   0x00000016   Code   RO         7612    i.USBD_CDC_RegisterInterface  usbd_cdc.o
    0x0800a862   0x0800a862   0x0000001a   Code   RO         7613    i.USBD_CDC_SetRxBuffer  usbd_cdc.o
    0x0800a87c   0x0800a87c   0x0000001e   Code   RO         7614    i.USBD_CDC_SetTxBuffer  usbd_cdc.o
    0x0800a89a   0x0800a89a   0x000000d4   Code   RO         7615    i.USBD_CDC_Setup    usbd_cdc.o
    0x0800a96e   0x0800a96e   0x00000002   PAD
    0x0800a970   0x0800a970   0x00000050   Code   RO         7616    i.USBD_CDC_TransmitPacket  usbd_cdc.o
    0x0800a9c0   0x0800a9c0   0x00000014   Code   RO         7310    i.USBD_ClrClassConfig  usbd_core.o
    0x0800a9d4   0x0800a9d4   0x00000004   Code   RO         7311    i.USBD_CoreFindEP   usbd_core.o
    0x0800a9d8   0x0800a9d8   0x00000004   Code   RO         7312    i.USBD_CoreFindIF   usbd_core.o
    0x0800a9dc   0x0800a9dc   0x00000010   Code   RO         7542    i.USBD_CtlContinueRx  usbd_ioreq.o
    0x0800a9ec   0x0800a9ec   0x00000010   Code   RO         7543    i.USBD_CtlContinueSendData  usbd_ioreq.o
    0x0800a9fc   0x0800a9fc   0x00000016   Code   RO         7470    i.USBD_CtlError     usbd_ctlreq.o
    0x0800aa12   0x0800aa12   0x0000001e   Code   RO         7544    i.USBD_CtlPrepareRx  usbd_ioreq.o
    0x0800aa30   0x0800aa30   0x00000016   Code   RO         7545    i.USBD_CtlReceiveStatus  usbd_ioreq.o
    0x0800aa46   0x0800aa46   0x0000001a   Code   RO         7546    i.USBD_CtlSendData  usbd_ioreq.o
    0x0800aa60   0x0800aa60   0x00000016   Code   RO         7547    i.USBD_CtlSendStatus  usbd_ioreq.o
    0x0800aa76   0x0800aa76   0x00000002   PAD
    0x0800aa78   0x0800aa78   0x00000020   Code   RO         1425    i.USBD_FS_ConfigStrDescriptor  usbd_desc.o
    0x0800aa98   0x0800aa98   0x0000000c   Code   RO         1426    i.USBD_FS_DeviceDescriptor  usbd_desc.o
    0x0800aaa4   0x0800aaa4   0x00000024   Code   RO         1427    i.USBD_FS_InterfaceStrDescriptor  usbd_desc.o
    0x0800aac8   0x0800aac8   0x0000000c   Code   RO         1428    i.USBD_FS_LangIDStrDescriptor  usbd_desc.o
    0x0800aad4   0x0800aad4   0x00000030   Code   RO         1429    i.USBD_FS_ManufacturerStrDescriptor  usbd_desc.o
    0x0800ab04   0x0800ab04   0x0000002c   Code   RO         1430    i.USBD_FS_ProductStrDescriptor  usbd_desc.o
    0x0800ab30   0x0800ab30   0x00000038   Code   RO         1431    i.USBD_FS_SerialStrDescriptor  usbd_desc.o
    0x0800ab68   0x0800ab68   0x000000e6   Code   RO         7471    i.USBD_GetDescriptor  usbd_ctlreq.o
    0x0800ac4e   0x0800ac4e   0x0000003a   Code   RO         7314    i.USBD_GetEpDesc    usbd_core.o
    0x0800ac88   0x0800ac88   0x0000000e   Code   RO         7315    i.USBD_GetNextDesc  usbd_core.o
    0x0800ac96   0x0800ac96   0x00000048   Code   RO         7472    i.USBD_GetString    usbd_ctlreq.o
    0x0800acde   0x0800acde   0x00000018   Code   RO         1593    i.USBD_Get_USB_Status  usbd_conf.o
    0x0800acf6   0x0800acf6   0x00000026   Code   RO         7316    i.USBD_Init         usbd_core.o
    0x0800ad1c   0x0800ad1c   0x00000012   Code   RO         1594    i.USBD_LL_ClearStallEP  usbd_conf.o
    0x0800ad2e   0x0800ad2e   0x00000012   Code   RO         1595    i.USBD_LL_CloseEP   usbd_conf.o
    0x0800ad40   0x0800ad40   0x000000b6   Code   RO         7317    i.USBD_LL_DataInStage  usbd_core.o
    0x0800adf6   0x0800adf6   0x0000008e   Code   RO         7318    i.USBD_LL_DataOutStage  usbd_core.o
    0x0800ae84   0x0800ae84   0x00000004   Code   RO         7319    i.USBD_LL_DevConnected  usbd_core.o
    0x0800ae88   0x0800ae88   0x0000001e   Code   RO         7320    i.USBD_LL_DevDisconnected  usbd_core.o
    0x0800aea6   0x0800aea6   0x00000008   Code   RO         1599    i.USBD_LL_GetRxDataSize  usbd_conf.o
    0x0800aeae   0x0800aeae   0x00000002   PAD
    0x0800aeb0   0x0800aeb0   0x00000060   Code   RO         1600    i.USBD_LL_Init      usbd_conf.o
    0x0800af10   0x0800af10   0x0000001e   Code   RO         1601    i.USBD_LL_IsStallEP  usbd_conf.o
    0x0800af2e   0x0800af2e   0x00000028   Code   RO         7321    i.USBD_LL_IsoINIncomplete  usbd_core.o
    0x0800af56   0x0800af56   0x00000028   Code   RO         7322    i.USBD_LL_IsoOUTIncomplete  usbd_core.o
    0x0800af7e   0x0800af7e   0x00000018   Code   RO         1602    i.USBD_LL_OpenEP    usbd_conf.o
    0x0800af96   0x0800af96   0x00000012   Code   RO         1603    i.USBD_LL_PrepareReceive  usbd_conf.o
    0x0800afa8   0x0800afa8   0x0000005c   Code   RO         7323    i.USBD_LL_Reset     usbd_core.o
    0x0800b004   0x0800b004   0x00000014   Code   RO         7324    i.USBD_LL_Resume    usbd_core.o
    0x0800b018   0x0800b018   0x0000001a   Code   RO         7325    i.USBD_LL_SOF       usbd_core.o
    0x0800b032   0x0800b032   0x00000006   Code   RO         7326    i.USBD_LL_SetSpeed  usbd_core.o
    0x0800b038   0x0800b038   0x00000012   Code   RO         1604    i.USBD_LL_SetUSBAddress  usbd_conf.o
    0x0800b04a   0x0800b04a   0x00000060   Code   RO         7327    i.USBD_LL_SetupStage  usbd_core.o
    0x0800b0aa   0x0800b0aa   0x00000012   Code   RO         1605    i.USBD_LL_StallEP   usbd_conf.o
    0x0800b0bc   0x0800b0bc   0x00000012   Code   RO         1606    i.USBD_LL_Start     usbd_conf.o
    0x0800b0ce   0x0800b0ce   0x0000001a   Code   RO         7328    i.USBD_LL_Suspend   usbd_core.o
    0x0800b0e8   0x0800b0e8   0x00000012   Code   RO         1608    i.USBD_LL_Transmit  usbd_conf.o
    0x0800b0fa   0x0800b0fa   0x0000002c   Code   RO         7473    i.USBD_ParseSetupRequest  usbd_ctlreq.o
    0x0800b126   0x0800b126   0x0000003a   Code   RO         7329    i.USBD_RegisterClass  usbd_core.o
    0x0800b160   0x0800b160   0x00000014   Code   RO         7331    i.USBD_SetClassConfig  usbd_core.o
    0x0800b174   0x0800b174   0x000000b8   Code   RO         7474    i.USBD_SetConfig    usbd_ctlreq.o
    0x0800b22c   0x0800b22c   0x00000004   Code   RO         7332    i.USBD_Start        usbd_core.o
    0x0800b230   0x0800b230   0x0000012c   Code   RO         7475    i.USBD_StdDevReq    usbd_ctlreq.o
    0x0800b35c   0x0800b35c   0x00000160   Code   RO         7476    i.USBD_StdEPReq     usbd_ctlreq.o
    0x0800b4bc   0x0800b4bc   0x00000072   Code   RO         7477    i.USBD_StdItfReq    usbd_ctlreq.o
    0x0800b52e   0x0800b52e   0x00000002   Code   RO         1609    i.USBD_static_free  usbd_conf.o
    0x0800b530   0x0800b530   0x00000008   Code   RO         1610    i.USBD_static_malloc  usbd_conf.o
    0x0800b538   0x0800b538   0x00000080   Code   RO         2068    i.USB_ActivateEndpoint  stm32f4xx_ll_usb.o
    0x0800b5b8   0x0800b5b8   0x0000001c   Code   RO         2070    i.USB_ActivateSetup  stm32f4xx_ll_usb.o
    0x0800b5d4   0x0800b5d4   0x00000084   Code   RO         2072    i.USB_CoreInit      stm32f4xx_ll_usb.o
    0x0800b658   0x0800b658   0x0000003c   Code   RO         2073    i.USB_CoreReset     stm32f4xx_ll_usb.o
    0x0800b694   0x0800b694   0x000000cc   Code   RO         2076    i.USB_DeactivateEndpoint  stm32f4xx_ll_usb.o
    0x0800b760   0x0800b760   0x0000001c   Code   RO         2077    i.USB_DevConnect    stm32f4xx_ll_usb.o
    0x0800b77c   0x0800b77c   0x0000001c   Code   RO         2078    i.USB_DevDisconnect  stm32f4xx_ll_usb.o
    0x0800b798   0x0800b798   0x0000017c   Code   RO         2079    i.USB_DevInit       stm32f4xx_ll_usb.o
    0x0800b914   0x0800b914   0x0000000c   Code   RO         2080    i.USB_DisableGlobalInt  stm32f4xx_ll_usb.o
    0x0800b920   0x0800b920   0x00000058   Code   RO         2083    i.USB_EP0_OutStart  stm32f4xx_ll_usb.o
    0x0800b978   0x0800b978   0x00000058   Code   RO         2084    i.USB_EPClearStall  stm32f4xx_ll_usb.o
    0x0800b9d0   0x0800b9d0   0x00000058   Code   RO         2085    i.USB_EPSetStall    stm32f4xx_ll_usb.o
    0x0800ba28   0x0800ba28   0x00000230   Code   RO         2086    i.USB_EPStartXfer   stm32f4xx_ll_usb.o
    0x0800bc58   0x0800bc58   0x0000009e   Code   RO         2087    i.USB_EPStopXfer    stm32f4xx_ll_usb.o
    0x0800bcf6   0x0800bcf6   0x0000000c   Code   RO         2088    i.USB_EnableGlobalInt  stm32f4xx_ll_usb.o
    0x0800bd02   0x0800bd02   0x00000038   Code   RO         2089    i.USB_FlushRxFifo   stm32f4xx_ll_usb.o
    0x0800bd3a   0x0800bd3a   0x0000003c   Code   RO         2090    i.USB_FlushTxFifo   stm32f4xx_ll_usb.o
    0x0800bd76   0x0800bd76   0x0000001a   Code   RO         2092    i.USB_GetDevSpeed   stm32f4xx_ll_usb.o
    0x0800bd90   0x0800bd90   0x00000008   Code   RO         2094    i.USB_GetMode       stm32f4xx_ll_usb.o
    0x0800bd98   0x0800bd98   0x0000000e   Code   RO         2102    i.USB_ReadDevAllInEpInterrupt  stm32f4xx_ll_usb.o
    0x0800bda6   0x0800bda6   0x0000000e   Code   RO         2103    i.USB_ReadDevAllOutEpInterrupt  stm32f4xx_ll_usb.o
    0x0800bdb4   0x0800bdb4   0x00000024   Code   RO         2104    i.USB_ReadDevInEPInterrupt  stm32f4xx_ll_usb.o
    0x0800bdd8   0x0800bdd8   0x00000010   Code   RO         2105    i.USB_ReadDevOutEPInterrupt  stm32f4xx_ll_usb.o
    0x0800bde8   0x0800bde8   0x00000008   Code   RO         2106    i.USB_ReadInterrupts  stm32f4xx_ll_usb.o
    0x0800bdf0   0x0800bdf0   0x0000003e   Code   RO         2107    i.USB_ReadPacket    stm32f4xx_ll_usb.o
    0x0800be2e   0x0800be2e   0x0000005c   Code   RO         2109    i.USB_SetCurrentMode  stm32f4xx_ll_usb.o
    0x0800be8a   0x0800be8a   0x00000022   Code   RO         2110    i.USB_SetDevAddress  stm32f4xx_ll_usb.o
    0x0800beac   0x0800beac   0x000000e8   Code   RO         2112    i.USB_SetTurnaroundTime  stm32f4xx_ll_usb.o
    0x0800bf94   0x0800bf94   0x00000028   Code   RO         2115    i.USB_WritePacket   stm32f4xx_ll_usb.o
    0x0800bfbc   0x0800bfbc   0x00000002   Code   RO          813    i.UsageFault_Handler  stm32f4xx_it.o
    0x0800bfbe   0x0800bfbe   0x00000002   PAD
    0x0800bfc0   0x0800bfc0   0x000000bc   Code   RO         1307    i.VisionDaemonTask  visiontask.o
    0x0800c07c   0x0800c07c   0x000002b0   Code   RO         1308    i.VisionTask        visiontask.o
    0x0800c32c   0x0800c32c   0x00000080   Code   RO         1309    i.Vision_PitchTrajectory  visiontask.o
    0x0800c3ac   0x0800c3ac   0x00000026   Code   RO         8665    i.__ARM_fpclassifyf  m_wm.l(fpclassifyf.o)
    0x0800c3d2   0x0800c3d2   0x00000020   Code   RO         3130    i.__NVIC_SetPriority  stm32f4xx_hal_cortex.o
    0x0800c3f2   0x0800c3f2   0x00000002   PAD
    0x0800c3f4   0x0800c3f4   0x00000118   Code   RO         8552    i.__hardfp_acosf    m_wm.l(acosf.o)
    0x0800c50c   0x0800c50c   0x0000012c   Code   RO         8564    i.__hardfp_asinf    m_wm.l(asinf.o)
    0x0800c638   0x0800c638   0x00000250   Code   RO         8576    i.__hardfp_atan2f   m_wm.l(atan2f.o)
    0x0800c888   0x0800c888   0x000001e8   Code   RO         8588    i.__hardfp_expf     m_wm.l(expf.o)
    0x0800ca70   0x0800ca70   0x000000b0   Code   RO         8602    i.__hardfp_fmodf    m_wm.l(fmodf.o)
    0x0800cb20   0x0800cb20   0x00000664   Code   RO         8614    i.__hardfp_powf     m_wm.l(powf.o)
    0x0800d184   0x0800d184   0x00000190   Code   RO         8628    i.__hardfp_sinf     m_wm.l(sinf.o)
    0x0800d314   0x0800d314   0x0000003a   Code   RO         8640    i.__hardfp_sqrtf    m_wm.l(sqrtf.o)
    0x0800d34e   0x0800d34e   0x00000002   PAD
    0x0800d350   0x0800d350   0x00000014   Code   RO         8667    i.__mathlib_flt_divzero  m_wm.l(funder.o)
    0x0800d364   0x0800d364   0x00000006   Code   RO         8668    i.__mathlib_flt_infnan  m_wm.l(funder.o)
    0x0800d36a   0x0800d36a   0x00000006   Code   RO         8669    i.__mathlib_flt_infnan2  m_wm.l(funder.o)
    0x0800d370   0x0800d370   0x00000010   Code   RO         8670    i.__mathlib_flt_invalid  m_wm.l(funder.o)
    0x0800d380   0x0800d380   0x00000010   Code   RO         8671    i.__mathlib_flt_overflow  m_wm.l(funder.o)
    0x0800d390   0x0800d390   0x00000010   Code   RO         8673    i.__mathlib_flt_underflow  m_wm.l(funder.o)
    0x0800d3a0   0x0800d3a0   0x00000154   Code   RO         8681    i.__mathlib_rredf2  m_wm.l(rredf.o)
    0x0800d4f4   0x0800d4f4   0x0000000e   Code   RO         8720    i.__scatterload_copy  mc_w.l(handlers.o)
    0x0800d502   0x0800d502   0x00000002   Code   RO         8721    i.__scatterload_null  mc_w.l(handlers.o)
    0x0800d504   0x0800d504   0x0000000e   Code   RO         8722    i.__scatterload_zeroinit  mc_w.l(handlers.o)
    0x0800d512   0x0800d512   0x00000002   PAD
    0x0800d514   0x0800d514   0x0000000c   Code   RO         8704    i.__set_errno       mc_w.l(errno.o)
    0x0800d520   0x0800d520   0x00000094   Code   RO         8225    i.arm_cfft_init_f32  arm_cfft_init_f32.o
    0x0800d5b4   0x0800d5b4   0x0000002c   Code   RO         8088    i.arm_rfft_1024_fast_init_f32  arm_rfft_fast_init_f32.o
    0x0800d5e0   0x0800d5e0   0x00000028   Code   RO         8089    i.arm_rfft_128_fast_init_f32  arm_rfft_fast_init_f32.o
    0x0800d608   0x0800d608   0x0000002c   Code   RO         8090    i.arm_rfft_2048_fast_init_f32  arm_rfft_fast_init_f32.o
    0x0800d634   0x0800d634   0x00000028   Code   RO         8091    i.arm_rfft_256_fast_init_f32  arm_rfft_fast_init_f32.o
    0x0800d65c   0x0800d65c   0x00000028   Code   RO         8092    i.arm_rfft_32_fast_init_f32  arm_rfft_fast_init_f32.o
    0x0800d684   0x0800d684   0x0000002c   Code   RO         8093    i.arm_rfft_4096_fast_init_f32  arm_rfft_fast_init_f32.o
    0x0800d6b0   0x0800d6b0   0x0000002c   Code   RO         8094    i.arm_rfft_512_fast_init_f32  arm_rfft_fast_init_f32.o
    0x0800d6dc   0x0800d6dc   0x00000028   Code   RO         8095    i.arm_rfft_64_fast_init_f32  arm_rfft_fast_init_f32.o
    0x0800d704   0x0800d704   0x00000038   Code   RO         8189    i.arm_rfft_fast_f32  arm_rfft_fast_f32.o
    0x0800d73c   0x0800d73c   0x00000078   Code   RO         8096    i.arm_rfft_fast_init_f32  arm_rfft_fast_init_f32.o
    0x0800d7b4   0x0800d7b4   0x00000128   Code   RO         5877    i.bmi088_accel_init  bmi088driver.o
    0x0800d8dc   0x0800d8dc   0x000000fc   Code   RO         5878    i.bmi088_gyro_init  bmi088driver.o
    0x0800d9d8   0x0800d9d8   0x0000000c   Code   RO         6794    i.inHandlerMode     cmsis_os.o
    0x0800d9e4   0x0800d9e4   0x0000002c   Code   RO         7942    i.invSqrt           quaternionekf.o
    0x0800da10   0x0800da10   0x00000052   Code   RO           16    i.main              main.o
    0x0800da62   0x0800da62   0x0000000c   Code   RO         6796    i.makeFreeRtosPriority  cmsis_os.o
    0x0800da6e   0x0800da6e   0x000000a0   Code   RO         8190    i.merge_rfft_f32    arm_rfft_fast_f32.o
    0x0800db0e   0x0800db0e   0x0000000e   Code   RO         6798    i.osDelay           cmsis_os.o
    0x0800db1c   0x0800db1c   0x0000000e   Code   RO         6799    i.osDelayUntil      cmsis_os.o
    0x0800db2a   0x0800db2a   0x0000000a   Code   RO         6801    i.osKernelStart     cmsis_os.o
    0x0800db34   0x0800db34   0x00000018   Code   RO         6802    i.osKernelSysTick   cmsis_os.o
    0x0800db4c   0x0800db4c   0x00000054   Code   RO         6835    i.osThreadCreate    cmsis_os.o
    0x0800dba0   0x0800dba0   0x00000004   Code   RO         6836    i.osThreadGetId     cmsis_os.o
    0x0800dba4   0x0800dba4   0x00000034   Code   RO         6839    i.osThreadResume    cmsis_os.o
    0x0800dbd8   0x0800dbd8   0x0000000a   Code   RO         6842    i.osThreadSuspend   cmsis_os.o
    0x0800dbe2   0x0800dbe2   0x0000000a   Code   RO         6844    i.osThreadTerminate  cmsis_os.o
    0x0800dbec   0x0800dbec   0x00000070   Code   RO         6472    i.prvAddCurrentTaskToDelayedList  tasks.o
    0x0800dc5c   0x0800dc5c   0x000000d0   Code   RO         6473    i.prvAddNewTaskToReadyList  tasks.o
    0x0800dd2c   0x0800dd2c   0x00000034   Code   RO         6474    i.prvDeleteTCB      tasks.o
    0x0800dd60   0x0800dd60   0x0000004c   Code   RO         7163    i.prvHeapInit       heap_4.o
    0x0800ddac   0x0800ddac   0x00000060   Code   RO         6475    i.prvIdleTask       tasks.o
    0x0800de0c   0x0800de0c   0x00000098   Code   RO         6476    i.prvInitialiseNewTask  tasks.o
    0x0800dea4   0x0800dea4   0x0000004c   Code   RO         7164    i.prvInsertBlockIntoFreeList  heap_4.o
    0x0800def0   0x0800def0   0x00000020   Code   RO         6477    i.prvResetNextTaskUnblockTime  tasks.o
    0x0800df10   0x0800df10   0x00000028   Code   RO         7232    i.prvTaskExitError  port.o
    0x0800df38   0x0800df38   0x00000034   Code   RO         6478    i.prvTaskIsTaskSuspended  tasks.o
    0x0800df6c   0x0800df6c   0x000000dc   Code   RO         7165    i.pvPortMalloc      heap_4.o
    0x0800e048   0x0800e048   0x0000002c   Code   RO         7233    i.pxPortInitialiseStack  port.o
    0x0800e074   0x0800e074   0x0000003e   Code   RO         8642    i.sqrtf             m_wm.l(sqrtf.o)
    0x0800e0b2   0x0800e0b2   0x00000002   PAD
    0x0800e0b4   0x0800e0b4   0x000000a4   Code   RO         8191    i.stage_rfft_f32    arm_rfft_fast_f32.o
    0x0800e158   0x0800e158   0x00000026   Code   RO         6108    i.uxListRemove      list.o
    0x0800e17e   0x0800e17e   0x00000002   PAD
    0x0800e180   0x0800e180   0x00000014   Code   RO          284    i.vApplicationGetIdleTaskMemory  freertos.o
    0x0800e194   0x0800e194   0x00000016   Code   RO         6109    i.vListInitialise   list.o
    0x0800e1aa   0x0800e1aa   0x00000006   Code   RO         6110    i.vListInitialiseItem  list.o
    0x0800e1b0   0x0800e1b0   0x00000030   Code   RO         6111    i.vListInsert       list.o
    0x0800e1e0   0x0800e1e0   0x00000018   Code   RO         6112    i.vListInsertEnd    list.o
    0x0800e1f8   0x0800e1f8   0x00000040   Code   RO         7235    i.vPortEnterCritical  port.o
    0x0800e238   0x0800e238   0x00000028   Code   RO         7236    i.vPortExitCritical  port.o
    0x0800e260   0x0800e260   0x00000064   Code   RO         7166    i.vPortFree         heap_4.o
    0x0800e2c4   0x0800e2c4   0x00000024   Code   RO         7237    i.vPortSetupTimerInterrupt  port.o
    0x0800e2e8   0x0800e2e8   0x00000054   Code   RO         7238    i.vPortValidateInterruptPriority  port.o
    0x0800e33c   0x0800e33c   0x0000004c   Code   RO         6486    i.vTaskDelay        tasks.o
    0x0800e388   0x0800e388   0x0000008c   Code   RO         6487    i.vTaskDelayUntil   tasks.o
    0x0800e414   0x0800e414   0x000000ac   Code   RO         6488    i.vTaskDelete       tasks.o
    0x0800e4c0   0x0800e4c0   0x0000007c   Code   RO         6498    i.vTaskResume       tasks.o
    0x0800e53c   0x0800e53c   0x0000006c   Code   RO         6500    i.vTaskStartScheduler  tasks.o
    0x0800e5a8   0x0800e5a8   0x000000bc   Code   RO         6501    i.vTaskSuspend      tasks.o
    0x0800e664   0x0800e664   0x00000010   Code   RO         6502    i.vTaskSuspendAll   tasks.o
    0x0800e674   0x0800e674   0x0000005c   Code   RO         6503    i.vTaskSwitchContext  tasks.o
    0x0800e6d0   0x0800e6d0   0x000000f4   Code   RO         7239    i.xPortStartScheduler  port.o
    0x0800e7c4   0x0800e7c4   0x0000005a   Code   RO         6506    i.xTaskCreate       tasks.o
    0x0800e81e   0x0800e81e   0x00000056   Code   RO         6507    i.xTaskCreateStatic  tasks.o
    0x0800e874   0x0800e874   0x0000000c   Code   RO         6510    i.xTaskGetCurrentTaskHandle  tasks.o
    0x0800e880   0x0800e880   0x0000000c   Code   RO         6512    i.xTaskGetTickCount  tasks.o
    0x0800e88c   0x0800e88c   0x00000010   Code   RO         6513    i.xTaskGetTickCountFromISR  tasks.o
    0x0800e89c   0x0800e89c   0x000000cc   Code   RO         6514    i.xTaskIncrementTick  tasks.o
    0x0800e968   0x0800e968   0x000000c4   Code   RO         6520    i.xTaskResumeAll    tasks.o
    0x0800ea2c   0x0800ea2c   0x00000088   Code   RO         6521    i.xTaskResumeFromISR  tasks.o
    0x0800eab4   0x0800eab4   0x000000fc   Data   RO          304    .constdata          freertos.o
    0x0800ebb0   0x0800ebb0   0x0000001c   Data   RO         1011    .constdata          daemontask.o
    0x0800ebcc   0x0800ebcc   0x0000004c   Data   RO         1098    .constdata          inertialtask.o
    0x0800ec18   0x0800ec18   0x0000001c   Data   RO         1312    .constdata          visiontask.o
    0x0800ec34   0x0800ec34   0x00000008   Data   RO         2846    .constdata          stm32f4xx_hal_dma.o
    0x0800ec3c   0x0800ec3c   0x00000010   Data   RO         5404    .constdata          system_stm32f4xx.o
    0x0800ec4c   0x0800ec4c   0x00000008   Data   RO         5405    .constdata          system_stm32f4xx.o
    0x0800ec54   0x0800ec54   0x00000090   Data   RO         7944    .constdata          quaternionekf.o
    0x0800ece4   0x0800ece4   0x00000030   Data   RO         8591    .constdata          m_wm.l(expf.o)
    0x0800ed14   0x0800ed14   0x00000140   Data   RO         8617    .constdata          m_wm.l(powf.o)
    0x0800ee54   0x0800ee54   0x00000020   Data   RO         8682    .constdata          m_wm.l(rredf.o)
    0x0800ee74   0x0800ee74   0x0000005b   Data   RO          305    .conststring        freertos.o
    0x0800eecf   0x0800eecf   0x00000001   PAD
    0x0800eed0   0x0800eed0   0x00000005   Data   RO         1012    .conststring        daemontask.o
    0x0800eed5   0x0800eed5   0x00000003   PAD
    0x0800eed8   0x0800eed8   0x00000012   Data   RO         1099    .conststring        inertialtask.o
    0x0800eeea   0x0800eeea   0x00000002   PAD
    0x0800eeec   0x0800eeec   0x0000000d   Data   RO         1313    .conststring        visiontask.o
    0x0800eef9   0x0800eef9   0x00000001   PAD
    0x0800eefa   0x0800eefa   0x00000e10   Data   RO         8410    .rodata.armBitRevIndexTable1024  arm_cortexM4lf_math.lib(arm_common_tables.o)
    0x0800fd0a   0x0800fd0a   0x000001a0   Data   RO         8407    .rodata.armBitRevIndexTable128  arm_cortexM4lf_math.lib(arm_common_tables.o)
    0x0800feaa   0x0800feaa   0x00000028   Data   RO         8404    .rodata.armBitRevIndexTable16  arm_cortexM4lf_math.lib(arm_common_tables.o)
    0x0800fed2   0x0800fed2   0x00001dc0   Data   RO         8411    .rodata.armBitRevIndexTable2048  arm_cortexM4lf_math.lib(arm_common_tables.o)
    0x08011c92   0x08011c92   0x00000370   Data   RO         8408    .rodata.armBitRevIndexTable256  arm_cortexM4lf_math.lib(arm_common_tables.o)
    0x08012002   0x08012002   0x00000060   Data   RO         8405    .rodata.armBitRevIndexTable32  arm_cortexM4lf_math.lib(arm_common_tables.o)
    0x08012062   0x08012062   0x00001f80   Data   RO         8412    .rodata.armBitRevIndexTable4096  arm_cortexM4lf_math.lib(arm_common_tables.o)
    0x08013fe2   0x08013fe2   0x00000380   Data   RO         8409    .rodata.armBitRevIndexTable512  arm_cortexM4lf_math.lib(arm_common_tables.o)
    0x08014362   0x08014362   0x00000070   Data   RO         8406    .rodata.armBitRevIndexTable64  arm_cortexM4lf_math.lib(arm_common_tables.o)
    0x080143d2   0x080143d2   0x00000002   PAD
    0x080143d4   0x080143d4   0x00000010   Data   RO         8477    .rodata.arm_cfft_sR_f32_len1024  arm_cortexM4lf_math.lib(arm_const_structs.o)
    0x080143e4   0x080143e4   0x00000010   Data   RO         8474    .rodata.arm_cfft_sR_f32_len128  arm_cortexM4lf_math.lib(arm_const_structs.o)
    0x080143f4   0x080143f4   0x00000010   Data   RO         8471    .rodata.arm_cfft_sR_f32_len16  arm_cortexM4lf_math.lib(arm_const_structs.o)
    0x08014404   0x08014404   0x00000010   Data   RO         8478    .rodata.arm_cfft_sR_f32_len2048  arm_cortexM4lf_math.lib(arm_const_structs.o)
    0x08014414   0x08014414   0x00000010   Data   RO         8475    .rodata.arm_cfft_sR_f32_len256  arm_cortexM4lf_math.lib(arm_const_structs.o)
    0x08014424   0x08014424   0x00000010   Data   RO         8472    .rodata.arm_cfft_sR_f32_len32  arm_cortexM4lf_math.lib(arm_const_structs.o)
    0x08014434   0x08014434   0x00000010   Data   RO         8479    .rodata.arm_cfft_sR_f32_len4096  arm_cortexM4lf_math.lib(arm_const_structs.o)
    0x08014444   0x08014444   0x00000010   Data   RO         8476    .rodata.arm_cfft_sR_f32_len512  arm_cortexM4lf_math.lib(arm_const_structs.o)
    0x08014454   0x08014454   0x00000010   Data   RO         8473    .rodata.arm_cfft_sR_f32_len64  arm_cortexM4lf_math.lib(arm_const_structs.o)
    0x08014464   0x08014464   0x00000804   Data   RO         8462    .rodata.sinTable_f32  arm_cortexM4lf_math.lib(arm_common_tables.o)
    0x08014c68   0x08014c68   0x00002000   Data   RO         8383    .rodata.twiddleCoef_1024  arm_cortexM4lf_math.lib(arm_common_tables.o)
    0x08016c68   0x08016c68   0x00000400   Data   RO         8380    .rodata.twiddleCoef_128  arm_cortexM4lf_math.lib(arm_common_tables.o)
    0x08017068   0x08017068   0x00000080   Data   RO         8377    .rodata.twiddleCoef_16  arm_cortexM4lf_math.lib(arm_common_tables.o)
    0x080170e8   0x080170e8   0x00004000   Data   RO         8384    .rodata.twiddleCoef_2048  arm_cortexM4lf_math.lib(arm_common_tables.o)
    0x0801b0e8   0x0801b0e8   0x00000800   Data   RO         8381    .rodata.twiddleCoef_256  arm_cortexM4lf_math.lib(arm_common_tables.o)
    0x0801b8e8   0x0801b8e8   0x00000100   Data   RO         8378    .rodata.twiddleCoef_32  arm_cortexM4lf_math.lib(arm_common_tables.o)
    0x0801b9e8   0x0801b9e8   0x00008000   Data   RO         8385    .rodata.twiddleCoef_4096  arm_cortexM4lf_math.lib(arm_common_tables.o)
    0x080239e8   0x080239e8   0x00001000   Data   RO         8382    .rodata.twiddleCoef_512  arm_cortexM4lf_math.lib(arm_common_tables.o)
    0x080249e8   0x080249e8   0x00000200   Data   RO         8379    .rodata.twiddleCoef_64  arm_cortexM4lf_math.lib(arm_common_tables.o)
    0x08024be8   0x08024be8   0x00001000   Data   RO         8427    .rodata.twiddleCoef_rfft_1024  arm_cortexM4lf_math.lib(arm_common_tables.o)
    0x08025be8   0x08025be8   0x00000200   Data   RO         8424    .rodata.twiddleCoef_rfft_128  arm_cortexM4lf_math.lib(arm_common_tables.o)
    0x08025de8   0x08025de8   0x00002000   Data   RO         8428    .rodata.twiddleCoef_rfft_2048  arm_cortexM4lf_math.lib(arm_common_tables.o)
    0x08027de8   0x08027de8   0x00000400   Data   RO         8425    .rodata.twiddleCoef_rfft_256  arm_cortexM4lf_math.lib(arm_common_tables.o)
    0x080281e8   0x080281e8   0x00000080   Data   RO         8422    .rodata.twiddleCoef_rfft_32  arm_cortexM4lf_math.lib(arm_common_tables.o)
    0x08028268   0x08028268   0x00004000   Data   RO         8429    .rodata.twiddleCoef_rfft_4096  arm_cortexM4lf_math.lib(arm_common_tables.o)
    0x0802c268   0x0802c268   0x00000800   Data   RO         8426    .rodata.twiddleCoef_rfft_512  arm_cortexM4lf_math.lib(arm_common_tables.o)
    0x0802ca68   0x0802ca68   0x00000100   Data   RO         8423    .rodata.twiddleCoef_rfft_64  arm_cortexM4lf_math.lib(arm_common_tables.o)
    0x0802cb68   0x0802cb68   0x00000020   Data   RO         8718    Region$$Table       anon$$obj.o


    Execution Region RW_IRAM1 (Exec base: 0x20000000, Load base: 0x0802cb88, Size: 0x0000aee0, Max: 0x0001c000, ABSOLUTE, COMPRESSED[0x00000114])

    Exec Addr    Load Addr    Size         Type   Attr      Idx    E Section Name        Object

    0x20000000   COMPRESSED   0x00000024   Data   RW          306    .data               freertos.o
    0x20000024   COMPRESSED   0x00000004   Data   RW          399    .data               can.o
    0x20000028   COMPRESSED   0x0000000c   Data   RW         1013    .data               daemontask.o
    0x20000034   COMPRESSED   0x00000004   Data   RW         1051    .data               controllertask.o
    0x20000038   COMPRESSED   0x0000000c   Data   RW         1314    .data               visiontask.o
    0x20000044   COMPRESSED   0x0000001c   Data   RW         1433    .data               usbd_desc.o
    0x20000060   COMPRESSED   0x00000032   Data   RW         1434    .data               usbd_desc.o
    0x20000092   COMPRESSED   0x00000002   PAD
    0x20000094   COMPRESSED   0x00000014   Data   RW         1517    .data               usbd_cdc_if.o
    0x200000a8   COMPRESSED   0x0000000c   Data   RW         3279    .data               stm32f4xx_hal.o
    0x200000b4   COMPRESSED   0x00000004   Data   RW         5406    .data               system_stm32f4xx.o
    0x200000b8   COMPRESSED   0x0000000c   Data   RW         5787    .data               nuc.o
    0x200000c4   COMPRESSED   0x00000048   Data   RW         5881    .data               bmi088driver.o
    0x2000010c   COMPRESSED   0x00000004   Data   RW         5958    .data               bmi088middleware.o
    0x20000110   COMPRESSED   0x0000003c   Data   RW         6523    .data               tasks.o
    0x2000014c   COMPRESSED   0x00000020   Data   RW         7172    .data               heap_4.o
    0x2000016c   COMPRESSED   0x0000000c   Data   RW         7240    .data               port.o
    0x20000178   COMPRESSED   0x00000001   Data   RW         7478    .data               usbd_ctlreq.o
    0x20000179   COMPRESSED   0x00000003   PAD
    0x2000017c   COMPRESSED   0x00000053   Data   RW         7617    .data               usbd_cdc.o
    0x200001cf   COMPRESSED   0x00000001   PAD
    0x200001d0   COMPRESSED   0x00000038   Data   RW         7618    .data               usbd_cdc.o
    0x20000208   COMPRESSED   0x00000004   Data   RW         7861    .data               kalmanfilterinertial.o
    0x2000020c   COMPRESSED   0x000000d4   Data   RW         7945    .data               quaternionekf.o
    0x200002e0   COMPRESSED   0x00000004   Data   RW         8705    .data               mc_w.l(errno.o)
    0x200002e4        -       0x00000200   Zero   RW          285    .bss                freertos.o
    0x200004e4        -       0x00000054   Zero   RW          286    .bss                freertos.o
    0x20000538        -       0x00000200   Zero   RW          287    .bss                freertos.o
    0x20000738        -       0x00000054   Zero   RW          288    .bss                freertos.o
    0x2000078c        -       0x00000200   Zero   RW          289    .bss                freertos.o
    0x2000098c        -       0x00000054   Zero   RW          290    .bss                freertos.o
    0x200009e0        -       0x00001000   Zero   RW          291    .bss                freertos.o
    0x200019e0        -       0x00000054   Zero   RW          292    .bss                freertos.o
    0x20001a34        -       0x00001000   Zero   RW          293    .bss                freertos.o
    0x20002a34        -       0x00000054   Zero   RW          294    .bss                freertos.o
    0x20002a88        -       0x00000200   Zero   RW          295    .bss                freertos.o
    0x20002c88        -       0x00000054   Zero   RW          296    .bss                freertos.o
    0x20002cdc        -       0x00000200   Zero   RW          297    .bss                freertos.o
    0x20002edc        -       0x00000054   Zero   RW          298    .bss                freertos.o
    0x20002f30        -       0x00000200   Zero   RW          299    .bss                freertos.o
    0x20003130        -       0x00000054   Zero   RW          300    .bss                freertos.o
    0x20003184        -       0x00000400   Zero   RW          301    .bss                freertos.o
    0x20003584        -       0x00000054   Zero   RW          302    .bss                freertos.o
    0x200035d8        -       0x00000254   Zero   RW          303    .bss                freertos.o
    0x2000382c        -       0x00000050   Zero   RW          398    .bss                can.o
    0x2000387c        -       0x00000118   Zero   RW          615    .bss                spi.o
    0x20003994        -       0x00000120   Zero   RW          663    .bss                tim.o
    0x20003ab4        -       0x00000258   Zero   RW          738    .bss                usart.o
    0x20003d0c        -       0x00000048   Zero   RW          973    .bss                stm32f4xx_hal_timebase_tim.o
    0x20003d54        -       0x00000068   Zero   RW         1050    .bss                controllertask.o
    0x20003dbc        -       0x0000013c   Zero   RW         1096    .bss                inertialtask.o
    0x20003ef8        -       0x00000020   Zero   RW         1156    .bss                debugtask.o
    0x20003f18        -       0x00000180   Zero   RW         1210    .bss                gimbaltask.o
    0x20004098        -       0x000001e0   Zero   RW         1259    .bss                shootingtask.o
    0x20004278        -       0x0000056c   Zero   RW         1311    .bss                visiontask.o
    0x200047e4        -       0x000000a8   Zero   RW         1364    .bss                fusioninstask.o
    0x2000488c        -       0x000002dc   Zero   RW         1394    .bss                usb_device.o
    0x20004b68        -       0x00000200   Zero   RW         1432    .bss                usbd_desc.o
    0x20004d68        -       0x00001000   Zero   RW         1516    .bss                usbd_cdc_if.o
    0x20005d68        -       0x00000704   Zero   RW         1611    .bss                usbd_conf.o
    0x2000646c        -       0x00000020   Zero   RW         2545    .bss                stm32f4xx_hal_flash.o
    0x2000648c        -       0x0000003a   Zero   RW         5442    .bss                rc_dbus.o
    0x200064c6   COMPRESSED   0x00000002   PAD
    0x200064c8        -       0x0000001c   Zero   RW         5478    .bss                rc_vtm.o
    0x200064e4        -       0x00000060   Zero   RW         5645    .bss                dm4310.o
    0x20006544        -       0x0000002c   Zero   RW         5710    .bss                djimotor.o
    0x20006570        -       0x00000058   Zero   RW         5786    .bss                nuc.o
    0x200065c8        -       0x00000040   Zero   RW         5880    .bss                bmi088driver.o
    0x20006608        -       0x000000f0   Zero   RW         6522    .bss                tasks.o
    0x200066f8        -       0x00004000   Zero   RW         7171    .bss                heap_4.o
    0x2000a6f8        -       0x00000270   Zero   RW         7943    .bss                quaternionekf.o
    0x2000a968        -       0x00000174   Zero   RW         8004    .bss                mousekeyboard.o
    0x2000aadc   COMPRESSED   0x00000004   PAD
    0x2000aae0        -       0x00000400   Zero   RW            1    STACK               startup_stm32f407xx.o


    Execution Region RW_IRAM2 (Exec base: 0x2001c000, Load base: 0x0802cc9c, Size: 0x00000000, Max: 0x00004000, ABSOLUTE)

    **** No section assigned to this execution region ****


==============================================================================

Image component sizes


      Code (inc. data)   RO Data    RW Data    ZI Data      Debug   Object Name

       148         36          0          0          0       1516   arm_cfft_init_f32.o
       380          0          0          0          0       3354   arm_rfft_fast_f32.o
       456         80          0          0          0      13025   arm_rfft_fast_init_f32.o
      2196        104          0         72         64      11234   bmi088driver.o
       100         30          0          4          0       3508   bmi088middleware.o
       160          8          0          0          0        908   boardcommtask.o
       744         92          0          4         80      37986   can.o
        94          6          0          0          0       2403   chassis.o
       246          6          0          0          0      33841   cmsis_os.o
      1068        104          0          4        104       3946   controllertask.o
       248         40         33         12          0       2521   daemontask.o
       104         22          0          0         32       1316   debugtask.o
       482         36          0          0         44       5358   djimotor.o
       176         16          0          0         96       2244   dm4310.o
       140          4          0          0          0        950   dma.o
         0          0          0          0          0      17112   event_groups.o
       236         14        343         36      13640       3877   freertos.o
       448         50          0          0        168       1836   fusioninstask.o
      1328          6          0          0          0       2314   fusionkf.o
       852        128          0          0        384       4064   gimbaltask.o
       356         22          0          0          0       1267   gpio.o
       472         24          0         32      16384       7767   heap_4.o
      1680        138         94          0        316       6097   inertialtask.o
      2222         20          0          4          0       9899   kalmanfilterinertial.o
       138          0          0          0          0       3846   list.o
       254         14          0          0          0     766624   main.o
        16          4          0          0          0        501   misc.o
       292         14          0          0        372       3990   mousekeyboard.o
       588         56          0         12         88       4394   nuc.o
       786         82          0         12          0      12433   port.o
      2776        158        144        212        624       8813   quaternionekf.o
       404         30          0          0         58       2858   rc_dbus.o
        24          4          0          0         28       1603   rc_vtm.o
       724        100          0          0        480       4273   shootingtask.o
       344         32          0          0        280       2111   spi.o
        36          8        392          0       1024        884   startup_stm32f407xx.o
       116         18          0         12          0       9066   stm32f4xx_hal.o
      1636          6          0          0          0      14679   stm32f4xx_hal_can.o
       194         24          0          0          0      33949   stm32f4xx_hal_cortex.o
      1084         16          8          0          0       7790   stm32f4xx_hal_dma.o
       520         66          0          0         32       7138   stm32f4xx_hal_flash.o
       356         24          0          0          0       4242   stm32f4xx_hal_flash_ex.o
       532         52          0          0          0       3612   stm32f4xx_hal_gpio.o
        56          4          0          0          0        966   stm32f4xx_hal_msp.o
      2572         12          0          0          0      14288   stm32f4xx_hal_pcd.o
        78          0          0          0          0       2601   stm32f4xx_hal_pcd_ex.o
      1424         92          0          0          0       6769   stm32f4xx_hal_rcc.o
      1244         20          0          0          0       7622   stm32f4xx_hal_spi.o
      1774        168          0          0          0      14749   stm32f4xx_hal_tim.o
       232         28          0          0          0       3549   stm32f4xx_hal_tim_ex.o
       152         20          0          0         72       1627   stm32f4xx_hal_timebase_tim.o
      1924         44          0          0          0      16254   stm32f4xx_hal_uart.o
       192         84          0          0          0      11438   stm32f4xx_it.o
      2692        116          0          0          0      24720   stm32f4xx_ll_usb.o
         0          0          0          0          0        408   stream_buffer.o
        16          4         24          4          0       1271   system_stm32f4xx.o
      2372        188          0         60        240      28315   tasks.o
       768         90          0          0        288       5463   tim.o
       294          6          0          0          0       3860   universal.o
       206         16          0          0          0       3044   universalfilter.o
       202          4          0          0          0       1855   universalmotor.o
       652         24          0          0          0       3114   universalpid.o
       764         90          0          0        600       4454   usart.o
        84         18          0          0        732        908   usb_device.o
      1278         36          0        139          0      15273   usbd_cdc.o
       140         28          0         20       4096       4360   usbd_cdc_if.o
       642         24          0          0       1796      18192   usbd_conf.o
       924          0          0          0          0      16539   usbd_core.o
      1328         28          0          1          0      15428   usbd_ctlreq.o
       296        112          0         78        512       6681   usbd_desc.o
       132          0          0          0          0       4872   usbd_ioreq.o
      1004        114         41         12       1388       4879   visiontask.o

    ----------------------------------------------------------------------
     48678       3064       1118        736      44028    1314648   Object Totals
         0          0         32          0          0          0   (incl. Generated)
        80          0          7          6          6          0   (incl. Padding)

    ----------------------------------------------------------------------

      Code (inc. data)   RO Data    RW Data    ZI Data      Debug   Library Member Name

        64          0          0          0          0       1216   arm_bitreversal2.o
      1698          0          0          0          0       6287   arm_cfft_f32.o
      1448          8          0          0          0       5155   arm_cfft_radix8_f32.o
       320          0          0          0          0       2006   arm_cmplx_mag_f32.o
         0          0     121820          0          0       4961   arm_common_tables.o
         0          0        144          0          0       3830   arm_const_structs.o
       160         12          0          0          0       1103   arm_cos_f32.o
       190          0          0          0          0       1722   arm_mat_add_f32.o
         8          0          0          0          0        841   arm_mat_init_f32.o
       720          4          0          0          0       3422   arm_mat_inverse_f32.o
       316          4          0          0          0       2322   arm_mat_mult_f32.o
       190          0          0          0          0       1722   arm_mat_sub_f32.o
       178          0          0          0          0       1815   arm_mat_trans_f32.o
       206          0          0          0          0       1173   arm_max_f32.o
       146          0          0          0          0       1013   arm_mult_f32.o
       288         12          0          0          0       1524   arm_sin_cos_f32.o
       280         46          0          0          0        176   acosf.o
       300         42          0          0          0        176   asinf.o
       592         90          0          0          0        184   atan2f.o
       488         62         48          0          0        236   expf.o
       176          0          0          0          0        168   fmodf.o
        38          0          0          0          0        116   fpclassifyf.o
        80         24          0          0          0        696   funder.o
      1636        110        320          0          0        372   powf.o
       340         24         32          0          0        160   rredf.o
       400         56          0          0          0        212   sinf.o
       120          0          0          0          0        272   sqrtf.o
        86          0          0          0          0          0   __dczerorl2.o
         0          0          0          0          0          0   entry.o
         0          0          0          0          0          0   entry10a.o
         0          0          0          0          0          0   entry11a.o
         8          4          0          0          0          0   entry2.o
         4          0          0          0          0          0   entry5.o
         0          0          0          0          0          0   entry7b.o
         0          0          0          0          0          0   entry8b.o
         8          4          0          0          0          0   entry9a.o
        12          6          0          4          0         68   errno.o
        30          0          0          0          0          0   handlers.o
        36          8          0          0          0         68   init.o
         0          0          0          0          0          0   iusefp.o
        30          0          0          0          0         68   llshl.o
        32          0          0          0          0         68   llushr.o
        36          0          0          0          0         68   memcpya.o
        36          0          0          0          0        108   memseta.o
        98          0          0          0          0         92   uldiv.o
       110          0          0          0          0        168   fepilogue.o
         4          0          0          0          0         68   fpstat.o
        82          0          0          0          0         96   frem.o

    ----------------------------------------------------------------------
     11014        516     122366          4          0      43752   Library Totals
        20          0          2          0          0          0   (incl. Padding)

    ----------------------------------------------------------------------

      Code (inc. data)   RO Data    RW Data    ZI Data      Debug   Library Name

      5932         40     121964          0          0      40112   arm_cortexM4lf_math.lib
      4450        454        400          0          0       2768   m_wm.l
       416         22          0          4          0        540   mc_w.l
       196          0          0          0          0        332   mf_w.l

    ----------------------------------------------------------------------
     11014        516     122366          4          0      43752   Library Totals

    ----------------------------------------------------------------------

==============================================================================


      Code (inc. data)   RO Data    RW Data    ZI Data      Debug   

     59692       3580     123484        740      44028    1312612   Grand Totals
     59692       3580     123484        276      44028    1312612   ELF Image Totals (compressed)
     59692       3580     123484        276          0          0   ROM Totals

==============================================================================

    Total RO  Size (Code + RO Data)               183176 ( 178.88kB)
    Total RW  Size (RW Data + ZI Data)             44768 (  43.72kB)
    Total ROM Size (Code + RO Data + RW Data)     183452 ( 179.15kB)

==============================================================================

